C:/ncs/v2.9.0/zephyr/lib/os/cbprintf_packaged.c:179:12:cbprintf_via_va_list	8	static
C:/ncs/v2.9.0/zephyr/lib/os/cbprintf_packaged.c:877:13:is_fmt_spec	0	static
C:/ncs/v2.9.0/zephyr/lib/os/cbprintf_packaged.c:196:15:get_package_len	24	static
C:/ncs/v2.9.0/zephyr/lib/os/cbprintf_packaged.c:223:12:append_string	16	static
C:/ncs/v2.9.0/zephyr/include/zephyr/logging/log_msg.h:705:20:z_log_msg_runtime_create	32	static
C:/ncs/v2.9.0/zephyr/lib/os/cbprintf_packaged.c:233:5:cbvprintf_package	104	static
C:/ncs/v2.9.0/zephyr/lib/os/cbprintf_packaged.c:818:5:cbprintf_package	28	static
C:/ncs/v2.9.0/zephyr/lib/os/cbprintf_packaged.c:830:5:cbpprintf_external	40	static
C:/ncs/v2.9.0/zephyr/lib/os/cbprintf_packaged.c:885:6:is_ptr	24	static
C:/ncs/v2.9.0/zephyr/lib/os/cbprintf_packaged.c:912:5:cbprintf_package_convert	152	static
