C:/ncs/v2.9.0/modules/lib/open-amp/open-amp/lib/include/openamp/virtio.h:307:20:virtio_delete_virtqueues	8	static
C:/ncs/v2.9.0/modules/lib/open-amp/open-amp/lib/include/openamp/virtio.h:337:19:virtio_get_status	8	static
C:/ncs/v2.9.0/modules/lib/open-amp/open-amp/lib/include/openamp/virtio.h:357:19:virtio_set_status	8	static
C:/ncs/v2.9.0/modules/lib/open-amp/open-amp/lib/include/openamp/virtio.h:424:19:virtio_get_features	8	static
C:/ncs/v2.9.0/modules/lib/open-amp/open-amp/lib/rpmsg/rpmsg_virtio.c:256:12:rpmsg_virtio_wait_remote_ready	16	static
C:/ncs/v2.9.0/modules/lib/open-amp/open-amp/lib/rpmsg/rpmsg_virtio.c:288:13:rpmsg_virtio_buf_held_dec_test	8	static
C:/ncs/v2.9.0/modules/lib/open-amp/open-amp/lib/rpmsg/rpmsg_virtio.c:345:12:rpmsg_virtio_notify_wait	8	static
C:/ncs/v2.9.0/modules/lib/open-amp/open-amp/lib/rpmsg/rpmsg_virtio.c:544:13:rpmsg_virtio_tx_callback	0	static
C:/ncs/v2.9.0/nrf/applications/nrf5340_audio/build/nrf5340_audio/modules/libmetal/libmetal/lib/include/metal/system/zephyr/mutex.h:74:20:__metal_mutex_acquire	8	static
C:/ncs/v2.9.0/modules/lib/open-amp/open-amp/lib/rpmsg/rpmsg_virtio.c:694:5:rpmsg_virtio_get_tx_buffer_size	16	static
C:/ncs/v2.9.0/modules/lib/open-amp/open-amp/lib/rpmsg/rpmsg_virtio.c:730:5:rpmsg_virtio_get_rx_buffer_size	16	static
C:/ncs/v2.9.0/modules/lib/open-amp/open-amp/lib/rpmsg/rpmsg_virtio.c:465:12:rpmsg_virtio_release_tx_buffer	24	static
C:/ncs/v2.9.0/modules/lib/open-amp/open-amp/lib/rpmsg/rpmsg_virtio.c:306:13:rpmsg_virtio_hold_rx_buffer	16	static
C:/ncs/v2.9.0/modules/lib/open-amp/open-amp/lib/rpmsg/rpmsg_virtio.c:623:12:rpmsg_virtio_ns_callback	64	static
C:/ncs/v2.9.0/modules/lib/open-amp/open-amp/lib/rpmsg/rpmsg_virtio.c:226:14:rpmsg_virtio_get_rx_buffer	16	static
C:/ncs/v2.9.0/modules/lib/open-amp/open-amp/lib/rpmsg/rpmsg_virtio.c:108:13:rpmsg_virtio_return_buffer	32	static
C:/ncs/v2.9.0/modules/lib/open-amp/open-amp/lib/rpmsg/rpmsg_virtio.c:313:13:rpmsg_virtio_release_rx_buffer_nolock	16	static
C:/ncs/v2.9.0/modules/lib/open-amp/open-amp/lib/rpmsg/rpmsg_virtio.c:556:13:rpmsg_virtio_rx_callback	40	static
C:/ncs/v2.9.0/modules/lib/open-amp/open-amp/lib/rpmsg/rpmsg_virtio.c:330:13:rpmsg_virtio_release_rx_buffer	16	static
C:/ncs/v2.9.0/modules/lib/open-amp/open-amp/lib/rpmsg/rpmsg_virtio.c:146:12:rpmsg_virtio_enqueue_buffer	24	static
C:/ncs/v2.9.0/modules/lib/open-amp/open-amp/lib/rpmsg/rpmsg_virtio.c:415:12:rpmsg_virtio_send_offchannel_nocopy	40	static
C:/ncs/v2.9.0/nrf/applications/nrf5340_audio/build/nrf5340_audio/modules/libmetal/libmetal/lib/include/metal/system/zephyr/sleep.h:25:19:__metal_sleep_usec	8	static
C:/ncs/v2.9.0/modules/lib/open-amp/open-amp/lib/rpmsg/rpmsg_virtio.c:74:1:rpmsg_virtio_shm_pool_get_buffer	4	static
C:/ncs/v2.9.0/modules/lib/open-amp/open-amp/lib/rpmsg/rpmsg_virtio.c:181:14:rpmsg_virtio_get_tx_buffer	24	static
C:/ncs/v2.9.0/modules/lib/open-amp/open-amp/lib/rpmsg/rpmsg_virtio.c:357:14:rpmsg_virtio_get_tx_payload_buffer	32	static
C:/ncs/v2.9.0/modules/lib/open-amp/open-amp/lib/rpmsg/rpmsg_virtio.c:506:12:rpmsg_virtio_send_offchannel_raw	48	static
C:/ncs/v2.9.0/modules/lib/open-amp/open-amp/lib/rpmsg/rpmsg_virtio.c:88:6:rpmsg_virtio_init_shm_pool	0	static
C:/ncs/v2.9.0/modules/lib/open-amp/open-amp/lib/rpmsg/rpmsg_virtio.c:776:5:rpmsg_init_vdev_with_config	80	static
C:/ncs/v2.9.0/modules/lib/open-amp/open-amp/lib/rpmsg/rpmsg_virtio.c:766:5:rpmsg_init_vdev	40	static
C:/ncs/v2.9.0/modules/lib/open-amp/open-amp/lib/rpmsg/rpmsg_virtio.c:948:6:rpmsg_deinit_vdev	8	static
