C:/ncs/v2.9.0/zephyr/kernel/fatal.c:60:20:reason_to_str	0	static
C:/ncs/v2.9.0/zephyr/include/zephyr/logging/log_msg.h:705:20:z_log_msg_runtime_create	32	static
C:/ncs/v2.9.0/zephyr/kernel/fatal.c:49:20:thread_name_get	8	static
C:/ncs/v2.9.0/zephyr/kernel/fatal.c:21:27:arch_system_halt	0	static
C:/ncs/v2.9.0/zephyr/kernel/fatal.c:37:13:k_sys_fatal_error_handler	24	static
C:/ncs/v2.9.0/zephyr/kernel/fatal.c:79:20:k_fatal_halt	8	static
C:/ncs/v2.9.0/zephyr/kernel/fatal.c:85:6:z_fatal_error	48	static
