C:/ncs/v2.9.0/zephyr/kernel/sched.c:351:21:thread_active_elsewhere	0	static
C:/ncs/v2.9.0/zephyr/kernel/sched.c:564:19:pended_on_thread	8	static
C:/ncs/v2.9.0/zephyr/kernel/sched.c:619:20:unpend_thread_no_timeout	8	static
C:/ncs/v2.9.0/zephyr/kernel/include/ksched.h:136:20:z_sched_lock	8	static
C:/ncs/v2.9.0/zephyr/kernel/sched.c:323:13:update_cache	8	static
C:/ncs/v2.9.0/zephyr/kernel/sched.c:571:13:unready_thread	8	static
C:/ncs/v2.9.0/zephyr/kernel/include/kswap.h:205:19:z_swap_irqlock	8	static
C:/ncs/v2.9.0/zephyr/kernel/sched.c:593:13:add_thread_timeout	8	static
C:/ncs/v2.9.0/zephyr/kernel/sched.c:56:9:z_sched_prio_cmp	0	static
C:/ncs/v2.9.0/zephyr/kernel/sched.c:373:13:ready_thread	16	static
C:/ncs/v2.9.0/zephyr/kernel/sched.c:1306:20:unpend_all	16	static
C:/ncs/v2.9.0/zephyr/kernel/sched.c:1330:13:halt_thread	16	static
C:/ncs/v2.9.0/zephyr/kernel/sched.c:435:13:thread_halt_spin	16	static
C:/ncs/v2.9.0/zephyr/kernel/sched.c:580:13:add_to_waitq_locked	16	static
C:/ncs/v2.9.0/zephyr/kernel/sched.c:456:13:z_thread_halt	24	static
C:/ncs/v2.9.0/zephyr/kernel/sched.c:600:13:pend_locked	16	static
C:/ncs/v2.9.0/zephyr/kernel/sched.c:174:6:z_requeue_current	16	static
C:/ncs/v2.9.0/zephyr/kernel/sched.c:290:6:move_thread_to_end_of_prio_q	16	static
C:/ncs/v2.9.0/zephyr/kernel/sched.c:392:6:z_ready_thread_locked	8	static
C:/ncs/v2.9.0/zephyr/kernel/sched.c:399:6:z_ready_thread	16	static
C:/ncs/v2.9.0/zephyr/kernel/sched.c:408:6:z_move_thread_to_end_of_prio_q	16	static
C:/ncs/v2.9.0/zephyr/kernel/sched.c:505:6:z_impl_k_thread_suspend	16	static
C:/ncs/v2.9.0/zephyr/kernel/sched.c:610:6:z_pend_thread	32	static
C:/ncs/v2.9.0/zephyr/kernel/sched.c:626:6:z_unpend_thread_no_timeout	16	static
C:/ncs/v2.9.0/zephyr/kernel/sched.c:635:6:z_sched_wake_thread	24	static
C:/ncs/v2.9.0/zephyr/kernel/sched.c:668:6:z_thread_timeout	8	static
C:/ncs/v2.9.0/zephyr/kernel/sched.c:677:5:z_pend_curr	24	static
C:/ncs/v2.9.0/zephyr/kernel/sched.c:699:18:z_unpend1_no_timeout	24	static
C:/ncs/v2.9.0/zephyr/kernel/sched.c:714:18:z_unpend_first_thread	24	static
C:/ncs/v2.9.0/zephyr/kernel/sched.c:730:6:z_unpend_thread	8	static
C:/ncs/v2.9.0/zephyr/kernel/sched.c:739:6:z_thread_prio_set	32	static
C:/ncs/v2.9.0/zephyr/kernel/sched.c:812:6:z_reschedule	16	static
C:/ncs/v2.9.0/zephyr/kernel/sched.c:415:6:z_sched_start	16	static
C:/ncs/v2.9.0/zephyr/kernel/sched.c:535:6:z_impl_k_thread_resume	16	static
C:/ncs/v2.9.0/zephyr/kernel/sched.c:822:6:z_reschedule_irqlock	8	static
C:/ncs/v2.9.0/zephyr/kernel/include/ksched.h:70:20:z_reschedule_unlocked	8	static
C:/ncs/v2.9.0/zephyr/kernel/sched.c:832:6:k_sched_lock	16	static
C:/ncs/v2.9.0/zephyr/kernel/sched.c:841:6:k_sched_unlock	16	static
C:/ncs/v2.9.0/zephyr/kernel/sched.c:859:18:z_swap_next_thread	0	static
C:/ncs/v2.9.0/zephyr/kernel/sched.c:992:5:z_unpend_all	16	static
C:/ncs/v2.9.0/zephyr/kernel/sched.c:1006:6:init_ready_q	0	static
C:/ncs/v2.9.0/zephyr/kernel/sched.c:1023:6:z_sched_init	8	static
C:/ncs/v2.9.0/zephyr/kernel/sched.c:1034:6:z_impl_k_thread_priority_set	16	static
C:/ncs/v2.9.0/zephyr/kernel/sched.c:1108:6:k_can_yield	8	static
C:/ncs/v2.9.0/zephyr/kernel/sched.c:1114:6:z_impl_k_yield	16	static
C:/ncs/v2.9.0/zephyr/kernel/sched.c:1139:16:z_tick_sleep	32	static
C:/ncs/v2.9.0/zephyr/kernel/sched.c:1181:9:z_impl_k_sleep	8	static
C:/ncs/v2.9.0/zephyr/kernel/sched.c:1217:9:z_impl_k_usleep	8	static
C:/ncs/v2.9.0/zephyr/kernel/sched.c:1241:6:z_impl_k_wakeup	16	static
C:/ncs/v2.9.0/zephyr/kernel/sched.c:1280:9:z_impl_k_sched_current_thread_query	0	static
C:/ncs/v2.9.0/zephyr/kernel/sched.c:1424:6:z_thread_abort	16	static
C:/ncs/v2.9.0/zephyr/kernel/sched.c:1456:5:z_impl_k_thread_join	24	static
C:/ncs/v2.9.0/zephyr/kernel/sched.c:1545:6:z_sched_wake	32	static
C:/ncs/v2.9.0/zephyr/kernel/sched.c:1567:5:z_sched_wait	16	static
C:/ncs/v2.9.0/zephyr/kernel/sched.c:1578:5:z_sched_waitq_walk	32	static
