C:/ncs/v2.9.0/zephyr/include/zephyr/sys/slist.h:365:1:sys_slist_insert	0	static
C:/ncs/v2.9.0/zephyr/include/zephyr/sys/slist.h:408:1:sys_slist_remove	0	static
C:/ncs/v2.9.0/zephyr/include/zephyr/sys/slist.h:450:1:sys_slist_find_and_remove	8	static
C:/ncs/v2.9.0/zephyr/kernel/work.c:66:13:handle_flush	0	static
C:/ncs/v2.9.0/zephyr/kernel/work.c:218:20:queue_remove_locked	8	static
C:/ncs/v2.9.0/zephyr/kernel/work.c:508:12:cancel_async_locked	8	static
C:/ncs/v2.9.0/zephyr/kernel/work.c:237:20:notify_queue_locked	8	static
C:/ncs/v2.9.0/zephyr/kernel/work.c:267:19:queue_submit_locked	16	static
C:/ncs/v2.9.0/zephyr/kernel/work.c:327:12:submit_to_queue_locked	16	static
C:/ncs/v2.9.0/zephyr/kernel/work.c:833:13:work_timeout	24	static
C:/ncs/v2.9.0/zephyr/kernel/include/ksched.h:70:20:z_reschedule_unlocked	8	static
C:/ncs/v2.9.0/zephyr/kernel/work.c:87:20:init_work_cancel	16	static
C:/ncs/v2.9.0/zephyr/kernel/work.c:544:13:cancel_sync_locked	8	static
C:/ncs/v2.9.0/zephyr/kernel/work.c:105:13:finalize_flush_locked	8	static
C:/ncs/v2.9.0/zephyr/kernel/work.c:125:13:finalize_cancel_locked	8	static
C:/ncs/v2.9.0/zephyr/kernel/work.c:616:13:work_queue_main	40	static
C:/ncs/v2.9.0/zephyr/kernel/work.c:910:12:schedule_for_queue_locked	8	static
C:/ncs/v2.9.0/zephyr/kernel/work.c:942:20:unschedule_locked	8	static
C:/ncs/v2.9.0/zephyr/kernel/work.c:970:12:cancel_delayable_async_locked	8	static
C:/ncs/v2.9.0/zephyr/kernel/work.c:150:6:k_work_init	8	static
C:/ncs/v2.9.0/zephyr/kernel/work.c:68:20:init_flusher	8	static
C:/ncs/v2.9.0/zephyr/kernel/work.c:187:13:queue_flusher_locked	24	static
C:/ncs/v2.9.0/zephyr/kernel/work.c:447:13:work_flush_locked	16	static
C:/ncs/v2.9.0/zephyr/kernel/work.c:166:5:k_work_busy_get	16	static
C:/ncs/v2.9.0/zephyr/kernel/work.c:385:5:z_work_submit_to_queue	24	static
C:/ncs/v2.9.0/zephyr/kernel/work.c:400:5:k_work_submit_to_queue	8	static
C:/ncs/v2.9.0/zephyr/kernel/work.c:421:5:k_work_submit	8	static
C:/ncs/v2.9.0/zephyr/kernel/work.c:465:6:k_work_flush	24	static
C:/ncs/v2.9.0/zephyr/kernel/work.c:560:5:k_work_cancel	16	static
C:/ncs/v2.9.0/zephyr/kernel/work.c:577:6:k_work_cancel_sync	24	static
C:/ncs/v2.9.0/zephyr/kernel/work.c:718:6:k_work_queue_init	8	static
C:/ncs/v2.9.0/zephyr/kernel/work.c:729:6:k_work_queue_start	48	static
C:/ncs/v2.9.0/zephyr/kernel/work.c:773:5:k_work_queue_drain	32	static
C:/ncs/v2.9.0/zephyr/kernel/work.c:805:5:k_work_queue_unplug	16	static
C:/ncs/v2.9.0/zephyr/kernel/work.c:856:6:k_work_init_delayable	16	static
C:/ncs/v2.9.0/zephyr/kernel/work.c:878:5:k_work_delayable_busy_get	16	static
C:/ncs/v2.9.0/zephyr/kernel/work.c:977:5:k_work_schedule_for_queue	32	static
C:/ncs/v2.9.0/zephyr/kernel/work.c:1001:5:k_work_schedule	8	static
C:/ncs/v2.9.0/zephyr/kernel/work.c:1013:5:k_work_reschedule_for_queue	32	static
C:/ncs/v2.9.0/zephyr/kernel/work.c:1037:5:k_work_reschedule	8	static
C:/ncs/v2.9.0/zephyr/kernel/work.c:1049:5:k_work_cancel_delayable	16	static
C:/ncs/v2.9.0/zephyr/kernel/work.c:1065:6:k_work_cancel_delayable_sync	24	static
C:/ncs/v2.9.0/zephyr/kernel/work.c:1097:6:k_work_flush_delayable	32	static
