C:/ncs/v2.9.0/zephyr/drivers/disk/sdmmc_subsys.c:118:12:disk_sdmmc_init	8	static
C:/ncs/v2.9.0/zephyr/drivers/disk/sdmmc_subsys.c:78:12:disk_sdmmc_access_write	8	static
C:/ncs/v2.9.0/zephyr/drivers/disk/sdmmc_subsys.c:69:12:disk_sdmmc_access_read	8	static
C:/ncs/v2.9.0/zephyr/drivers/disk/sdmmc_subsys.c:53:12:disk_sdmmc_access_status	8	static
C:/ncs/v2.9.0/zephyr/drivers/disk/sdmmc_subsys.c:33:12:disk_sdmmc_access_init	16	static
C:/ncs/v2.9.0/zephyr/drivers/disk/sdmmc_subsys.c:87:12:disk_sdmmc_access_ioctl	8	static
