C:/ncs/v2.9.0/zephyr/include/zephyr/drivers/gpio.h:1717:19:gpio_add_callback	8	static
C:/ncs/v2.9.0/zephyr/include/zephyr/drivers/spi.h:794:19:spi_transceive_dt	8	static
C:/ncs/v2.9.0/zephyr/include/zephyr/drivers/spi.h:878:19:spi_write_dt	8	static
C:/ncs/v2.9.0/nrf/applications/nrf5340_audio/src/drivers/cs47l63_comm.c:117:13:notification_callback	0	static
C:/ncs/v2.9.0/nrf/applications/nrf5340_audio/src/drivers/cs47l63_comm.c:309:17:cs47l63_comm_set_supply	0	static
C:/ncs/v2.9.0/zephyr/include/zephyr/drivers/spi.h:727:20:spi_is_ready_dt	8	static
C:/ncs/v2.9.0/zephyr/include/zephyr/drivers/gpio.h:965:19:z_impl_gpio_pin_configure	24	static
C:/ncs/v2.9.0/zephyr/include/zephyr/drivers/gpio.h:1028:19:gpio_pin_configure_dt	8	static
C:/ncs/v2.9.0/zephyr/include/zephyr/drivers/gpio.h:1576:19:gpio_pin_set_raw	8	static
C:/ncs/v2.9.0/zephyr/include/zephyr/drivers/gpio.h:1616:19:gpio_pin_set	16	static
C:/ncs/v2.9.0/zephyr/include/zephyr/drivers/gpio.h:866:19:z_impl_gpio_pin_interrupt_configure	16	static
C:/ncs/v2.9.0/nrf/applications/nrf5340_audio/src/drivers/cs47l63_comm.c:275:17:cs47l63_comm_gpio_cb_register	8	static
C:/ncs/v2.9.0/zephyr/include/zephyr/logging/log_msg.h:705:20:z_log_msg_runtime_create	32	static
C:/ncs/v2.9.0/nrf/applications/nrf5340_audio/src/drivers/cs47l63_comm.c:371:13:cs47l63_comm_thread	24	static
C:/ncs/v2.9.0/nrf/applications/nrf5340_audio/src/drivers/cs47l63_comm.c:364:17:cs47l63_comm_spi_restore_speed	24	static
C:/ncs/v2.9.0/nrf/applications/nrf5340_audio/src/drivers/cs47l63_comm.c:358:17:cs47l63_comm_spi_throttle_speed	24	static
C:/ncs/v2.9.0/nrf/applications/nrf5340_audio/src/drivers/cs47l63_comm.c:352:17:cs47l63_comm_disable_irq	24	static
C:/ncs/v2.9.0/nrf/applications/nrf5340_audio/src/drivers/cs47l63_comm.c:346:17:cs47l63_comm_enable_irq	24	static
C:/ncs/v2.9.0/nrf/applications/nrf5340_audio/src/drivers/cs47l63_comm.c:338:17:cs47l63_comm_i2c_db_write	24	static
C:/ncs/v2.9.0/nrf/applications/nrf5340_audio/src/drivers/cs47l63_comm.c:331:17:cs47l63_comm_i2c_write	24	static
C:/ncs/v2.9.0/nrf/applications/nrf5340_audio/src/drivers/cs47l63_comm.c:322:17:cs47l63_comm_i2c_read_repeated_start	24	static
C:/ncs/v2.9.0/nrf/applications/nrf5340_audio/src/drivers/cs47l63_comm.c:316:17:cs47l63_comm_i2c_reset	24	static
C:/ncs/v2.9.0/nrf/applications/nrf5340_audio/src/drivers/cs47l63_comm.c:260:17:cs47l63_comm_gpio_set	24	static
C:/ncs/v2.9.0/nrf/applications/nrf5340_audio/src/drivers/cs47l63_comm.c:125:12:spi_mutex_lock	24	static
C:/ncs/v2.9.0/nrf/applications/nrf5340_audio/src/drivers/cs47l63_comm.c:147:12:spi_mutex_unlock	24	static
C:/ncs/v2.9.0/nrf/applications/nrf5340_audio/src/drivers/cs47l63_comm.c:220:17:cs47l63_comm_reg_write	64	static
C:/ncs/v2.9.0/nrf/applications/nrf5340_audio/src/drivers/cs47l63_comm.c:180:17:cs47l63_comm_reg_read	64	static
C:/ncs/v2.9.0/zephyr/include/zephyr/kernel.h:566:23:k_msleep	8	static
C:/ncs/v2.9.0/nrf/applications/nrf5340_audio/src/drivers/cs47l63_comm.c:297:17:cs47l63_comm_timer_set	24	static
C:/ncs/v2.9.0/nrf/applications/nrf5340_audio/src/drivers/cs47l63_comm.c:169:13:cs47l63_comm_pin_int_handler	8	static
C:/ncs/v2.9.0/nrf/applications/nrf5340_audio/src/drivers/cs47l63_comm.c:74:6:configure_gpio_pin	8	static
C:/ncs/v2.9.0/nrf/applications/nrf5340_audio/src/drivers/cs47l63_comm.c:391:5:cs47l63_comm_init	88	static
