C:/ncs/v2.9.0/zephyr/subsys/fs/fat_fs.c:33:12:translate_error	0	static
C:/ncs/v2.9.0/zephyr/subsys/fs/fat_fs.c:72:12:translate_disk_error	0	static
C:/ncs/v2.9.0/zephyr/subsys/fs/fat_fs.c:100:16:translate_flags	0	static
C:/ncs/v2.9.0/zephyr/subsys/fs/fat_fs.c:266:14:fatfs_tell	0	static
C:/ncs/v2.9.0/zephyr/subsys/fs/fat_fs.c:560:12:fatfs_init	8	static
C:/ncs/v2.9.0/zephyr/subsys/fs/fat_fs.c:92:20:translate_path	8	static
C:/ncs/v2.9.0/zephyr/subsys/fs/fat_fs.c:414:12:fatfs_statvfs	16	static
C:/ncs/v2.9.0/zephyr/subsys/fs/fat_fs.c:397:12:fatfs_stat	304	static
C:/ncs/v2.9.0/zephyr/subsys/fs/fat_fs.c:333:12:fatfs_mkdir	8	static
C:/ncs/v2.9.0/zephyr/subsys/fs/fat_fs.c:156:12:fatfs_unlink	8	static
C:/ncs/v2.9.0/zephyr/subsys/fs/fat_fs.c:169:12:fatfs_rename	304	static
C:/ncs/v2.9.0/zephyr/include/zephyr/logging/log_msg.h:705:20:z_log_msg_runtime_create	32	static
C:/ncs/v2.9.0/zephyr/subsys/fs/fat_fs.c:486:12:fatfs_unmount	40	static
C:/ncs/v2.9.0/zephyr/subsys/fs/fat_fs.c:447:12:fatfs_mount	544	static
C:/ncs/v2.9.0/zephyr/subsys/fs/fat_fs.c:385:12:fatfs_closedir	16	static
C:/ncs/v2.9.0/zephyr/subsys/fs/fat_fs.c:367:12:fatfs_readdir	304	static
C:/ncs/v2.9.0/zephyr/subsys/fs/fat_fs.c:345:12:fatfs_opendir	24	static
C:/ncs/v2.9.0/zephyr/subsys/fs/fat_fs.c:143:12:fatfs_close	16	static
C:/ncs/v2.9.0/zephyr/subsys/fs/fat_fs.c:322:12:fatfs_sync	8	static
C:/ncs/v2.9.0/zephyr/subsys/fs/fat_fs.c:238:12:fatfs_seek	8	static
C:/ncs/v2.9.0/zephyr/subsys/fs/fat_fs.c:271:12:fatfs_truncate	24	static
C:/ncs/v2.9.0/zephyr/subsys/fs/fat_fs.c:206:16:fatfs_write	24	static
C:/ncs/v2.9.0/zephyr/subsys/fs/fat_fs.c:193:16:fatfs_read	16	static
C:/ncs/v2.9.0/zephyr/subsys/fs/fat_fs.c:117:12:fatfs_open	32	static
