C:/ncs/v2.9.0/zephyr/subsys/fs/fs.c:44:12:registry_add	0	static
C:/ncs/v2.9.0/zephyr/subsys/fs/fs.c:63:31:registry_find	0	static
C:/ncs/v2.9.0/zephyr/subsys/fs/fs.c:75:39:fs_type_get	8	static
C:/ncs/v2.9.0/zephyr/subsys/fs/fs.c:82:12:fs_get_mnt_point	40	static
C:/ncs/v2.9.0/zephyr/include/zephyr/logging/log_msg.h:705:20:z_log_msg_runtime_create	32	static
C:/ncs/v2.9.0/zephyr/subsys/fs/fs.c:133:5:fs_open	48	static
C:/ncs/v2.9.0/zephyr/subsys/fs/fs.c:201:5:fs_close	32	static
C:/ncs/v2.9.0/zephyr/subsys/fs/fs.c:224:9:fs_read	24	static
C:/ncs/v2.9.0/zephyr/subsys/fs/fs.c:244:9:fs_write	24	static
C:/ncs/v2.9.0/zephyr/subsys/fs/fs.c:264:5:fs_seek	24	static
C:/ncs/v2.9.0/zephyr/subsys/fs/fs.c:284:7:fs_tell	24	static
C:/ncs/v2.9.0/zephyr/subsys/fs/fs.c:304:5:fs_truncate	24	static
C:/ncs/v2.9.0/zephyr/subsys/fs/fs.c:324:5:fs_sync	24	static
C:/ncs/v2.9.0/zephyr/subsys/fs/fs.c:345:5:fs_opendir	48	static
C:/ncs/v2.9.0/zephyr/subsys/fs/fs.c:394:5:fs_readdir	40	static
C:/ncs/v2.9.0/zephyr/subsys/fs/fs.c:475:5:fs_closedir	32	static
C:/ncs/v2.9.0/zephyr/subsys/fs/fs.c:501:5:fs_mkdir	40	static
C:/ncs/v2.9.0/zephyr/subsys/fs/fs.c:534:5:fs_unlink	40	static
C:/ncs/v2.9.0/zephyr/subsys/fs/fs.c:567:5:fs_rename	40	static
C:/ncs/v2.9.0/zephyr/subsys/fs/fs.c:607:5:fs_stat	40	static
C:/ncs/v2.9.0/zephyr/subsys/fs/fs.c:637:5:fs_statvfs	40	static
C:/ncs/v2.9.0/zephyr/subsys/fs/fs.c:666:5:fs_mount	40	static
C:/ncs/v2.9.0/zephyr/subsys/fs/fs.c:791:5:fs_unmount	32	static
C:/ncs/v2.9.0/zephyr/subsys/fs/fs.c:830:5:fs_readmount	16	static
C:/ncs/v2.9.0/zephyr/subsys/fs/fs.c:863:5:fs_register	16	static
C:/ncs/v2.9.0/zephyr/subsys/fs/fs.c:883:5:fs_unregister	16	static
