C:/ncs/v2.9.0/zephyr/include/zephyr/pm/device.h:716:19:pm_device_driver_init	16	static
C:/ncs/v2.9.0/zephyr/include/zephyr/drivers/pinctrl.h:344:19:pinctrl_apply_state	16	static
C:/ncs/v2.9.0/zephyr/drivers/i2c/i2c_nrfx_twim_common.c:105:5:twim_nrfx_pm_action	8	static
C:/ncs/v2.9.0/zephyr/include/zephyr/logging/log_msg.h:705:20:z_log_msg_runtime_create	32	static
C:/ncs/v2.9.0/zephyr/drivers/i2c/i2c_nrfx_twim_common.c:17:5:i2c_nrfx_twim_recover_bus	16	static
C:/ncs/v2.9.0/zephyr/drivers/i2c/i2c_nrfx_twim_common.c:45:5:i2c_nrfx_twim_configure	24	static
C:/ncs/v2.9.0/zephyr/drivers/i2c/i2c_nrfx_twim_common.c:73:5:i2c_nrfx_twim_msg_transfer	56	static
C:/ncs/v2.9.0/zephyr/drivers/i2c/i2c_nrfx_twim_common.c:125:5:i2c_nrfx_twim_common_init	32	static
