C:/ncs/v2.9.0/nrf/applications/nrf5340_audio/src/audio/audio_datapath.c:167:12:filled_blocks_get	0	static
C:/ncs/v2.9.0/nrf/applications/nrf5340_audio/src/audio/audio_datapath.c:193:16:err_us_calculate	8	static
C:/ncs/v2.9.0/nrf/applications/nrf5340_audio/src/audio/audio_datapath.c:220:13:hfclkaudio_set	0	static
C:/ncs/v2.9.0/nrf/applications/nrf5340_audio/src/audio/audio_datapath.c:581:12:alt_buffer_get	0	static
C:/ncs/v2.9.0/nrf/applications/nrf5340_audio/src/audio/audio_datapath.c:602:13:alt_buffer_free	0	static
C:/ncs/v2.9.0/nrf/applications/nrf5340_audio/src/audio/audio_datapath.c:614:13:alt_buffer_free_both	0	static
C:/ncs/v2.9.0/nrf/applications/nrf5340_audio/src/audio/audio_datapath.c:853:13:audio_datapath_sdu_ref_update	0	static
C:/ncs/v2.9.0/nrf/applications/nrf5340_audio/src/audio/audio_datapath.c:497:13:tone_stop_worker	8	static
C:/ncs/v2.9.0/nrf/applications/nrf5340_audio/src/audio/audio_datapath.c:506:13:tone_stop_timer_handler	8	static
C:/ncs/v2.9.0/zephyr/include/zephyr/logging/log_msg.h:705:20:z_log_msg_runtime_create	32	static
C:/ncs/v2.9.0/nrf/applications/nrf5340_audio/src/audio/audio_datapath.c:230:13:drift_comp_state_set	24	static
C:/ncs/v2.9.0/nrf/applications/nrf5340_audio/src/audio/audio_datapath.c:248:13:audio_datapath_drift_compensation	16	static
C:/ncs/v2.9.0/nrf/applications/nrf5340_audio/src/audio/audio_datapath.c:345:13:pres_comp_state_set	32	static
C:/ncs/v2.9.0/nrf/applications/nrf5340_audio/src/audio/audio_datapath.c:374:13:audio_datapath_presentation_compensation	40	static
C:/ncs/v2.9.0/nrf/applications/nrf5340_audio/src/audio/audio_datapath.c:743:13:audio_datapath_i2s_start	56	static
C:/ncs/v2.9.0/nrf/applications/nrf5340_audio/src/audio/audio_datapath.c:787:13:audio_datapath_i2s_stop	8	static
C:/ncs/v2.9.0/nrf/applications/nrf5340_audio/src/audio/audio_datapath.c:548:13:tone_mix	128	static
C:/ncs/v2.9.0/nrf/applications/nrf5340_audio/src/audio/audio_datapath.c:630:13:audio_datapath_i2s_blk_complete	56	static
C:/ncs/v2.9.0/nrf/applications/nrf5340_audio/src/audio/audio_datapath.c:1186:12:cmd_audio_pres_comp_disable	16	static
C:/ncs/v2.9.0/nrf/applications/nrf5340_audio/src/audio/audio_datapath.c:1170:12:cmd_audio_pres_comp_enable	8	static
C:/ncs/v2.9.0/nrf/applications/nrf5340_audio/src/audio/audio_datapath.c:1151:12:cmd_hfclkaudio_drift_comp_disable	8	static
C:/ncs/v2.9.0/nrf/applications/nrf5340_audio/src/audio/audio_datapath.c:1138:12:cmd_hfclkaudio_drift_comp_enable	8	static
C:/ncs/v2.9.0/nrf/applications/nrf5340_audio/src/audio/audio_datapath.c:513:5:audio_datapath_tone_play	24	static
C:/ncs/v2.9.0/nrf/applications/nrf5340_audio/src/audio/audio_datapath.c:542:6:audio_datapath_tone_stop	8	static
C:/ncs/v2.9.0/nrf/applications/nrf5340_audio/src/audio/audio_datapath.c:1126:12:cmd_i2s_tone_stop	8	static
C:/ncs/v2.9.0/nrf/applications/nrf5340_audio/src/audio/audio_datapath.c:1074:12:cmd_i2s_tone_play	48	static
C:/ncs/v2.9.0/nrf/applications/nrf5340_audio/src/audio/audio_datapath.c:881:5:audio_datapath_pres_delay_us_set	24	static
C:/ncs/v2.9.0/nrf/applications/nrf5340_audio/src/audio/audio_datapath.c:896:6:audio_datapath_pres_delay_us_get	0	static
C:/ncs/v2.9.0/nrf/applications/nrf5340_audio/src/audio/audio_datapath.c:901:6:audio_datapath_stream_out	64	static
C:/ncs/v2.9.0/nrf/applications/nrf5340_audio/src/audio/audio_datapath.c:1010:5:audio_datapath_start	24	static
C:/ncs/v2.9.0/nrf/applications/nrf5340_audio/src/audio/audio_datapath.c:1034:5:audio_datapath_stop	16	static
C:/ncs/v2.9.0/nrf/applications/nrf5340_audio/src/audio/audio_datapath.c:1050:5:audio_datapath_init	8	static
