C:/ncs/v2.9.0/nrf/applications/nrf5340_audio/build/nrf5340_audio/modules/libmetal/libmetal/lib/include/metal/io.h:161:1:metal_io_phys	8	static
C:/ncs/v2.9.0/nrf/applications/nrf5340_audio/build/nrf5340_audio/modules/libmetal/libmetal/lib/include/metal/io.h:182:1:metal_io_phys_to_offset	16	static
C:/ncs/v2.9.0/nrf/applications/nrf5340_audio/build/nrf5340_audio/modules/libmetal/libmetal/lib/include/metal/io.h:206:1:metal_io_phys_to_virt	8	static
C:/ncs/v2.9.0/nrf/applications/nrf5340_audio/build/nrf5340_audio/modules/libmetal/libmetal/lib/include/metal/io.h:219:1:metal_io_virt_to_phys	8	static
C:/ncs/v2.9.0/modules/lib/open-amp/open-amp/lib/virtio/virtqueue.c:385:17:vq_ring_add_buffer	40	static
C:/ncs/v2.9.0/modules/lib/open-amp/open-amp/lib/virtio/virtqueue.c:434:13:vq_ring_free_chain	8	static
C:/ncs/v2.9.0/modules/lib/open-amp/open-amp/lib/virtio/virtqueue.c:478:13:vq_ring_init	4	static
C:/ncs/v2.9.0/modules/lib/open-amp/open-amp/lib/virtio/virtqueue.c:608:12:vq_ring_must_notify	0	static
C:/ncs/v2.9.0/modules/lib/open-amp/open-amp/lib/virtio/virtqueue.c:656:13:vq_ring_notify	8	static
C:/ncs/v2.9.0/modules/lib/open-amp/open-amp/lib/virtio/virtqueue.c:667:12:virtqueue_nused	0	static
C:/ncs/v2.9.0/modules/lib/open-amp/open-amp/lib/virtio/virtqueue.c:686:12:virtqueue_navail	0	static
C:/ncs/v2.9.0/modules/lib/open-amp/open-amp/lib/virtio/virtqueue.c:502:13:vq_ring_update_avail	0	static
C:/ncs/v2.9.0/modules/lib/open-amp/open-amp/lib/virtio/virtqueue.c:538:12:vq_ring_enable_interrupt	16	static
C:/ncs/v2.9.0/modules/lib/open-amp/open-amp/lib/virtio/virtqueue.c:45:5:virtqueue_create	8	static
C:/ncs/v2.9.0/modules/lib/open-amp/open-amp/lib/virtio/virtqueue.c:80:5:virtqueue_add_buffer	32	static
C:/ncs/v2.9.0/modules/lib/open-amp/open-amp/lib/virtio/virtqueue.c:135:7:virtqueue_get_buffer	24	static
C:/ncs/v2.9.0/modules/lib/open-amp/open-amp/lib/virtio/virtqueue.c:174:10:virtqueue_get_buffer_length	0	static
C:/ncs/v2.9.0/modules/lib/open-amp/open-amp/lib/virtio/virtqueue.c:182:7:virtqueue_get_buffer_addr	8	static
C:/ncs/v2.9.0/modules/lib/open-amp/open-amp/lib/virtio/virtqueue.c:190:6:virtqueue_free	8	static
C:/ncs/v2.9.0/modules/lib/open-amp/open-amp/lib/virtio/virtqueue.c:203:7:virtqueue_get_available_buffer	24	static
C:/ncs/v2.9.0/modules/lib/open-amp/open-amp/lib/virtio/virtqueue.c:234:5:virtqueue_add_consumed_buffer	4	static
C:/ncs/v2.9.0/modules/lib/open-amp/open-amp/lib/virtio/virtqueue.c:271:5:virtqueue_enable_cb	8	static
C:/ncs/v2.9.0/modules/lib/open-amp/open-amp/lib/virtio/virtqueue.c:276:6:virtqueue_disable_cb	0	static
C:/ncs/v2.9.0/modules/lib/open-amp/open-amp/lib/virtio/virtqueue.c:309:6:virtqueue_kick	8	static
C:/ncs/v2.9.0/modules/lib/open-amp/open-amp/lib/virtio/virtqueue.c:324:6:virtqueue_dump	64	static
C:/ncs/v2.9.0/modules/lib/open-amp/open-amp/lib/virtio/virtqueue.c:343:10:virtqueue_get_desc_size	0	static
C:/ncs/v2.9.0/modules/lib/open-amp/open-amp/lib/virtio/virtqueue.c:596:6:virtqueue_notification	8	static
