C:/ncs/v2.9.0/zephyr/include/zephyr/drivers/i2c.h:793:19:z_impl_i2c_transfer	8	static
C:/ncs/v2.9.0/zephyr/include/zephyr/drivers/i2c.h:1268:19:i2c_write	24	static
C:/ncs/v2.9.0/zephyr/include/zephyr/drivers/i2c.h:1362:19:i2c_write_read	32	static
C:/ncs/v2.9.0/zephyr/include/zephyr/drivers/i2c.h:1448:19:i2c_burst_read_dt	24	static
C:/ncs/v2.9.0/zephyr/drivers/sensor/ti/ina23x/ina23x_common.c:11:5:ina23x_reg_read_24	16	static
C:/ncs/v2.9.0/zephyr/drivers/sensor/ti/ina23x/ina23x_common.c:26:5:ina23x_reg_read_16	16	static
C:/ncs/v2.9.0/zephyr/drivers/sensor/ti/ina23x/ina23x_common.c:41:5:ina23x_reg_write	16	static
