C:/ncs/v2.9.0/zephyr/subsys/fs/nvs/nvs.c:191:12:nvs_flash_rd	16	static
C:/ncs/v2.9.0/zephyr/subsys/fs/nvs/nvs.c:268:12:nvs_flash_ate_rd	8	static
C:/ncs/v2.9.0/zephyr/subsys/fs/nvs/nvs.c:314:12:nvs_flash_cmp_const	64	static
C:/ncs/v2.9.0/zephyr/subsys/fs/nvs/nvs.c:433:12:nvs_ate_cmp_const	0	static
C:/ncs/v2.9.0/zephyr/subsys/fs/nvs/nvs.c:621:13:nvs_sector_advance	0	static
C:/ncs/v2.9.0/zephyr/include/zephyr/logging/log_msg.h:705:20:z_log_msg_runtime_create	32	static
C:/ncs/v2.9.0/zephyr/subsys/fs/nvs/nvs.c:377:12:nvs_flash_erase_sector	16	static
C:/ncs/v2.9.0/zephyr/subsys/fs/nvs/nvs.c:419:12:nvs_ate_crc8_check	8	static
C:/ncs/v2.9.0/zephyr/subsys/fs/nvs/nvs.c:451:12:nvs_ate_valid	16	static
C:/ncs/v2.9.0/zephyr/subsys/fs/nvs/nvs.c:531:12:nvs_recover_last_ate	32	static
C:/ncs/v2.9.0/zephyr/subsys/fs/nvs/nvs.c:473:12:nvs_close_ate_valid	16	static
C:/ncs/v2.9.0/zephyr/subsys/fs/nvs/nvs.c:566:12:nvs_prev_ate	32	static
C:/ncs/v2.9.0/zephyr/subsys/fs/nvs/nvs.c:408:13:nvs_ate_crc8_update	8	static
C:/ncs/v2.9.0/zephyr/subsys/fs/nvs/nvs.c:148:12:nvs_flash_al_wrt	64	static
C:/ncs/v2.9.0/zephyr/subsys/fs/nvs/nvs.c:224:12:nvs_flash_data_wrt	16	static
C:/ncs/v2.9.0/zephyr/subsys/fs/nvs/nvs.c:346:12:nvs_flash_block_move	56	static
C:/ncs/v2.9.0/zephyr/subsys/fs/nvs/nvs.c:206:12:nvs_flash_ate_wrt	8	static
C:/ncs/v2.9.0/zephyr/subsys/fs/nvs/nvs.c:658:12:nvs_add_gc_done_ate	16	static
C:/ncs/v2.9.0/zephyr/subsys/fs/nvs/nvs.c:676:12:nvs_gc	64	static
C:/ncs/v2.9.0/zephyr/subsys/fs/nvs/nvs.c:491:12:nvs_flash_wrt_entry	16	static
C:/ncs/v2.9.0/zephyr/subsys/fs/nvs/nvs.c:632:12:nvs_sector_close	24	static
C:/ncs/v2.9.0/zephyr/subsys/fs/nvs/nvs.c:799:12:nvs_startup	56	static
C:/ncs/v2.9.0/zephyr/subsys/fs/nvs/nvs.c:282:12:nvs_flash_block_cmp	64	static
C:/ncs/v2.9.0/zephyr/subsys/fs/nvs/nvs.c:1020:5:nvs_clear	32	static
C:/ncs/v2.9.0/zephyr/subsys/fs/nvs/nvs.c:1044:5:nvs_mount	40	static
C:/ncs/v2.9.0/zephyr/subsys/fs/nvs/nvs.c:1103:9:nvs_write	80	static
C:/ncs/v2.9.0/zephyr/subsys/fs/nvs/nvs.c:1235:5:nvs_delete	8	static
C:/ncs/v2.9.0/zephyr/subsys/fs/nvs/nvs.c:1240:9:nvs_read_hist	64	static
C:/ncs/v2.9.0/zephyr/subsys/fs/nvs/nvs.c:1335:9:nvs_read	16	static
C:/ncs/v2.9.0/zephyr/subsys/fs/nvs/nvs.c:1343:9:nvs_calc_free_space	56	static
C:/ncs/v2.9.0/zephyr/subsys/fs/nvs/nvs.c:1408:8:nvs_sector_max_data_size	24	static
C:/ncs/v2.9.0/zephyr/subsys/fs/nvs/nvs.c:1422:5:nvs_sector_use_next	32	static
