C:/ncs/v2.9.0/zephyr/include/zephyr/logging/log_msg.h:705:20:z_log_msg_runtime_create	32	static
C:/ncs/v2.9.0/nrf/applications/nrf5340_audio/src/bluetooth/bt_rendering_and_capture/bt_rendering_and_capture.c:23:5:bt_r_and_c_volume_up	8	static
C:/ncs/v2.9.0/nrf/applications/nrf5340_audio/src/bluetooth/bt_rendering_and_capture/bt_rendering_and_capture.c:44:5:bt_r_and_c_volume_down	8	static
C:/ncs/v2.9.0/nrf/applications/nrf5340_audio/src/bluetooth/bt_rendering_and_capture/bt_rendering_and_capture.c:65:5:bt_r_and_c_volume_set	16	static
C:/ncs/v2.9.0/nrf/applications/nrf5340_audio/src/bluetooth/bt_rendering_and_capture/bt_rendering_and_capture.c:87:5:bt_r_and_c_volume_mute	16	static
C:/ncs/v2.9.0/nrf/applications/nrf5340_audio/src/bluetooth/bt_rendering_and_capture/bt_rendering_and_capture.c:108:5:bt_r_and_c_volume_unmute	8	static
C:/ncs/v2.9.0/nrf/applications/nrf5340_audio/src/bluetooth/bt_rendering_and_capture/bt_rendering_and_capture.c:129:5:bt_r_and_c_discover	0	static
C:/ncs/v2.9.0/nrf/applications/nrf5340_audio/src/bluetooth/bt_rendering_and_capture/bt_rendering_and_capture.c:146:5:bt_r_and_c_uuid_populate	8	static
C:/ncs/v2.9.0/nrf/applications/nrf5340_audio/src/bluetooth/bt_rendering_and_capture/bt_rendering_and_capture.c:161:5:bt_r_and_c_init	24	static
