C:/ncs/v2.9.0/modules/hal/nordic/nrfx/hal/nrf_saadc.h:1156:24:nrf_saadc_channel_init	0	static
C:/ncs/v2.9.0/zephyr/drivers/adc/adc_nrfx_saadc.c:108:17:samples_to_bytes	0	static
C:/ncs/v2.9.0/zephyr/drivers/adc/adc_nrfx_saadc.c:118:12:adc_convert_acq_time	0	static
C:/ncs/v2.9.0/zephyr/drivers/adc/adc_nrfx_saadc.c:316:13:adc_context_start_sampling	0	static
C:/ncs/v2.9.0/zephyr/drivers/adc/adc_nrfx_saadc.c:329:13:adc_context_update_buffer_pointer	16	static
C:/ncs/v2.9.0/zephyr/drivers/adc/adc_nrfx_saadc.c:443:13:has_single_ended	0	static
C:/ncs/v2.9.0/zephyr/drivers/adc/adc_nrfx_saadc.c:448:13:correct_single_ended	4	static
C:/ncs/v2.9.0/zephyr/drivers/adc/adc_context.h:101:20:adc_context_request_next_sampling	8	static
C:/ncs/v2.9.0/zephyr/drivers/adc/adc_context.h:128:13:adc_context_on_timer_expired	8	static
C:/ncs/v2.9.0/zephyr/drivers/adc/adc_context.h:137:20:adc_context_lock	8	static
C:/ncs/v2.9.0/zephyr/drivers/adc/adc_context.h:167:19:adc_context_wait_for_completion	8	static
C:/ncs/v2.9.0/zephyr/include/zephyr/logging/log_msg.h:705:20:z_log_msg_runtime_create	32	static
C:/ncs/v2.9.0/zephyr/drivers/adc/adc_nrfx_saadc.c:347:12:set_resolution	24	static
C:/ncs/v2.9.0/zephyr/drivers/adc/adc_nrfx_saadc.c:374:12:set_oversampling	24	static
C:/ncs/v2.9.0/zephyr/drivers/adc/adc_nrfx_saadc.c:423:12:check_buffer_size	32	static
C:/ncs/v2.9.0/zephyr/drivers/adc/adc_nrfx_saadc.c:172:12:adc_nrfx_channel_setup	48	static
C:/ncs/v2.9.0/zephyr/drivers/adc/adc_context.h:118:20:adc_context_enable_timer	16	static
C:/ncs/v2.9.0/zephyr/drivers/adc/adc_context.h:212:20:adc_context_start_read	16	static
C:/ncs/v2.9.0/zephyr/drivers/adc/adc_nrfx_saadc.c:468:12:start_read	40	static
C:/ncs/v2.9.0/zephyr/drivers/adc/adc_nrfx_saadc.c:587:12:adc_nrfx_read	16	static
C:/ncs/v2.9.0/zephyr/drivers/adc/adc_context.h:160:20:adc_context_unlock_unconditionally	8	static
C:/ncs/v2.9.0/zephyr/drivers/adc/adc_nrfx_saadc.c:648:12:init_saadc	8	static
C:/ncs/v2.9.0/zephyr/drivers/adc/adc_context.h:238:20:adc_context_on_sampling_done	8	static
C:/ncs/v2.9.0/zephyr/drivers/adc/adc_nrfx_saadc.c:615:13:saadc_irq_handler	8	static
