C:/ncs/v2.9.0/nrf/applications/nrf5340_audio/build/nrf5340_audio/zephyr/include/generated/zephyr/syscalls/mbox.h:74:19:mbox_set_enabled	8	static
C:/ncs/v2.9.0/zephyr/soc/nordic/nrf53/sync_rtc.c:207:12:mbox_rx_init	8	static
C:/ncs/v2.9.0/modules/hal/nordic/nrfx/hal/nrf_ipc.h:491:34:nrf_ipc_send_task_get	8	static
C:/ncs/v2.9.0/modules/hal/nordic/nrfx/hal/nrf_ipc.h:497:35:nrf_ipc_receive_event_get	8	static
C:/ncs/v2.9.0/zephyr/soc/nordic/nrf53/sync_rtc.c:108:13:free_resources	24	static
C:/ncs/v2.9.0/zephyr/soc/nordic/nrf53/sync_rtc.c:93:13:ppi_rtc_to_ipc	24	static
C:/ncs/v2.9.0/zephyr/soc/nordic/nrf53/sync_rtc.c:130:13:rtc_cb	8	static
C:/ncs/v2.9.0/zephyr/soc/nordic/nrf53/sync_rtc.c:74:13:ppi_ipc_to_rtc	16	static
C:/ncs/v2.9.0/zephyr/soc/nordic/nrf53/sync_rtc.c:155:13:remote_callback	24	static
C:/ncs/v2.9.0/zephyr/soc/nordic/nrf53/sync_rtc.c:194:13:mbox_callback	8	static
C:/ncs/v2.9.0/zephyr/include/zephyr/logging/log_msg.h:705:20:z_log_msg_runtime_create	32	static
C:/ncs/v2.9.0/zephyr/soc/nordic/nrf53/sync_rtc.c:226:12:sync_rtc_setup	48	static
C:/ncs/v2.9.0/zephyr/soc/nordic/nrf53/sync_rtc.c:121:5:z_nrf_rtc_timer_nrf53net_offset_get	0	static
