C:/ncs/v2.9.0/zephyr/include/zephyr/sys/byteorder.h:710:20:sys_mem_swap	4	static
C:/ncs/v2.9.0/zephyr/include/zephyr/sys/byteorder.h:684:20:sys_memcpy_swap	8	static
C:/ncs/v2.9.0/zephyr/subsys/bluetooth/crypto/bt_crypto.c:24:5:bt_crypto_f4	112	static
C:/ncs/v2.9.0/zephyr/subsys/bluetooth/crypto/bt_crypto.c:61:5:bt_crypto_f5	128	static
C:/ncs/v2.9.0/zephyr/subsys/bluetooth/crypto/bt_crypto.c:122:5:bt_crypto_f6	120	static
C:/ncs/v2.9.0/zephyr/subsys/bluetooth/crypto/bt_crypto.c:165:5:bt_crypto_g2	120	static
C:/ncs/v2.9.0/zephyr/subsys/bluetooth/crypto/bt_crypto.c:197:5:bt_crypto_h6	40	static
C:/ncs/v2.9.0/zephyr/subsys/bluetooth/crypto/bt_crypto.c:221:5:bt_crypto_h7	48	static
C:/ncs/v2.9.0/zephyr/subsys/bluetooth/crypto/bt_crypto.c:245:5:bt_crypto_h8	72	static
