C:/ncs/v2.9.0/zephyr/include/zephyr/logging/log_msg.h:705:20:z_log_msg_runtime_create	32	static
C:/ncs/v2.9.0/zephyr/subsys/disk/disk_access.c:27:19:disk_access_get_di	24	static
C:/ncs/v2.9.0/zephyr/subsys/disk/disk_access.c:57:5:disk_access_init	8	static
C:/ncs/v2.9.0/zephyr/subsys/disk/disk_access.c:80:5:disk_access_status	8	static
C:/ncs/v2.9.0/zephyr/subsys/disk/disk_access.c:93:5:disk_access_read	24	static
C:/ncs/v2.9.0/zephyr/subsys/disk/disk_access.c:107:5:disk_access_write	24	static
C:/ncs/v2.9.0/zephyr/subsys/disk/disk_access.c:121:5:disk_access_ioctl	40	static
C:/ncs/v2.9.0/zephyr/subsys/disk/disk_access.c:168:5:disk_access_register	32	static
C:/ncs/v2.9.0/zephyr/subsys/disk/disk_access.c:193:5:disk_access_unregister	32	static
