C:/ncs/v2.9.0/zephyr/drivers/sdhc/sdhc_spi.c:108:12:sdhc_spi_rx	24	static
C:/ncs/v2.9.0/zephyr/drivers/sdhc/sdhc_spi.c:143:12:sdhc_spi_init_card	16	static
C:/ncs/v2.9.0/zephyr/drivers/sdhc/sdhc_spi.c:179:12:sdhc_spi_card_busy	16	static
C:/ncs/v2.9.0/zephyr/drivers/sdhc/sdhc_spi.c:425:12:sdhc_skip	32	static
C:/ncs/v2.9.0/zephyr/drivers/sdhc/sdhc_spi.c:758:12:sdhc_spi_get_card_present	0	static
C:/ncs/v2.9.0/zephyr/drivers/sdhc/sdhc_spi.c:779:12:sdhc_spi_reset	0	static
C:/ncs/v2.9.0/zephyr/drivers/sdhc/sdhc_spi.c:764:12:sdhc_spi_get_host_props	16	static
C:/ncs/v2.9.0/zephyr/include/zephyr/drivers/gpio.h:1576:19:gpio_pin_set_raw	8	static
C:/ncs/v2.9.0/zephyr/include/zephyr/drivers/gpio.h:1616:19:gpio_pin_set	16	static
C:/ncs/v2.9.0/zephyr/include/zephyr/drivers/gpio.h:965:19:z_impl_gpio_pin_configure	24	static
C:/ncs/v2.9.0/zephyr/include/zephyr/drivers/gpio.h:1028:19:gpio_pin_configure_dt	8	static
C:/ncs/v2.9.0/zephyr/include/zephyr/logging/log_msg.h:705:20:z_log_msg_runtime_create	32	static
C:/ncs/v2.9.0/zephyr/drivers/sdhc/sdhc_spi.c:693:12:sdhc_spi_set_io	40	static
C:/ncs/v2.9.0/zephyr/drivers/sdhc/sdhc_spi.c:448:12:sdhc_spi_read_data	80	static
C:/ncs/v2.9.0/zephyr/include/zephyr/kernel.h:566:23:k_msleep	8	static
C:/ncs/v2.9.0/zephyr/drivers/sdhc/sdhc_spi.c:200:12:sdhc_spi_wait_unbusy	32	static
C:/ncs/v2.9.0/zephyr/drivers/sdhc/sdhc_spi.c:539:12:sdhc_spi_write_data	72	static
C:/ncs/v2.9.0/zephyr/drivers/sdhc/sdhc_spi.c:225:12:sdhc_spi_response_get	32	static
C:/ncs/v2.9.0/zephyr/drivers/sdhc/sdhc_spi.c:349:12:sdhc_spi_send_cmd	40	static
C:/ncs/v2.9.0/zephyr/drivers/sdhc/sdhc_spi.c:627:12:sdhc_spi_request	80	static
C:/ncs/v2.9.0/zephyr/drivers/sdhc/sdhc_spi.c:788:12:sdhc_spi_init	32	static
