C:/ncs/v2.9.0/zephyr/subsys/zbus/zbus.c:57:5:_zbus_init	8	static
C:/ncs/v2.9.0/zephyr/include/zephyr/zbus/zbus.h:646:21:zbus_chan_msg	8	static
C:/ncs/v2.9.0/zephyr/include/zephyr/zbus/zbus.h:683:24:zbus_chan_msg_size	8	static
C:/ncs/v2.9.0/zephyr/subsys/zbus/zbus.c:201:20:chan_update_hop	24	static
C:/ncs/v2.9.0/zephyr/subsys/zbus/zbus.c:231:20:update_all_channels_hop	16	static
C:/ncs/v2.9.0/zephyr/subsys/zbus/zbus.c:282:19:chan_lock	48	static
C:/ncs/v2.9.0/zephyr/include/zephyr/logging/log_msg.h:705:20:z_log_msg_runtime_create	32	static
C:/ncs/v2.9.0/zephyr/subsys/zbus/zbus.c:84:19:_zbus_notify_observer	24	static
C:/ncs/v2.9.0/zephyr/subsys/zbus/zbus.c:116:19:_zbus_vded_exec	72	static
C:/ncs/v2.9.0/zephyr/subsys/zbus/zbus.c:322:20:chan_unlock	8	static
C:/ncs/v2.9.0/zephyr/subsys/zbus/zbus.c:242:5:zbus_obs_attach_to_thread	24	static
C:/ncs/v2.9.0/zephyr/subsys/zbus/zbus.c:260:5:zbus_obs_detach_from_thread	16	static
C:/ncs/v2.9.0/zephyr/subsys/zbus/zbus.c:336:5:zbus_chan_pub	56	static
C:/ncs/v2.9.0/zephyr/subsys/zbus/zbus.c:369:5:zbus_chan_read	24	static
C:/ncs/v2.9.0/zephyr/subsys/zbus/zbus.c:390:5:zbus_chan_notify	48	static
C:/ncs/v2.9.0/zephyr/subsys/zbus/zbus.c:416:5:zbus_chan_claim	16	static
C:/ncs/v2.9.0/zephyr/subsys/zbus/zbus.c:433:5:zbus_chan_finish	8	static
C:/ncs/v2.9.0/zephyr/subsys/zbus/zbus.c:442:5:zbus_sub_wait	24	static
C:/ncs/v2.9.0/zephyr/subsys/zbus/zbus.c:456:5:zbus_sub_wait_msg	24	static
C:/ncs/v2.9.0/zephyr/subsys/zbus/zbus.c:484:5:zbus_obs_set_chan_notification_mask	40	static
C:/ncs/v2.9.0/zephyr/subsys/zbus/zbus.c:521:5:zbus_obs_is_chan_notification_masked	32	static
C:/ncs/v2.9.0/zephyr/subsys/zbus/zbus.c:554:5:zbus_obs_set_enable	24	static
