C:/ncs/v2.9.0/nrf/applications/nrf5340_audio/build/nrf5340_audio/modules/libmetal/libmetal/lib/include/metal/utilities.h:131:1:metal_bitmap_next_clear_bit	4	static
C:/ncs/v2.9.0/nrf/applications/nrf5340_audio/build/nrf5340_audio/modules/libmetal/libmetal/lib/include/metal/io.h:161:1:metal_io_phys	8	static
C:/ncs/v2.9.0/nrf/applications/nrf5340_audio/build/nrf5340_audio/modules/libmetal/libmetal/lib/include/metal/io.h:182:1:metal_io_phys_to_offset	16	static
C:/ncs/v2.9.0/nrf/applications/nrf5340_audio/build/nrf5340_audio/modules/libmetal/libmetal/lib/include/metal/io.h:206:1:metal_io_phys_to_virt	8	static
C:/ncs/v2.9.0/modules/lib/open-amp/open-amp/lib/include/openamp/virtio_ring.h:175:19:vring_size	0	static
C:/ncs/v2.9.0/modules/lib/open-amp/open-amp/lib/remoteproc/remoteproc.c:86:1:remoteproc_datopa	0	static
C:/ncs/v2.9.0/modules/lib/open-amp/open-amp/lib/remoteproc/remoteproc.c:95:1:remoteproc_patoda	0	static
C:/ncs/v2.9.0/modules/lib/open-amp/open-amp/lib/remoteproc/remoteproc.c:921:12:remoteproc_virtio_notify	8	static
C:/ncs/v2.9.0/nrf/applications/nrf5340_audio/build/nrf5340_audio/modules/libmetal/libmetal/lib/include/metal/system/zephyr/mutex.h:74:20:__metal_mutex_acquire	8	static
C:/ncs/v2.9.0/modules/lib/open-amp/open-amp/lib/remoteproc/remoteproc.c:36:1:remoteproc_get_mem	56	static
C:/ncs/v2.9.0/modules/lib/open-amp/open-amp/lib/remoteproc/remoteproc.c:24:1:remoteproc_check_fw_format	8	static
C:/ncs/v2.9.0/modules/lib/open-amp/open-amp/lib/remoteproc/remoteproc.c:103:14:remoteproc_get_rsc_table	56	static
C:/ncs/v2.9.0/modules/lib/open-amp/open-amp/lib/remoteproc/remoteproc.c:175:20:remoteproc_init	16	static
C:/ncs/v2.9.0/modules/lib/open-amp/open-amp/lib/remoteproc/remoteproc.c:193:5:remoteproc_remove	16	static
C:/ncs/v2.9.0/modules/lib/open-amp/open-amp/lib/remoteproc/remoteproc.c:211:5:remoteproc_config	16	static
C:/ncs/v2.9.0/modules/lib/open-amp/open-amp/lib/remoteproc/remoteproc.c:235:5:remoteproc_start	16	static
C:/ncs/v2.9.0/modules/lib/open-amp/open-amp/lib/remoteproc/remoteproc.c:252:5:remoteproc_stop	16	static
C:/ncs/v2.9.0/modules/lib/open-amp/open-amp/lib/remoteproc/remoteproc.c:272:5:remoteproc_shutdown	16	static
C:/ncs/v2.9.0/modules/lib/open-amp/open-amp/lib/remoteproc/remoteproc.c:297:6:remoteproc_init_mem	24	static
C:/ncs/v2.9.0/modules/lib/open-amp/open-amp/lib/remoteproc/remoteproc.c:313:6:remoteproc_add_mem	4	static
C:/ncs/v2.9.0/modules/lib/open-amp/open-amp/lib/remoteproc/remoteproc.c:321:1:remoteproc_get_io_with_name	80	static
C:/ncs/v2.9.0/modules/lib/open-amp/open-amp/lib/remoteproc/remoteproc.c:339:1:remoteproc_get_io_with_pa	80	static
C:/ncs/v2.9.0/modules/lib/open-amp/open-amp/lib/remoteproc/remoteproc.c:356:1:remoteproc_get_io_with_da	88	static
C:/ncs/v2.9.0/modules/lib/open-amp/open-amp/lib/remoteproc/remoteproc.c:381:1:remoteproc_get_io_with_va	80	static
C:/ncs/v2.9.0/modules/lib/open-amp/open-amp/lib/remoteproc/remoteproc.c:140:12:remoteproc_parse_rsc_table	16	static
C:/ncs/v2.9.0/modules/lib/open-amp/open-amp/lib/remoteproc/remoteproc.c:153:5:remoteproc_set_rsc_table	24	static
C:/ncs/v2.9.0/modules/lib/open-amp/open-amp/lib/remoteproc/remoteproc.c:397:7:remoteproc_mmap	112	static
C:/ncs/v2.9.0/modules/lib/open-amp/open-amp/lib/remoteproc/remoteproc.c:437:5:remoteproc_load	128	static
C:/ncs/v2.9.0/modules/lib/open-amp/open-amp/lib/remoteproc/remoteproc.c:708:5:remoteproc_load_noblock	96	static
C:/ncs/v2.9.0/modules/lib/open-amp/open-amp/lib/remoteproc/remoteproc.c:899:14:remoteproc_allocate_id	16	static
C:/ncs/v2.9.0/modules/lib/open-amp/open-amp/lib/remoteproc/remoteproc.c:1027:6:remoteproc_remove_virtio	8	static
C:/ncs/v2.9.0/modules/lib/open-amp/open-amp/lib/remoteproc/remoteproc.c:932:1:remoteproc_create_virtio	64	static
C:/ncs/v2.9.0/modules/lib/open-amp/open-amp/lib/remoteproc/remoteproc.c:1042:5:remoteproc_get_notification	16	static
