C:/ncs/v2.9.0/modules/lib/open-amp/open-amp/lib/include/openamp/virtio_ring.h:175:19:vring_size	0	static
C:/ncs/v2.9.0/modules/lib/open-amp/open-amp/lib/remoteproc/remoteproc_virtio.c:101:13:rproc_virtio_virtqueue_notify	8	static
C:/ncs/v2.9.0/modules/lib/open-amp/open-amp/lib/remoteproc/remoteproc_virtio.c:237:13:rproc_virtio_write_config	24	static
C:/ncs/v2.9.0/modules/lib/open-amp/open-amp/lib/remoteproc/remoteproc_virtio.c:215:13:rproc_virtio_read_config	8	static
C:/ncs/v2.9.0/nrf/applications/nrf5340_audio/build/nrf5340_audio/modules/libmetal/libmetal/lib/include/metal/io.h:269:1:metal_io_write	24	static
C:/ncs/v2.9.0/modules/lib/open-amp/open-amp/lib/remoteproc/remoteproc_virtio.c:187:13:rproc_virtio_set_features	24	static
C:/ncs/v2.9.0/modules/lib/open-amp/open-amp/lib/remoteproc/remoteproc_virtio.c:132:13:rproc_virtio_set_status	24	static
C:/ncs/v2.9.0/modules/lib/open-amp/open-amp/lib/remoteproc/remoteproc_virtio.c:259:13:rproc_virtio_reset_device	8	static
C:/ncs/v2.9.0/nrf/applications/nrf5340_audio/build/nrf5340_audio/modules/libmetal/libmetal/lib/include/metal/io.h:235:1:metal_io_read	16	static
C:/ncs/v2.9.0/modules/lib/open-amp/open-amp/lib/remoteproc/remoteproc_virtio.c:115:22:rproc_virtio_get_status	8	static
C:/ncs/v2.9.0/modules/lib/open-amp/open-amp/lib/remoteproc/remoteproc_virtio.c:150:17:rproc_virtio_get_dfeatures	8	static
C:/ncs/v2.9.0/modules/lib/open-amp/open-amp/lib/remoteproc/remoteproc_virtio.c:204:17:rproc_virtio_negotiate_features	16	static
C:/ncs/v2.9.0/modules/lib/open-amp/open-amp/lib/remoteproc/remoteproc_virtio.c:167:17:rproc_virtio_get_features	16	static
C:/ncs/v2.9.0/modules/lib/open-amp/open-amp/lib/remoteproc/remoteproc_virtio.c:19:13:rproc_virtio_delete_virtqueues	16	static
C:/ncs/v2.9.0/modules/lib/open-amp/open-amp/lib/include/openamp/virtqueue.h:338:33:virtqueue_allocate	16	static
C:/ncs/v2.9.0/modules/lib/open-amp/open-amp/lib/remoteproc/remoteproc_virtio.c:34:12:rproc_virtio_create_virtqueue	64	static
C:/ncs/v2.9.0/modules/lib/open-amp/open-amp/lib/remoteproc/remoteproc_virtio.c:73:12:rproc_virtio_create_virtqueues	40	static
C:/ncs/v2.9.0/modules/lib/open-amp/open-amp/lib/remoteproc/remoteproc_virtio.c:289:1:rproc_virtio_create_vdev	40	static
C:/ncs/v2.9.0/modules/lib/open-amp/open-amp/lib/remoteproc/remoteproc_virtio.c:343:6:rproc_virtio_remove_vdev	8	static
C:/ncs/v2.9.0/modules/lib/open-amp/open-amp/lib/remoteproc/remoteproc_virtio.c:355:5:rproc_virtio_init_vring	8	static
C:/ncs/v2.9.0/modules/lib/open-amp/open-amp/lib/remoteproc/remoteproc_virtio.c:376:5:rproc_virtio_notified	24	static
C:/ncs/v2.9.0/modules/lib/open-amp/open-amp/lib/remoteproc/remoteproc_virtio.c:399:6:rproc_virtio_wait_remote_ready	8	static
