C:/ncs/v2.9.0/zephyr/include/zephyr/logging/log_output.h:215:20:log_output_flush	24	static
C:/ncs/v2.9.0/zephyr/subsys/logging/backends/log_backend_rtt.c:264:13:log_backend_rtt_init	0	static
C:/ncs/v2.9.0/zephyr/subsys/logging/backends/log_backend_rtt.c:274:13:panic	8	static
C:/ncs/v2.9.0/zephyr/subsys/logging/backends/log_backend_rtt.c:297:12:format_set	0	static
C:/ncs/v2.9.0/zephyr/subsys/logging/backends/log_backend_rtt.c:174:13:on_failed_write	8	static
C:/ncs/v2.9.0/zephyr/subsys/logging/backends/log_backend_rtt.c:186:13:on_write	16	static
C:/ncs/v2.9.0/zephyr/subsys/logging/backends/log_backend_rtt.c:203:12:data_out_block_mode	24	static
C:/ncs/v2.9.0/zephyr/subsys/logging/backends/log_backend_rtt.c:287:13:process	8	static
