C:/ncs/v2.9.0/zephyr/subsys/bluetooth/audio/bap_endpoint.h:195:27:bt_bap_ep_state_str	0	static
C:/ncs/v2.9.0/zephyr/subsys/bluetooth/audio/ascs.c:176:13:is_valid_ase_id	0	static
C:/ncs/v2.9.0/zephyr/subsys/bluetooth/audio/ascs.c:181:29:ascs_ep_get_state	0	static
C:/ncs/v2.9.0/zephyr/subsys/bluetooth/audio/ascs.c:960:13:ascs_update_sdu_size	0	static
C:/ncs/v2.9.0/zephyr/subsys/bluetooth/audio/ascs.c:1112:13:ascs_ase_cfg_changed	0	static
C:/ncs/v2.9.0/zephyr/subsys/bluetooth/audio/ascs.c:1327:13:bap_iso_find_func	0	static
C:/ncs/v2.9.0/zephyr/subsys/bluetooth/audio/ascs.c:1371:16:ase_attr_cb	0	static
C:/ncs/v2.9.0/zephyr/subsys/bluetooth/audio/ascs.c:1436:28:ase_find	4	static
C:/ncs/v2.9.0/zephyr/subsys/bluetooth/audio/ascs.c:1486:13:ascs_cp_cfg_changed	0	static
C:/ncs/v2.9.0/zephyr/subsys/bluetooth/audio/ascs.c:1498:13:codec_lookup_id	0	static
C:/ncs/v2.9.0/zephyr/subsys/bluetooth/audio/ascs.c:1694:26:ep_lookup_stream	0	static
C:/ncs/v2.9.0/zephyr/subsys/bluetooth/audio/ascs.c:3130:13:configure_ase_char	28	static
C:/ncs/v2.9.0/zephyr/include/zephyr/logging/log_msg.h:705:20:z_log_msg_runtime_create	32	static
C:/ncs/v2.9.0/zephyr/subsys/bluetooth/audio/ascs.c:456:13:ase_exit_state_enabling	32	static
C:/ncs/v2.9.0/zephyr/subsys/bluetooth/audio/ascs.c:130:13:ascs_app_rsp_warn_valid	32	static
C:/ncs/v2.9.0/zephyr/subsys/bluetooth/audio/ascs.c:929:13:ascs_iso_sent	24	static
C:/ncs/v2.9.0/zephyr/subsys/bluetooth/audio/ascs.c:872:13:ascs_iso_recv	24	static
C:/ncs/v2.9.0/zephyr/subsys/bluetooth/audio/ascs.c:407:13:ase_metadata_updated	8	static
C:/ncs/v2.9.0/zephyr/subsys/bluetooth/audio/ascs.c:420:13:ase_exit_state_streaming	32	static
C:/ncs/v2.9.0/zephyr/subsys/bluetooth/audio/ascs.c:345:13:ase_enter_state_codec_configured	8	static
C:/ncs/v2.9.0/zephyr/subsys/bluetooth/audio/ascs.c:360:13:ase_enter_state_qos_configured	8	static
C:/ncs/v2.9.0/zephyr/subsys/bluetooth/audio/ascs.c:394:13:ase_enter_state_streaming	8	static
C:/ncs/v2.9.0/zephyr/subsys/bluetooth/audio/ascs.c:479:13:ase_enter_state_disabling	8	static
C:/ncs/v2.9.0/zephyr/subsys/bluetooth/audio/ascs.c:832:12:ascs_iso_accept	48	static
C:/ncs/v2.9.0/zephyr/subsys/bluetooth/audio/ascs.c:186:13:ase_free	8	static
C:/ncs/v2.9.0/zephyr/subsys/bluetooth/audio/ascs.c:323:13:ase_enter_state_idle	16	static
C:/ncs/v2.9.0/zephyr/subsys/bluetooth/audio/ascs.c:312:12:ascs_disconnect_stream	8	static
C:/ncs/v2.9.0/zephyr/subsys/bluetooth/audio/ascs.c:713:13:ascs_ep_get_status_config	16	static
C:/ncs/v2.9.0/zephyr/subsys/bluetooth/audio/ascs.c:742:13:ascs_ep_get_status_qos	8	static
C:/ncs/v2.9.0/zephyr/subsys/bluetooth/audio/ascs.c:764:13:ascs_ep_get_status_enable	16	static
C:/ncs/v2.9.0/zephyr/subsys/bluetooth/audio/ascs.c:792:12:ascs_ep_get_status	32	static
C:/ncs/v2.9.0/zephyr/subsys/bluetooth/audio/ascs.c:1128:13:ascs_cp_rsp_init	16	static
C:/ncs/v2.9.0/zephyr/subsys/bluetooth/audio/ascs.c:1140:13:ascs_cp_rsp_add	16	static
C:/ncs/v2.9.0/zephyr/subsys/bluetooth/audio/ascs.c:1171:13:ascs_cp_rsp_success	8	static
C:/ncs/v2.9.0/zephyr/subsys/bluetooth/audio/ascs.c:203:17:get_max_ntf_size	8	static
C:/ncs/v2.9.0/zephyr/subsys/bluetooth/audio/ascs.c:1774:17:get_max_ase_rsp_for_conn	8	static
C:/ncs/v2.9.0/zephyr/subsys/bluetooth/audio/ascs.c:1786:13:is_valid_num_ases	24	static
C:/ncs/v2.9.0/zephyr/include/zephyr/bluetooth/gatt.h:1327:19:bt_gatt_notify	32	static
C:/ncs/v2.9.0/zephyr/include/zephyr/bluetooth/gatt.h:1364:19:bt_gatt_notify_uuid	32	static
C:/ncs/v2.9.0/zephyr/subsys/bluetooth/audio/ascs.c:3206:12:control_point_notify	24	static
C:/ncs/v2.9.0/zephyr/subsys/bluetooth/audio/ascs.c:214:12:ase_state_notify	64	static
C:/ncs/v2.9.0/zephyr/subsys/bluetooth/audio/ascs.c:1512:12:ascs_ep_set_codec	48	static
C:/ncs/v2.9.0/zephyr/subsys/bluetooth/audio/ascs.c:256:13:ascs_disconnect_stream_work_handler	40	static
C:/ncs/v2.9.0/zephyr/subsys/bluetooth/audio/ascs.c:779:16:ascs_ase_read_status_idle	32	static
C:/ncs/v2.9.0/zephyr/subsys/bluetooth/audio/ascs.c:1449:16:ascs_ase_read	48	static
C:/ncs/v2.9.0/zephyr/subsys/bluetooth/audio/ascs.c:1809:13:is_valid_config_len	64	static
C:/ncs/v2.9.0/zephyr/subsys/bluetooth/audio/ascs.c:2026:13:is_valid_qos_len	56	static
C:/ncs/v2.9.0/zephyr/subsys/bluetooth/audio/ascs.c:2407:13:is_valid_enable_len	64	static
C:/ncs/v2.9.0/zephyr/subsys/bluetooth/audio/ascs.c:2551:13:is_valid_start_len	56	static
C:/ncs/v2.9.0/zephyr/subsys/bluetooth/audio/ascs.c:2633:13:is_valid_disable_len	56	static
C:/ncs/v2.9.0/zephyr/subsys/bluetooth/audio/ascs.c:2762:13:is_valid_stop_len	48	static
C:/ncs/v2.9.0/zephyr/subsys/bluetooth/audio/ascs.c:2845:13:is_valid_metadata_len	64	static
C:/ncs/v2.9.0/zephyr/subsys/bluetooth/audio/ascs.c:2938:13:is_valid_release_len	56	static
C:/ncs/v2.9.0/zephyr/subsys/bluetooth/audio/ascs.c:1345:27:bap_iso_get_or_new	24	static
C:/ncs/v2.9.0/zephyr/subsys/bluetooth/audio/ascs.c:2248:12:ascs_verify_metadata	48	static
C:/ncs/v2.9.0/zephyr/subsys/bluetooth/audio/ascs.c:2122:13:is_context_available	8	static
C:/ncs/v2.9.0/zephyr/subsys/bluetooth/audio/ascs.c:2127:13:ascs_parse_metadata	40	static
C:/ncs/v2.9.0/zephyr/subsys/bluetooth/audio/ascs.c:610:5:ascs_ep_set_state	32	static
C:/ncs/v2.9.0/zephyr/subsys/bluetooth/audio/ascs.c:1176:12:ase_release	48	static
C:/ncs/v2.9.0/zephyr/subsys/bluetooth/audio/ascs.c:2965:16:ascs_release	48	static
C:/ncs/v2.9.0/zephyr/subsys/bluetooth/audio/ascs.c:1227:12:ase_disable	48	static
C:/ncs/v2.9.0/zephyr/subsys/bluetooth/audio/ascs.c:2660:16:ascs_disable	48	static
C:/ncs/v2.9.0/zephyr/subsys/bluetooth/audio/ascs.c:375:13:ase_enter_state_enabling	8	static
C:/ncs/v2.9.0/zephyr/subsys/bluetooth/audio/ascs.c:494:13:ase_enter_state_releasing	40	static
C:/ncs/v2.9.0/zephyr/subsys/bluetooth/audio/ascs.c:517:13:state_transition_work_handler	72	static
C:/ncs/v2.9.0/zephyr/subsys/bluetooth/audio/ascs.c:1291:13:disconnected	16	static
C:/ncs/v2.9.0/zephyr/subsys/bluetooth/audio/ascs.c:1556:12:ase_config	128	static
C:/ncs/v2.9.0/zephyr/subsys/bluetooth/audio/ascs.c:1916:13:ase_qos	64	static
C:/ncs/v2.9.0/zephyr/subsys/bluetooth/audio/ascs.c:2062:16:ascs_qos	72	static
C:/ncs/v2.9.0/zephyr/subsys/bluetooth/audio/ascs.c:1044:13:ascs_ep_iso_disconnected	32	static
C:/ncs/v2.9.0/zephyr/subsys/bluetooth/audio/ascs.c:1084:13:ascs_iso_disconnected	16	static
C:/ncs/v2.9.0/zephyr/subsys/bluetooth/audio/ascs.c:977:13:ascs_ep_iso_connected	32	static
C:/ncs/v2.9.0/zephyr/subsys/bluetooth/audio/ascs.c:1026:13:ascs_iso_connected	24	static
C:/ncs/v2.9.0/zephyr/subsys/bluetooth/audio/ascs.c:2347:12:ase_enable	64	static
C:/ncs/v2.9.0/zephyr/subsys/bluetooth/audio/ascs.c:2451:16:ascs_enable	48	static
C:/ncs/v2.9.0/zephyr/subsys/bluetooth/audio/ascs.c:2492:13:ase_start	48	static
C:/ncs/v2.9.0/zephyr/subsys/bluetooth/audio/ascs.c:2578:16:ascs_start	40	static
C:/ncs/v2.9.0/zephyr/subsys/bluetooth/audio/ascs.c:2704:13:ase_stop	56	static
C:/ncs/v2.9.0/zephyr/subsys/bluetooth/audio/ascs.c:2790:16:ascs_stop	40	static
C:/ncs/v2.9.0/zephyr/subsys/bluetooth/audio/ascs.c:2284:13:ase_metadata	64	static
C:/ncs/v2.9.0/zephyr/subsys/bluetooth/audio/ascs.c:2889:16:ascs_metadata	48	static
C:/ncs/v2.9.0/zephyr/subsys/bluetooth/audio/ascs.c:1214:5:bt_ascs_release_ase	16	static
C:/ncs/v2.9.0/zephyr/subsys/bluetooth/audio/ascs.c:1284:5:bt_ascs_disable_ase	16	static
C:/ncs/v2.9.0/zephyr/subsys/bluetooth/audio/ascs.c:1385:6:ascs_ep_init	16	static
C:/ncs/v2.9.0/zephyr/subsys/bluetooth/audio/ascs.c:1395:13:ase_init	40	static
C:/ncs/v2.9.0/zephyr/subsys/bluetooth/audio/ascs.c:1412:28:ase_new	16	static
C:/ncs/v2.9.0/zephyr/subsys/bluetooth/audio/ascs.c:1853:16:ascs_config	48	static
C:/ncs/v2.9.0/zephyr/subsys/bluetooth/audio/ascs.c:3010:16:ascs_cp_write	32	static
C:/ncs/v2.9.0/zephyr/subsys/bluetooth/audio/ascs.c:1707:5:bt_ascs_config_ase	64	static
C:/ncs/v2.9.0/zephyr/subsys/bluetooth/audio/ascs.c:1905:6:bt_ascs_foreach_ep	24	static
C:/ncs/v2.9.0/zephyr/subsys/bluetooth/audio/ascs.c:3168:5:bt_ascs_register	8	static
C:/ncs/v2.9.0/zephyr/subsys/bluetooth/audio/ascs.c:3216:5:bt_ascs_init	32	static
C:/ncs/v2.9.0/zephyr/subsys/bluetooth/audio/ascs.c:3239:6:bt_ascs_cleanup	8	static
C:/ncs/v2.9.0/zephyr/subsys/bluetooth/audio/ascs.c:3254:5:bt_ascs_unregister	528	static
