C:/ncs/v2.9.0/zephyr/include/zephyr/logging/log_msg.h:705:20:z_log_msg_runtime_create	32	static
C:/ncs/v2.9.0/zephyr/subsys/bluetooth/audio/bap_unicast_server.c:32:5:bt_bap_unicast_server_register	8	static
C:/ncs/v2.9.0/zephyr/subsys/bluetooth/audio/bap_unicast_server.c:42:5:bt_bap_unicast_server_unregister	8	static
C:/ncs/v2.9.0/zephyr/subsys/bluetooth/audio/bap_unicast_server.c:52:5:bt_bap_unicast_server_register_cb	8	static
C:/ncs/v2.9.0/zephyr/subsys/bluetooth/audio/bap_unicast_server.c:76:5:bt_bap_unicast_server_unregister_cb	8	static
C:/ncs/v2.9.0/zephyr/subsys/bluetooth/audio/bap_unicast_server.c:99:5:bt_bap_unicast_server_reconfig	32	static
C:/ncs/v2.9.0/zephyr/subsys/bluetooth/audio/bap_unicast_server.c:125:5:bt_bap_unicast_server_start	8	static
C:/ncs/v2.9.0/zephyr/subsys/bluetooth/audio/bap_unicast_server.c:148:5:bt_bap_unicast_server_metadata	56	static
C:/ncs/v2.9.0/zephyr/subsys/bluetooth/audio/bap_unicast_server.c:179:5:bt_bap_unicast_server_disable	8	static
C:/ncs/v2.9.0/zephyr/subsys/bluetooth/audio/bap_unicast_server.c:184:5:bt_bap_unicast_server_release	8	static
C:/ncs/v2.9.0/zephyr/subsys/bluetooth/audio/bap_unicast_server.c:189:5:bt_bap_unicast_server_config_ase	8	static
C:/ncs/v2.9.0/zephyr/subsys/bluetooth/audio/bap_unicast_server.c:196:6:bt_bap_unicast_server_foreach_ep	8	static
