C:/ncs/v2.9.0/zephyr/subsys/bluetooth/audio/bap_endpoint.h:195:27:bt_bap_ep_state_str	0	static
C:/ncs/v2.9.0/zephyr/subsys/bluetooth/audio/bap_stream.c:418:13:bt_bap_stream_is_broadcast	0	static
C:/ncs/v2.9.0/zephyr/include/zephyr/logging/log_msg.h:705:20:z_log_msg_runtime_create	32	static
C:/ncs/v2.9.0/zephyr/subsys/bluetooth/audio/bap_stream.c:502:16:conn_get_role	40	static
C:/ncs/v2.9.0/zephyr/subsys/bluetooth/audio/bap_stream.c:63:6:bt_bap_stream_init	16	static
C:/ncs/v2.9.0/zephyr/subsys/bluetooth/audio/bap_stream.c:79:6:bt_bap_stream_attach	16	static
C:/ncs/v2.9.0/zephyr/subsys/bluetooth/audio/bap_stream.c:96:21:bt_bap_stream_iso_chan_get	0	static
C:/ncs/v2.9.0/zephyr/subsys/bluetooth/audio/bap_stream.c:105:6:bt_bap_stream_cb_register	0	static
C:/ncs/v2.9.0/zephyr/subsys/bluetooth/audio/bap_stream.c:111:5:bt_bap_ep_get_info	16	static
C:/ncs/v2.9.0/zephyr/subsys/bluetooth/audio/bap_stream.c:268:13:bt_bap_stream_can_send	32	static
C:/ncs/v2.9.0/zephyr/subsys/bluetooth/audio/bap_stream.c:285:12:bap_stream_send	48	static
C:/ncs/v2.9.0/zephyr/subsys/bluetooth/audio/bap_stream.c:169:25:bt_audio_verify_qos	0	static
C:/ncs/v2.9.0/zephyr/subsys/bluetooth/audio/bap_stream.c:211:6:bt_audio_valid_codec_cfg	8	static
C:/ncs/v2.9.0/zephyr/subsys/bluetooth/audio/bap_stream.c:335:5:bt_bap_stream_send	16	static
C:/ncs/v2.9.0/zephyr/subsys/bluetooth/audio/bap_stream.c:340:5:bt_bap_stream_send_ts	16	static
C:/ncs/v2.9.0/zephyr/subsys/bluetooth/audio/bap_stream.c:346:5:bt_bap_stream_get_tx_sync	16	static
C:/ncs/v2.9.0/zephyr/subsys/bluetooth/audio/bap_stream.c:385:6:bt_bap_stream_can_disconnect	8	static
C:/ncs/v2.9.0/zephyr/subsys/bluetooth/audio/bap_stream.c:425:25:bt_bap_stream_verify_qos	0	static
C:/ncs/v2.9.0/zephyr/subsys/bluetooth/audio/bap_stream.c:467:5:bt_bap_stream_disconnect	8	static
C:/ncs/v2.9.0/zephyr/subsys/bluetooth/audio/bap_stream.c:444:6:bt_bap_stream_detach	16	static
C:/ncs/v2.9.0/zephyr/subsys/bluetooth/audio/bap_stream.c:487:6:bt_bap_stream_reset	8	static
C:/ncs/v2.9.0/zephyr/subsys/bluetooth/audio/bap_stream.c:674:5:bt_bap_stream_reconfig	32	static
C:/ncs/v2.9.0/zephyr/subsys/bluetooth/audio/bap_stream.c:759:5:bt_bap_stream_start	24	static
C:/ncs/v2.9.0/zephyr/subsys/bluetooth/audio/bap_stream.c:799:5:bt_bap_stream_metadata	32	static
C:/ncs/v2.9.0/zephyr/subsys/bluetooth/audio/bap_stream.c:846:5:bt_bap_stream_disable	24	static
C:/ncs/v2.9.0/zephyr/subsys/bluetooth/audio/bap_stream.c:888:5:bt_bap_stream_release	24	static
