C:/ncs/v2.9.0/zephyr/subsys/bluetooth/audio/cap_stream.c:49:13:cap_stream_configured_cb	8	static
C:/ncs/v2.9.0/zephyr/subsys/bluetooth/audio/cap_stream.c:69:13:cap_stream_qos_set_cb	8	static
C:/ncs/v2.9.0/zephyr/subsys/bluetooth/audio/cap_stream.c:88:13:cap_stream_enabled_cb	8	static
C:/ncs/v2.9.0/zephyr/subsys/bluetooth/audio/cap_stream.c:107:13:cap_stream_metadata_updated_cb	8	static
C:/ncs/v2.9.0/zephyr/subsys/bluetooth/audio/cap_stream.c:126:13:cap_stream_disabled_cb	8	static
C:/ncs/v2.9.0/zephyr/subsys/bluetooth/audio/cap_stream.c:145:13:cap_stream_released_cb	8	static
C:/ncs/v2.9.0/zephyr/subsys/bluetooth/audio/cap_stream.c:168:13:cap_stream_started_cb	8	static
C:/ncs/v2.9.0/zephyr/subsys/bluetooth/audio/cap_stream.c:187:13:cap_stream_stopped_cb	8	static
C:/ncs/v2.9.0/zephyr/subsys/bluetooth/audio/cap_stream.c:207:13:cap_stream_recv_cb	8	static
C:/ncs/v2.9.0/zephyr/subsys/bluetooth/audio/cap_stream.c:222:13:cap_stream_sent_cb	8	static
C:/ncs/v2.9.0/zephyr/subsys/bluetooth/audio/cap_stream.c:235:13:cap_stream_connected_cb	8	static
C:/ncs/v2.9.0/zephyr/subsys/bluetooth/audio/cap_stream.c:251:13:cap_stream_disconnected_cb	8	static
C:/ncs/v2.9.0/zephyr/subsys/bluetooth/audio/cap_stream.c:283:6:bt_cap_stream_ops_register_bap	8	static
C:/ncs/v2.9.0/zephyr/subsys/bluetooth/audio/cap_stream.c:288:6:bt_cap_stream_ops_register	8	static
C:/ncs/v2.9.0/zephyr/subsys/bluetooth/audio/cap_stream.c:305:5:bt_cap_stream_send	8	static
C:/ncs/v2.9.0/zephyr/subsys/bluetooth/audio/cap_stream.c:316:5:bt_cap_stream_send_ts	8	static
C:/ncs/v2.9.0/zephyr/subsys/bluetooth/audio/cap_stream.c:328:5:bt_cap_stream_get_tx_sync	8	static
