C:/ncs/v2.9.0/zephyr/subsys/bluetooth/audio/codec.c:135:13:parse_cb	0	static
C:/ncs/v2.9.0/zephyr/subsys/bluetooth/audio/codec.c:281:13:init_net_buf_simple_from_codec_cfg	0	static
C:/ncs/v2.9.0/zephyr/subsys/bluetooth/audio/codec.c:599:13:init_net_buf_simple_from_meta	0	static
C:/ncs/v2.9.0/zephyr/subsys/bluetooth/audio/codec.c:1814:13:init_net_buf_simple_from_codec_cap	0	static
C:/ncs/v2.9.0/zephyr/subsys/bluetooth/audio/codec.c:608:12:codec_meta_get_val	16	static
C:/ncs/v2.9.0/zephyr/subsys/bluetooth/audio/codec.c:685:12:codec_meta_get_pref_context	16	static
C:/ncs/v2.9.0/zephyr/subsys/bluetooth/audio/codec.c:728:12:codec_meta_get_stream_context	16	static
C:/ncs/v2.9.0/zephyr/subsys/bluetooth/audio/codec.c:771:12:codec_meta_get_program_info	16	static
C:/ncs/v2.9.0/zephyr/subsys/bluetooth/audio/codec.c:814:12:codec_meta_get_lang	16	static
C:/ncs/v2.9.0/zephyr/subsys/bluetooth/audio/codec.c:860:12:codec_meta_get_ccid_list	16	static
C:/ncs/v2.9.0/zephyr/subsys/bluetooth/audio/codec.c:903:12:codec_meta_get_parental_rating	16	static
C:/ncs/v2.9.0/zephyr/subsys/bluetooth/audio/codec.c:946:12:codec_meta_get_program_info_uri	16	static
C:/ncs/v2.9.0/zephyr/subsys/bluetooth/audio/codec.c:991:12:codec_meta_get_audio_active_state	16	static
C:/ncs/v2.9.0/zephyr/subsys/bluetooth/audio/codec.c:1034:12:codec_meta_get_bcast_audio_immediate_rend_flag	16	static
C:/ncs/v2.9.0/zephyr/subsys/bluetooth/audio/codec.c:1059:12:codec_meta_get_extended	16	static
C:/ncs/v2.9.0/zephyr/subsys/bluetooth/audio/codec.c:1102:12:codec_meta_get_vendor	16	static
C:/ncs/v2.9.0/zephyr/subsys/bluetooth/audio/codec.c:150:12:ltv_set_val	48	static
C:/ncs/v2.9.0/zephyr/subsys/bluetooth/audio/codec.c:644:12:codec_meta_set_val	32	static
C:/ncs/v2.9.0/zephyr/subsys/bluetooth/audio/codec.c:707:12:codec_meta_set_pref_context	24	static
C:/ncs/v2.9.0/zephyr/subsys/bluetooth/audio/codec.c:750:12:codec_meta_set_stream_context	24	static
C:/ncs/v2.9.0/zephyr/subsys/bluetooth/audio/codec.c:797:12:codec_meta_set_program_info	16	static
C:/ncs/v2.9.0/zephyr/subsys/bluetooth/audio/codec.c:843:12:codec_meta_set_lang	16	static
C:/ncs/v2.9.0/zephyr/subsys/bluetooth/audio/codec.c:886:12:codec_meta_set_ccid_list	16	static
C:/ncs/v2.9.0/zephyr/subsys/bluetooth/audio/codec.c:925:12:codec_meta_set_parental_rating	24	static
C:/ncs/v2.9.0/zephyr/subsys/bluetooth/audio/codec.c:972:12:codec_meta_set_program_info_uri	16	static
C:/ncs/v2.9.0/zephyr/subsys/bluetooth/audio/codec.c:1013:12:codec_meta_set_audio_active_state	24	static
C:/ncs/v2.9.0/zephyr/subsys/bluetooth/audio/codec.c:1047:12:codec_meta_set_bcast_audio_immediate_rend_flag	16	static
C:/ncs/v2.9.0/zephyr/subsys/bluetooth/audio/codec.c:1085:12:codec_meta_set_extended	16	static
C:/ncs/v2.9.0/zephyr/subsys/bluetooth/audio/codec.c:1127:12:codec_meta_set_vendor	16	static
C:/ncs/v2.9.0/zephyr/include/zephyr/logging/log_msg.h:705:20:z_log_msg_runtime_create	32	static
C:/ncs/v2.9.0/zephyr/subsys/bluetooth/audio/codec.c:236:12:ltv_unset_val	64	static
C:/ncs/v2.9.0/zephyr/subsys/bluetooth/audio/codec.c:670:12:codec_meta_unset_val	24	static
C:/ncs/v2.9.0/zephyr/subsys/bluetooth/audio/codec.c:31:5:bt_audio_codec_cfg_freq_to_freq_hz	0	static
C:/ncs/v2.9.0/zephyr/subsys/bluetooth/audio/codec.c:65:5:bt_audio_codec_cfg_freq_hz_to_freq	0	static
C:/ncs/v2.9.0/zephyr/subsys/bluetooth/audio/codec.c:99:5:bt_audio_codec_cfg_frame_dur_to_frame_dur_us	0	static
C:/ncs/v2.9.0/zephyr/subsys/bluetooth/audio/codec.c:111:5:bt_audio_codec_cfg_frame_dur_us_to_frame_dur	0	static
C:/ncs/v2.9.0/zephyr/subsys/bluetooth/audio/codec.c:290:5:bt_audio_codec_cfg_get_val	16	static
C:/ncs/v2.9.0/zephyr/subsys/bluetooth/audio/codec.c:326:5:bt_audio_codec_cfg_set_val	40	static
C:/ncs/v2.9.0/zephyr/subsys/bluetooth/audio/codec.c:358:5:bt_audio_codec_cfg_unset_val	32	static
C:/ncs/v2.9.0/zephyr/subsys/bluetooth/audio/codec.c:379:5:bt_audio_codec_cfg_get_freq	16	static
C:/ncs/v2.9.0/zephyr/subsys/bluetooth/audio/codec.c:408:5:bt_audio_codec_cfg_set_freq	24	static
C:/ncs/v2.9.0/zephyr/subsys/bluetooth/audio/codec.c:424:5:bt_audio_codec_cfg_get_frame_dur	16	static
C:/ncs/v2.9.0/zephyr/subsys/bluetooth/audio/codec.c:453:5:bt_audio_codec_cfg_set_frame_dur	24	static
C:/ncs/v2.9.0/zephyr/subsys/bluetooth/audio/codec.c:469:5:bt_audio_codec_cfg_get_chan_allocation	24	static
C:/ncs/v2.9.0/zephyr/subsys/bluetooth/audio/codec.c:508:5:bt_audio_codec_cfg_set_chan_allocation	16	static
C:/ncs/v2.9.0/zephyr/subsys/bluetooth/audio/codec.c:525:5:bt_audio_codec_cfg_get_octets_per_frame	16	static
C:/ncs/v2.9.0/zephyr/subsys/bluetooth/audio/codec.c:548:5:bt_audio_codec_cfg_set_octets_per_frame	16	static
C:/ncs/v2.9.0/zephyr/subsys/bluetooth/audio/codec.c:560:5:bt_audio_codec_cfg_get_frame_blocks_per_sdu	24	static
C:/ncs/v2.9.0/zephyr/subsys/bluetooth/audio/codec.c:588:5:bt_audio_codec_cfg_set_frame_blocks_per_sdu	16	static
C:/ncs/v2.9.0/zephyr/subsys/bluetooth/audio/codec.c:1145:5:bt_audio_codec_cfg_meta_get_val	8	static
C:/ncs/v2.9.0/zephyr/subsys/bluetooth/audio/codec.c:1156:5:bt_audio_codec_cfg_meta_set_val	16	static
C:/ncs/v2.9.0/zephyr/subsys/bluetooth/audio/codec.c:1176:5:bt_audio_codec_cfg_meta_unset_val	8	static
C:/ncs/v2.9.0/zephyr/subsys/bluetooth/audio/codec.c:1195:5:bt_audio_codec_cfg_meta_get_pref_context	16	static
C:/ncs/v2.9.0/zephyr/subsys/bluetooth/audio/codec.c:1214:5:bt_audio_codec_cfg_meta_set_pref_context	8	static
C:/ncs/v2.9.0/zephyr/subsys/bluetooth/audio/codec.c:1228:5:bt_audio_codec_cfg_meta_get_stream_context	8	static
C:/ncs/v2.9.0/zephyr/subsys/bluetooth/audio/codec.c:1238:5:bt_audio_codec_cfg_meta_set_stream_context	8	static
C:/ncs/v2.9.0/zephyr/subsys/bluetooth/audio/codec.c:1252:5:bt_audio_codec_cfg_meta_get_program_info	8	static
C:/ncs/v2.9.0/zephyr/subsys/bluetooth/audio/codec.c:1263:5:bt_audio_codec_cfg_meta_set_program_info	16	static
C:/ncs/v2.9.0/zephyr/subsys/bluetooth/audio/codec.c:1278:5:bt_audio_codec_cfg_meta_get_lang	8	static
C:/ncs/v2.9.0/zephyr/subsys/bluetooth/audio/codec.c:1289:5:bt_audio_codec_cfg_meta_set_lang	8	static
C:/ncs/v2.9.0/zephyr/subsys/bluetooth/audio/codec.c:1303:5:bt_audio_codec_cfg_meta_get_ccid_list	8	static
C:/ncs/v2.9.0/zephyr/subsys/bluetooth/audio/codec.c:1314:5:bt_audio_codec_cfg_meta_set_ccid_list	16	static
C:/ncs/v2.9.0/zephyr/subsys/bluetooth/audio/codec.c:1328:5:bt_audio_codec_cfg_meta_get_parental_rating	8	static
C:/ncs/v2.9.0/zephyr/subsys/bluetooth/audio/codec.c:1338:5:bt_audio_codec_cfg_meta_set_parental_rating	8	static
C:/ncs/v2.9.0/zephyr/subsys/bluetooth/audio/codec.c:1352:5:bt_audio_codec_cfg_meta_get_program_info_uri	8	static
C:/ncs/v2.9.0/zephyr/subsys/bluetooth/audio/codec.c:1364:5:bt_audio_codec_cfg_meta_set_program_info_uri	16	static
C:/ncs/v2.9.0/zephyr/subsys/bluetooth/audio/codec.c:1380:5:bt_audio_codec_cfg_meta_get_audio_active_state	8	static
C:/ncs/v2.9.0/zephyr/subsys/bluetooth/audio/codec.c:1390:5:bt_audio_codec_cfg_meta_set_audio_active_state	8	static
C:/ncs/v2.9.0/zephyr/subsys/bluetooth/audio/codec.c:1404:5:bt_audio_codec_cfg_meta_get_bcast_audio_immediate_rend_flag	8	static
C:/ncs/v2.9.0/zephyr/subsys/bluetooth/audio/codec.c:1415:5:bt_audio_codec_cfg_meta_set_bcast_audio_immediate_rend_flag	8	static
C:/ncs/v2.9.0/zephyr/subsys/bluetooth/audio/codec.c:1429:5:bt_audio_codec_cfg_meta_get_extended	8	static
C:/ncs/v2.9.0/zephyr/subsys/bluetooth/audio/codec.c:1440:5:bt_audio_codec_cfg_meta_set_extended	16	static
C:/ncs/v2.9.0/zephyr/subsys/bluetooth/audio/codec.c:1455:5:bt_audio_codec_cfg_meta_get_vendor	8	static
C:/ncs/v2.9.0/zephyr/subsys/bluetooth/audio/codec.c:1466:5:bt_audio_codec_cfg_meta_set_vendor	16	static
C:/ncs/v2.9.0/zephyr/subsys/bluetooth/audio/codec.c:1482:5:bt_audio_codec_cap_meta_get_val	8	static
C:/ncs/v2.9.0/zephyr/subsys/bluetooth/audio/codec.c:1493:5:bt_audio_codec_cap_meta_set_val	16	static
C:/ncs/v2.9.0/zephyr/subsys/bluetooth/audio/codec.c:1513:5:bt_audio_codec_cap_meta_unset_val	8	static
C:/ncs/v2.9.0/zephyr/subsys/bluetooth/audio/codec.c:1532:5:bt_audio_codec_cap_meta_get_pref_context	8	static
C:/ncs/v2.9.0/zephyr/subsys/bluetooth/audio/codec.c:1542:5:bt_audio_codec_cap_meta_set_pref_context	8	static
C:/ncs/v2.9.0/zephyr/subsys/bluetooth/audio/codec.c:1556:5:bt_audio_codec_cap_meta_get_stream_context	8	static
C:/ncs/v2.9.0/zephyr/subsys/bluetooth/audio/codec.c:1566:5:bt_audio_codec_cap_meta_set_stream_context	8	static
C:/ncs/v2.9.0/zephyr/subsys/bluetooth/audio/codec.c:1580:5:bt_audio_codec_cap_meta_get_program_info	8	static
C:/ncs/v2.9.0/zephyr/subsys/bluetooth/audio/codec.c:1591:5:bt_audio_codec_cap_meta_set_program_info	16	static
C:/ncs/v2.9.0/zephyr/subsys/bluetooth/audio/codec.c:1606:5:bt_audio_codec_cap_meta_get_lang	8	static
C:/ncs/v2.9.0/zephyr/subsys/bluetooth/audio/codec.c:1617:5:bt_audio_codec_cap_meta_set_lang	8	static
C:/ncs/v2.9.0/zephyr/subsys/bluetooth/audio/codec.c:1631:5:bt_audio_codec_cap_meta_get_ccid_list	8	static
C:/ncs/v2.9.0/zephyr/subsys/bluetooth/audio/codec.c:1642:5:bt_audio_codec_cap_meta_set_ccid_list	16	static
C:/ncs/v2.9.0/zephyr/subsys/bluetooth/audio/codec.c:1656:5:bt_audio_codec_cap_meta_get_parental_rating	8	static
C:/ncs/v2.9.0/zephyr/subsys/bluetooth/audio/codec.c:1666:5:bt_audio_codec_cap_meta_set_parental_rating	8	static
C:/ncs/v2.9.0/zephyr/subsys/bluetooth/audio/codec.c:1680:5:bt_audio_codec_cap_meta_get_program_info_uri	8	static
C:/ncs/v2.9.0/zephyr/subsys/bluetooth/audio/codec.c:1692:5:bt_audio_codec_cap_meta_set_program_info_uri	16	static
C:/ncs/v2.9.0/zephyr/subsys/bluetooth/audio/codec.c:1708:5:bt_audio_codec_cap_meta_get_audio_active_state	8	static
C:/ncs/v2.9.0/zephyr/subsys/bluetooth/audio/codec.c:1718:5:bt_audio_codec_cap_meta_set_audio_active_state	8	static
C:/ncs/v2.9.0/zephyr/subsys/bluetooth/audio/codec.c:1732:5:bt_audio_codec_cap_meta_get_bcast_audio_immediate_rend_flag	8	static
C:/ncs/v2.9.0/zephyr/subsys/bluetooth/audio/codec.c:1743:5:bt_audio_codec_cap_meta_set_bcast_audio_immediate_rend_flag	8	static
C:/ncs/v2.9.0/zephyr/subsys/bluetooth/audio/codec.c:1757:5:bt_audio_codec_cap_meta_get_extended	8	static
C:/ncs/v2.9.0/zephyr/subsys/bluetooth/audio/codec.c:1768:5:bt_audio_codec_cap_meta_set_extended	16	static
C:/ncs/v2.9.0/zephyr/subsys/bluetooth/audio/codec.c:1783:5:bt_audio_codec_cap_meta_get_vendor	8	static
C:/ncs/v2.9.0/zephyr/subsys/bluetooth/audio/codec.c:1794:5:bt_audio_codec_cap_meta_set_vendor	16	static
C:/ncs/v2.9.0/zephyr/subsys/bluetooth/audio/codec.c:1823:5:bt_audio_codec_cap_get_val	16	static
C:/ncs/v2.9.0/zephyr/subsys/bluetooth/audio/codec.c:1859:5:bt_audio_codec_cap_set_val	40	static
C:/ncs/v2.9.0/zephyr/subsys/bluetooth/audio/codec.c:1891:5:bt_audio_codec_cap_unset_val	32	static
C:/ncs/v2.9.0/zephyr/subsys/bluetooth/audio/codec.c:1912:5:bt_audio_codec_cap_get_freq	16	static
C:/ncs/v2.9.0/zephyr/subsys/bluetooth/audio/codec.c:1934:5:bt_audio_codec_cap_set_freq	16	static
C:/ncs/v2.9.0/zephyr/subsys/bluetooth/audio/codec.c:1955:5:bt_audio_codec_cap_get_frame_dur	16	static
C:/ncs/v2.9.0/zephyr/subsys/bluetooth/audio/codec.c:1977:5:bt_audio_codec_cap_set_frame_dur	16	static
C:/ncs/v2.9.0/zephyr/subsys/bluetooth/audio/codec.c:2016:5:bt_audio_codec_cap_get_supported_audio_chan_counts	24	static
C:/ncs/v2.9.0/zephyr/subsys/bluetooth/audio/codec.c:2043:5:bt_audio_codec_cap_set_supported_audio_chan_counts	16	static
C:/ncs/v2.9.0/zephyr/subsys/bluetooth/audio/codec.c:2064:5:bt_audio_codec_cap_get_octets_per_frame	16	static
C:/ncs/v2.9.0/zephyr/subsys/bluetooth/audio/codec.c:2096:5:bt_audio_codec_cap_set_octets_per_frame	16	static
C:/ncs/v2.9.0/zephyr/subsys/bluetooth/audio/codec.c:2124:5:bt_audio_codec_cap_get_max_codec_frames_per_sdu	24	static
C:/ncs/v2.9.0/zephyr/subsys/bluetooth/audio/codec.c:2152:5:bt_audio_codec_cap_set_max_codec_frames_per_sdu	16	static
