C:/ncs/v2.9.0/zephyr/subsys/bluetooth/audio/csip_set_member.c:314:13:set_size_cfg_changed	0	static
C:/ncs/v2.9.0/zephyr/subsys/bluetooth/audio/csip_set_member.c:426:13:set_lock_cfg_changed	0	static
C:/ncs/v2.9.0/zephyr/subsys/bluetooth/audio/csip_set_member.c:667:13:valid_register_param	0	static
C:/ncs/v2.9.0/zephyr/subsys/bluetooth/audio/csip_set_member.c:184:12:generate_prand	16	static
C:/ncs/v2.9.0/zephyr/include/zephyr/logging/log_msg.h:705:20:z_log_msg_runtime_create	32	static
C:/ncs/v2.9.0/zephyr/include/zephyr/sys/atomic.h:127:20:atomic_test_bit	0	static
C:/ncs/v2.9.0/zephyr/subsys/bluetooth/audio/csip_set_member.c:89:13:is_last_client_to_write	8	static
C:/ncs/v2.9.0/zephyr/include/zephyr/sys/atomic.h:209:20:atomic_set_bit	0	static
C:/ncs/v2.9.0/zephyr/subsys/bluetooth/audio/csip_set_member.c:786:13:deferred_nfy_work_handler	8	static
C:/ncs/v2.9.0/zephyr/include/zephyr/sys/atomic.h:147:20:atomic_test_and_clear_bit	4	static
C:/ncs/v2.9.0/zephyr/include/zephyr/bluetooth/gatt.h:1364:19:bt_gatt_notify_uuid	32	static
C:/ncs/v2.9.0/zephyr/subsys/bluetooth/audio/csip_set_member.c:734:13:notify	24	static
C:/ncs/v2.9.0/zephyr/subsys/bluetooth/audio/csip_set_member.c:753:13:notify_cb	72	static
C:/ncs/v2.9.0/zephyr/subsys/bluetooth/audio/csip_set_member.c:101:13:notify_work_reschedule	32	static
C:/ncs/v2.9.0/zephyr/subsys/bluetooth/audio/csip_set_member.c:116:13:notify_clients	32	static
C:/ncs/v2.9.0/zephyr/subsys/bluetooth/audio/csip_set_member.c:445:13:set_lock_timer_handler	16	static
C:/ncs/v2.9.0/zephyr/subsys/bluetooth/audio/csip_set_member.c:493:13:handle_csip_disconnect	24	static
C:/ncs/v2.9.0/zephyr/subsys/bluetooth/audio/csip_set_member.c:536:13:handle_csip_auth_complete	40	static
C:/ncs/v2.9.0/zephyr/subsys/bluetooth/audio/csip_set_member.c:570:13:auth_pairing_complete	16	static
C:/ncs/v2.9.0/zephyr/include/zephyr/bluetooth/addr.h:242:19:bt_addr_le_to_str	64	static
C:/ncs/v2.9.0/zephyr/subsys/bluetooth/audio/csip_set_member.c:791:13:add_bonded_addr_to_client_list	40	static
C:/ncs/v2.9.0/zephyr/subsys/bluetooth/audio/csip_set_member.c:595:13:csip_bond_deleted	32	static
C:/ncs/v2.9.0/zephyr/subsys/bluetooth/audio/csip_set_member.c:465:13:csip_security_changed	16	static
C:/ncs/v2.9.0/zephyr/subsys/bluetooth/audio/csip_set_member.c:525:13:csip_disconnected	16	static
C:/ncs/v2.9.0/zephyr/subsys/bluetooth/audio/csip_set_member.c:432:16:read_rank	32	static
C:/ncs/v2.9.0/zephyr/subsys/bluetooth/audio/csip_set_member.c:320:16:read_set_lock	32	static
C:/ncs/v2.9.0/zephyr/subsys/bluetooth/audio/csip_set_member.c:301:16:read_set_size	32	static
C:/ncs/v2.9.0/zephyr/subsys/bluetooth/audio/csip_set_member.c:343:16:set_lock	24	static
C:/ncs/v2.9.0/zephyr/subsys/bluetooth/audio/csip_set_member.c:401:16:write_set_lock	24	static
C:/ncs/v2.9.0/zephyr/subsys/bluetooth/audio/csip_set_member.c:144:12:sirk_encrypt	8	static
C:/ncs/v2.9.0/zephyr/subsys/bluetooth/audio/csip_set_member.c:242:16:read_sirk	64	static
C:/ncs/v2.9.0/zephyr/subsys/bluetooth/audio/csip_set_member.c:690:13:remove_csis_char	32	static
C:/ncs/v2.9.0/zephyr/subsys/bluetooth/audio/csip_set_member.c:211:5:bt_csip_set_member_generate_rsi	40	static
C:/ncs/v2.9.0/zephyr/subsys/bluetooth/audio/csip_set_member.c:658:7:bt_csip_set_member_svc_decl_get	0	static
C:/ncs/v2.9.0/zephyr/subsys/bluetooth/audio/csip_set_member.c:814:5:bt_csip_set_member_register	48	static
C:/ncs/v2.9.0/zephyr/subsys/bluetooth/audio/csip_set_member.c:897:5:bt_csip_set_member_unregister	16	static
C:/ncs/v2.9.0/zephyr/subsys/bluetooth/audio/csip_set_member.c:918:5:bt_csip_set_member_sirk	8	static
C:/ncs/v2.9.0/zephyr/subsys/bluetooth/audio/csip_set_member.c:938:5:bt_csip_set_member_get_sirk	0	static
C:/ncs/v2.9.0/zephyr/subsys/bluetooth/audio/csip_set_member.c:956:5:bt_csip_set_member_lock	8	static
