C:/ncs/v2.9.0/zephyr/subsys/bluetooth/audio/mcc.c:242:13:mcc_track_duration_cb	8	static
C:/ncs/v2.9.0/zephyr/subsys/bluetooth/audio/mcc.c:278:13:mcc_track_position_cb	8	static
C:/ncs/v2.9.0/zephyr/subsys/bluetooth/audio/mcc.c:340:13:mcc_playback_speed_cb	8	static
C:/ncs/v2.9.0/zephyr/subsys/bluetooth/audio/mcc.c:401:13:mcc_seeking_speed_cb	8	static
C:/ncs/v2.9.0/zephyr/subsys/bluetooth/audio/mcc.c:710:13:mcc_playing_order_cb	8	static
C:/ncs/v2.9.0/zephyr/subsys/bluetooth/audio/mcc.c:800:13:mcc_media_state_cb	8	static
C:/ncs/v2.9.0/zephyr/subsys/bluetooth/audio/mcc.c:871:13:mcc_opcodes_supported_cb	8	static
C:/ncs/v2.9.0/zephyr/subsys/bluetooth/audio/mcc.c:1170:12:reset_mcs_inst	48	static
C:/ncs/v2.9.0/zephyr/subsys/bluetooth/audio/mcc.c:95:13:mcc_player_name_cb	48	static
C:/ncs/v2.9.0/zephyr/subsys/bluetooth/audio/mcc.c:203:13:mcc_track_title_cb	64	static
C:/ncs/v2.9.0/zephyr/subsys/bluetooth/audio/mcc.c:1604:12:do_subscribe	8	static
C:/ncs/v2.9.0/zephyr/include/zephyr/sys/atomic.h:170:20:atomic_test_and_set_bit	0	static
C:/ncs/v2.9.0/zephyr/include/zephyr/logging/log_msg.h:705:20:z_log_msg_runtime_create	32	static
C:/ncs/v2.9.0/zephyr/subsys/bluetooth/audio/mcc.c:123:16:mcc_read_player_name_cb	8	static
C:/ncs/v2.9.0/zephyr/subsys/bluetooth/audio/mcc.c:171:16:mcc_read_icon_url_cb	64	static
C:/ncs/v2.9.0/zephyr/subsys/bluetooth/audio/mcc.c:228:16:mcc_read_track_title_cb	8	static
C:/ncs/v2.9.0/zephyr/subsys/bluetooth/audio/mcc.c:264:16:mcc_read_track_duration_cb	8	static
C:/ncs/v2.9.0/zephyr/subsys/bluetooth/audio/mcc.c:300:16:mcc_read_track_position_cb	8	static
C:/ncs/v2.9.0/zephyr/subsys/bluetooth/audio/mcc.c:314:13:mcs_write_track_position_cb	8	static
C:/ncs/v2.9.0/zephyr/subsys/bluetooth/audio/mcc.c:362:16:mcc_read_playback_speed_cb	8	static
C:/ncs/v2.9.0/zephyr/subsys/bluetooth/audio/mcc.c:376:13:mcs_write_playback_speed_cb	8	static
C:/ncs/v2.9.0/zephyr/subsys/bluetooth/audio/mcc.c:423:16:mcc_read_seeking_speed_cb	8	static
C:/ncs/v2.9.0/zephyr/subsys/bluetooth/audio/mcc.c:732:16:mcc_read_playing_order_cb	8	static
C:/ncs/v2.9.0/zephyr/subsys/bluetooth/audio/mcc.c:746:13:mcs_write_playing_order_cb	8	static
C:/ncs/v2.9.0/zephyr/subsys/bluetooth/audio/mcc.c:771:16:mcc_read_playing_orders_supported_cb	8	static
C:/ncs/v2.9.0/zephyr/subsys/bluetooth/audio/mcc.c:821:16:mcc_read_media_state_cb	8	static
C:/ncs/v2.9.0/zephyr/subsys/bluetooth/audio/mcc.c:835:13:mcs_write_cp_cb	16	static
C:/ncs/v2.9.0/zephyr/subsys/bluetooth/audio/mcc.c:894:16:mcc_read_opcodes_supported_cb	8	static
C:/ncs/v2.9.0/zephyr/subsys/bluetooth/audio/mcc.c:978:16:mcc_read_content_control_id_cb	8	static
C:/ncs/v2.9.0/zephyr/subsys/bluetooth/audio/mcc.c:85:24:lookup_inst_by_conn	0	static
C:/ncs/v2.9.0/zephyr/subsys/bluetooth/audio/mcc.c:1353:13:disconnected_cb	8	static
C:/ncs/v2.9.0/zephyr/subsys/bluetooth/audio/mcc.c:1007:16:mcs_notify_handler	32	static
C:/ncs/v2.9.0/zephyr/subsys/bluetooth/audio/mcc.c:1368:13:discovery_complete	16	static
C:/ncs/v2.9.0/zephyr/subsys/bluetooth/audio/mcc.c:2008:16:discover_primary_func	32	static
C:/ncs/v2.9.0/zephyr/subsys/bluetooth/audio/mcc.c:1625:13:subscribe_next_mcs_char	8	static
C:/ncs/v2.9.0/zephyr/subsys/bluetooth/audio/mcc.c:1768:16:discover_mcs_char_func	72	static
C:/ncs/v2.9.0/zephyr/subsys/bluetooth/audio/mcc.c:1565:13:subscribe_mcs_char_func	16	static
C:/ncs/v2.9.0/zephyr/subsys/bluetooth/audio/mcc.c:2062:5:bt_mcc_init	0	static
C:/ncs/v2.9.0/zephyr/subsys/bluetooth/audio/mcc.c:2095:5:bt_mcc_discover_mcs	32	static
C:/ncs/v2.9.0/zephyr/subsys/bluetooth/audio/mcc.c:2143:5:bt_mcc_read_player_name	16	static
C:/ncs/v2.9.0/zephyr/subsys/bluetooth/audio/mcc.c:2222:5:bt_mcc_read_icon_url	16	static
C:/ncs/v2.9.0/zephyr/subsys/bluetooth/audio/mcc.c:2262:5:bt_mcc_read_track_title	16	static
C:/ncs/v2.9.0/zephyr/subsys/bluetooth/audio/mcc.c:2302:5:bt_mcc_read_track_duration	16	static
C:/ncs/v2.9.0/zephyr/subsys/bluetooth/audio/mcc.c:2342:5:bt_mcc_read_track_position	16	static
C:/ncs/v2.9.0/zephyr/subsys/bluetooth/audio/mcc.c:2382:5:bt_mcc_set_track_position	24	static
C:/ncs/v2.9.0/zephyr/subsys/bluetooth/audio/mcc.c:2427:5:bt_mcc_read_playback_speed	16	static
C:/ncs/v2.9.0/zephyr/subsys/bluetooth/audio/mcc.c:2467:5:bt_mcc_set_playback_speed	24	static
C:/ncs/v2.9.0/zephyr/subsys/bluetooth/audio/mcc.c:2512:5:bt_mcc_read_seeking_speed	16	static
C:/ncs/v2.9.0/zephyr/subsys/bluetooth/audio/mcc.c:2885:5:bt_mcc_read_playing_order	16	static
C:/ncs/v2.9.0/zephyr/subsys/bluetooth/audio/mcc.c:2925:5:bt_mcc_set_playing_order	24	static
C:/ncs/v2.9.0/zephyr/subsys/bluetooth/audio/mcc.c:2977:5:bt_mcc_read_playing_orders_supported	16	static
C:/ncs/v2.9.0/zephyr/subsys/bluetooth/audio/mcc.c:3017:5:bt_mcc_read_media_state	16	static
C:/ncs/v2.9.0/zephyr/subsys/bluetooth/audio/mcc.c:3057:5:bt_mcc_send_cmd	24	static
C:/ncs/v2.9.0/zephyr/subsys/bluetooth/audio/mcc.c:3121:5:bt_mcc_read_opcodes_supported	16	static
C:/ncs/v2.9.0/zephyr/subsys/bluetooth/audio/mcc.c:3256:5:bt_mcc_read_content_control_id	16	static
