C:/ncs/v2.9.0/zephyr/include/zephyr/sys/slist.h:408:1:sys_slist_remove	0	static
C:/ncs/v2.9.0/zephyr/include/zephyr/sys/slist.h:450:1:sys_slist_find_and_remove	8	static
C:/ncs/v2.9.0/zephyr/subsys/bluetooth/audio/pacs.c:184:13:foreach_cap	16	static
C:/ncs/v2.9.0/zephyr/subsys/bluetooth/audio/pacs.c:210:13:available_context_cfg_changed	0	static
C:/ncs/v2.9.0/zephyr/subsys/bluetooth/audio/pacs.c:271:17:supported_context_get	0	static
C:/ncs/v2.9.0/zephyr/subsys/bluetooth/audio/pacs.c:387:13:snk_cfg_changed	0	static
C:/ncs/v2.9.0/zephyr/subsys/bluetooth/audio/pacs.c:416:13:set_snk_location	0	static
C:/ncs/v2.9.0/zephyr/subsys/bluetooth/audio/pacs.c:492:13:src_cfg_changed	0	static
C:/ncs/v2.9.0/zephyr/subsys/bluetooth/audio/pacs.c:521:13:set_src_location	0	static
C:/ncs/v2.9.0/zephyr/subsys/bluetooth/audio/pacs.c:569:21:pacs_get	0	static
C:/ncs/v2.9.0/zephyr/subsys/bluetooth/audio/pacs.c:289:16:supported_context_read	48	static
C:/ncs/v2.9.0/zephyr/subsys/bluetooth/audio/pacs.c:500:16:src_loc_read	32	static
C:/ncs/v2.9.0/zephyr/subsys/bluetooth/audio/pacs.c:395:16:snk_loc_read	32	static
C:/ncs/v2.9.0/zephyr/include/zephyr/sys/atomic.h:127:20:atomic_test_bit	0	static
C:/ncs/v2.9.0/zephyr/subsys/bluetooth/audio/pacs.c:116:28:client_lookup_conn	16	static
C:/ncs/v2.9.0/zephyr/subsys/bluetooth/audio/pacs.c:196:13:get_pac_records	24	static
C:/ncs/v2.9.0/zephyr/subsys/bluetooth/audio/pacs.c:139:13:build_pac_records	32	static
C:/ncs/v2.9.0/zephyr/subsys/bluetooth/audio/pacs.c:464:16:src_read	40	static
C:/ncs/v2.9.0/zephyr/subsys/bluetooth/audio/pacs.c:359:16:snk_read	40	static
C:/ncs/v2.9.0/zephyr/subsys/bluetooth/audio/pacs.c:924:13:deferred_nfy_work_handler	8	static
C:/ncs/v2.9.0/zephyr/include/zephyr/logging/log_msg.h:705:20:z_log_msg_runtime_create	32	static
C:/ncs/v2.9.0/zephyr/subsys/bluetooth/audio/pacs.c:799:6:pacs_gatt_notify_complete_cb	8	static
C:/ncs/v2.9.0/zephyr/subsys/bluetooth/audio/pacs.c:806:12:pacs_gatt_notify	32	static
C:/ncs/v2.9.0/zephyr/subsys/bluetooth/audio/pacs.c:713:12:pac_notify	40	static
C:/ncs/v2.9.0/zephyr/include/zephyr/sys/atomic.h:191:20:atomic_clear_bit	0	static
C:/ncs/v2.9.0/zephyr/subsys/bluetooth/audio/pacs.c:959:13:pacs_bond_deleted	32	static
C:/ncs/v2.9.0/zephyr/include/zephyr/sys/atomic.h:209:20:atomic_set_bit	0	static
C:/ncs/v2.9.0/zephyr/subsys/bluetooth/audio/pacs.c:130:13:pacs_set_notify_bit	16	static
C:/ncs/v2.9.0/zephyr/subsys/bluetooth/audio/pacs.c:304:12:set_available_contexts	8	static
C:/ncs/v2.9.0/zephyr/subsys/bluetooth/audio/pacs.c:323:12:set_supported_contexts	24	static
C:/ncs/v2.9.0/zephyr/subsys/bluetooth/audio/pacs.c:929:13:pacs_auth_pairing_complete	24	static
C:/ncs/v2.9.0/zephyr/include/zephyr/sys/atomic.h:228:20:atomic_set_bit_to	0	static
C:/ncs/v2.9.0/zephyr/subsys/bluetooth/audio/pacs.c:975:13:pacs_security_changed	16	static
C:/ncs/v2.9.0/zephyr/include/zephyr/bluetooth/addr.h:242:19:bt_addr_le_to_str	64	static
C:/ncs/v2.9.0/zephyr/subsys/bluetooth/audio/pacs.c:1064:13:add_bonded_addr_to_client_list	48	static
C:/ncs/v2.9.0/zephyr/subsys/bluetooth/audio/pacs.c:1047:6:bt_pacs_cap_foreach	32	static
C:/ncs/v2.9.0/zephyr/subsys/bluetooth/audio/pacs.c:1081:5:bt_pacs_cap_register	16	static
C:/ncs/v2.9.0/zephyr/subsys/bluetooth/audio/pacs.c:1127:5:bt_pacs_cap_unregister	16	static
C:/ncs/v2.9.0/zephyr/subsys/bluetooth/audio/pacs.c:1166:5:bt_pacs_set_location	8	static
C:/ncs/v2.9.0/zephyr/subsys/bluetooth/audio/pacs.c:1182:5:bt_pacs_set_available_contexts	8	static
C:/ncs/v2.9.0/zephyr/subsys/bluetooth/audio/pacs.c:1255:5:bt_pacs_set_supported_contexts	8	static
C:/ncs/v2.9.0/zephyr/subsys/bluetooth/audio/pacs.c:1286:23:bt_pacs_get_available_contexts	0	static
C:/ncs/v2.9.0/zephyr/subsys/bluetooth/audio/pacs.c:215:30:pacs_get_available_contexts_for_conn	8	static
C:/ncs/v2.9.0/zephyr/subsys/bluetooth/audio/pacs.c:246:16:available_contexts_read	48	static
C:/ncs/v2.9.0/zephyr/subsys/bluetooth/audio/pacs.c:761:12:available_contexts_notify	32	static
C:/ncs/v2.9.0/zephyr/subsys/bluetooth/audio/pacs.c:837:13:notify_cb	64	static
C:/ncs/v2.9.0/zephyr/subsys/bluetooth/audio/pacs.c:1003:13:pacs_disconnected	16	static
C:/ncs/v2.9.0/zephyr/subsys/bluetooth/audio/pacs.c:1196:5:bt_pacs_conn_set_available_contexts_for_conn	80	static
C:/ncs/v2.9.0/zephyr/subsys/bluetooth/audio/pacs.c:1298:23:bt_pacs_get_available_contexts_for_conn	24	static
