C:/ncs/v2.9.0/zephyr/subsys/bluetooth/audio/vcp_vol_rend.c:75:13:volume_state_cfg_changed	0	static
C:/ncs/v2.9.0/zephyr/subsys/bluetooth/audio/vcp_vol_rend.c:93:20:vol_rend_notify_str	0	static
C:/ncs/v2.9.0/zephyr/include/zephyr/sys/atomic.h:147:20:atomic_test_and_clear_bit	4	static
C:/ncs/v2.9.0/zephyr/include/zephyr/bluetooth/gatt.h:1364:19:bt_gatt_notify_uuid	32	static
C:/ncs/v2.9.0/zephyr/include/zephyr/sys/atomic.h:209:20:atomic_set_bit	0	static
C:/ncs/v2.9.0/zephyr/include/zephyr/logging/log_msg.h:705:20:z_log_msg_runtime_create	32	static
C:/ncs/v2.9.0/zephyr/subsys/bluetooth/audio/vcp_vol_rend.c:105:13:notify_work_reschedule	48	static
C:/ncs/v2.9.0/zephyr/subsys/bluetooth/audio/vcp_vol_rend.c:150:13:value_changed	8	static
C:/ncs/v2.9.0/zephyr/subsys/bluetooth/audio/vcp_vol_rend.c:155:16:write_vcs_control	24	static
C:/ncs/v2.9.0/zephyr/subsys/bluetooth/audio/vcp_vol_rend.c:122:13:notify	40	static
C:/ncs/v2.9.0/zephyr/subsys/bluetooth/audio/vcp_vol_rend.c:135:13:notify_work_handler	32	static
C:/ncs/v2.9.0/zephyr/subsys/bluetooth/audio/vcp_vol_rend.c:297:16:read_flags	24	static
C:/ncs/v2.9.0/zephyr/subsys/bluetooth/audio/vcp_vol_rend.c:81:16:read_vol_state	24	static
C:/ncs/v2.9.0/zephyr/subsys/bluetooth/audio/vcp_vol_rend.c:435:5:bt_vcp_vol_rend_register	24	static
C:/ncs/v2.9.0/zephyr/subsys/bluetooth/audio/vcp_vol_rend.c:498:5:bt_vcp_vol_rend_included_get	0	static
C:/ncs/v2.9.0/zephyr/subsys/bluetooth/audio/vcp_vol_rend.c:513:5:bt_vcp_vol_rend_set_step	0	static
C:/ncs/v2.9.0/zephyr/subsys/bluetooth/audio/vcp_vol_rend.c:523:5:bt_vcp_vol_rend_get_state	8	static
C:/ncs/v2.9.0/zephyr/subsys/bluetooth/audio/vcp_vol_rend.c:532:5:bt_vcp_vol_rend_get_flags	8	static
C:/ncs/v2.9.0/zephyr/subsys/bluetooth/audio/vcp_vol_rend.c:541:5:bt_vcp_vol_rend_vol_down	24	static
C:/ncs/v2.9.0/zephyr/subsys/bluetooth/audio/vcp_vol_rend.c:554:5:bt_vcp_vol_rend_vol_up	24	static
C:/ncs/v2.9.0/zephyr/subsys/bluetooth/audio/vcp_vol_rend.c:567:5:bt_vcp_vol_rend_unmute_vol_down	24	static
C:/ncs/v2.9.0/zephyr/subsys/bluetooth/audio/vcp_vol_rend.c:580:5:bt_vcp_vol_rend_unmute_vol_up	24	static
C:/ncs/v2.9.0/zephyr/subsys/bluetooth/audio/vcp_vol_rend.c:593:5:bt_vcp_vol_rend_set_vol	24	static
C:/ncs/v2.9.0/zephyr/subsys/bluetooth/audio/vcp_vol_rend.c:609:5:bt_vcp_vol_rend_unmute	24	static
C:/ncs/v2.9.0/zephyr/subsys/bluetooth/audio/vcp_vol_rend.c:622:5:bt_vcp_vol_rend_mute	24	static
