C:/ncs/v2.9.0/zephyr/subsys/shell/shell.c:50:13:cmd_buffer_clear	0	static
C:/ncs/v2.9.0/zephyr/subsys/shell/shell.c:571:13:active_cmd_prepare	12	static
C:/ncs/v2.9.0/zephyr/subsys/shell/shell.c:594:13:wildcard_check_report	0	static
C:/ncs/v2.9.0/zephyr/subsys/shell/shell.c:942:13:process_nl	0	static
C:/ncs/v2.9.0/zephyr/subsys/shell/shell.c:78:12:cmd_precheck	8	static
C:/ncs/v2.9.0/zephyr/subsys/shell/shell.c:1173:13:shell_log_process	24	static
C:/ncs/v2.9.0/zephyr/subsys/shell/shell.c:165:13:history_purge	8	static
C:/ncs/v2.9.0/zephyr/subsys/shell/shell.c:1266:12:instance_uninit	16	static
C:/ncs/v2.9.0/zephyr/subsys/shell/shell_ops.h:203:20:z_flag_print_noinit_set	0	static
C:/ncs/v2.9.0/zephyr/subsys/shell/shell.c:96:20:state_set	8	static
C:/ncs/v2.9.0/zephyr/subsys/shell/shell_ops.h:229:20:z_flag_handle_log_set	0	static
C:/ncs/v2.9.0/zephyr/subsys/shell/shell_ops.h:136:20:z_flag_tx_rdy_set	0	static
C:/ncs/v2.9.0/zephyr/subsys/shell/shell_ops.h:175:20:z_flag_cmd_ctx_set	0	static
C:/ncs/v2.9.0/zephyr/subsys/shell/shell_ops.h:162:20:z_flag_history_exit_set	0	static
C:/ncs/v2.9.0/zephyr/subsys/shell/shell_ops.h:58:20:z_flag_insert_mode_set	0	static
C:/ncs/v2.9.0/zephyr/subsys/shell/shell_ops.h:123:20:z_flag_processing_set	0	static
C:/ncs/v2.9.0/zephyr/subsys/shell/shell_ops.h:71:20:z_flag_use_colors_set	0	static
C:/ncs/v2.9.0/zephyr/subsys/shell/shell_ops.h:84:20:z_flag_use_vt100_set	0	static
C:/ncs/v2.9.0/zephyr/subsys/shell/shell_ops.h:97:20:z_flag_echo_set	0	static
C:/ncs/v2.9.0/zephyr/subsys/shell/shell_ops.h:110:20:z_flag_obscure_set	0	static
C:/ncs/v2.9.0/zephyr/subsys/shell/shell_ops.h:149:20:z_flag_mode_delete_set	0	static
C:/ncs/v2.9.0/zephyr/subsys/shell/shell.c:1311:13:kill_handler	8	static
C:/ncs/v2.9.0/zephyr/subsys/shell/shell.c:1295:13:shell_signal_handle	24	static
C:/ncs/v2.9.0/zephyr/subsys/shell/shell.c:1162:13:transport_evt_handler	8	static
C:/ncs/v2.9.0/zephyr/subsys/shell/shell.c:156:13:history_init	8	static
C:/ncs/v2.9.0/zephyr/subsys/shell/shell_ops.h:18:20:z_shell_raw_fprintf	12	static
C:/ncs/v2.9.0/zephyr/subsys/shell/shell_ops.h:240:20:z_clear_eos	8	static
C:/ncs/v2.9.0/zephyr/subsys/shell/shell.c:174:13:history_mode_exit	8	static
C:/ncs/v2.9.0/zephyr/subsys/shell/shell.c:184:13:history_put	8	static
C:/ncs/v2.9.0/zephyr/subsys/shell/shell.c:57:13:shell_internal_help_print	8	static
C:/ncs/v2.9.0/zephyr/subsys/shell/shell.c:516:12:exec_cmd	24	static
C:/ncs/v2.9.0/zephyr/subsys/shell/shell.c:627:12:execute	184	static
C:/ncs/v2.9.0/zephyr/subsys/shell/shell.c:843:13:alt_metakeys_handle	8	static
C:/ncs/v2.9.0/zephyr/subsys/shell/shell.c:193:13:history_handle	32	static
C:/ncs/v2.9.0/zephyr/subsys/shell/shell.c:869:13:ctrl_metakeys_handle	8	static
C:/ncs/v2.9.0/zephyr/subsys/shell/shell.c:968:13:state_collect	40	static
C:/ncs/v2.9.0/zephyr/subsys/shell/shell.c:1482:6:shell_process	8	static
C:/ncs/v2.9.0/zephyr/subsys/shell/shell.c:1406:6:shell_uninit	8	static
C:/ncs/v2.9.0/zephyr/subsys/shell/shell.c:1430:5:shell_start	8	static
C:/ncs/v2.9.0/zephyr/subsys/shell/shell.c:1325:6:shell_thread	16	static
C:/ncs/v2.9.0/zephyr/subsys/shell/shell.c:1461:5:shell_stop	8	static
C:/ncs/v2.9.0/zephyr/subsys/shell/shell.c:1507:21:shell_backend_get_by_name	16	static
C:/ncs/v2.9.0/zephyr/subsys/shell/shell.c:1521:6:shell_vfprintf	24	static
C:/ncs/v2.9.0/zephyr/subsys/shell/shell.c:1558:6:shell_fprintf_impl	16	static
C:/ncs/v2.9.0/zephyr/subsys/shell/shell.c:1568:6:shell_fprintf_info	12	static
C:/ncs/v2.9.0/zephyr/subsys/shell/shell.c:1577:6:shell_fprintf_normal	12	static
C:/ncs/v2.9.0/zephyr/subsys/shell/shell.c:1821:12:cmd_help	8	static
C:/ncs/v2.9.0/zephyr/subsys/shell/shell.c:1586:6:shell_fprintf_warn	12	static
C:/ncs/v2.9.0/zephyr/subsys/shell/shell.c:1595:6:shell_fprintf_error	12	static
C:/ncs/v2.9.0/zephyr/subsys/shell/shell.c:1604:6:shell_hexdump_line	24	static
C:/ncs/v2.9.0/zephyr/subsys/shell/shell.c:1646:6:shell_hexdump	24	static
C:/ncs/v2.9.0/zephyr/subsys/shell/shell.c:1663:5:shell_prompt_change	24	static
C:/ncs/v2.9.0/zephyr/subsys/shell/shell.c:1204:12:instance_init	24	static
C:/ncs/v2.9.0/zephyr/subsys/shell/shell.c:1377:5:shell_init	48	static
C:/ncs/v2.9.0/zephyr/subsys/shell/shell.c:1696:6:shell_help	8	static
C:/ncs/v2.9.0/zephyr/subsys/shell/shell.c:1703:5:shell_execute_cmd	16	static
C:/ncs/v2.9.0/zephyr/subsys/shell/shell.c:1740:5:shell_insert_mode_set	8	static
C:/ncs/v2.9.0/zephyr/subsys/shell/shell.c:1749:5:shell_use_colors_set	8	static
C:/ncs/v2.9.0/zephyr/subsys/shell/shell.c:1758:5:shell_use_vt100_set	8	static
C:/ncs/v2.9.0/zephyr/subsys/shell/shell.c:1767:5:shell_get_return_value	0	static
C:/ncs/v2.9.0/zephyr/subsys/shell/shell.c:1776:5:shell_echo_set	8	static
C:/ncs/v2.9.0/zephyr/subsys/shell/shell.c:1785:5:shell_obscure_set	8	static
C:/ncs/v2.9.0/zephyr/subsys/shell/shell.c:1794:5:shell_mode_delete_set	8	static
C:/ncs/v2.9.0/zephyr/subsys/shell/shell.c:1803:6:shell_set_bypass	8	static
C:/ncs/v2.9.0/zephyr/subsys/shell/shell.c:1814:6:shell_ready	8	static
