C:/ncs/v2.9.0/zephyr/subsys/shell/shell_ops.c:122:17:shift_calc	12	static
C:/ncs/v2.9.0/zephyr/subsys/shell/shell_ops.h:18:20:z_shell_raw_fprintf	12	static
C:/ncs/v2.9.0/zephyr/subsys/shell/shell_ops.h:246:20:z_cursor_save	8	static
C:/ncs/v2.9.0/zephyr/subsys/shell/shell_ops.h:240:20:z_clear_eos	8	static
C:/ncs/v2.9.0/zephyr/subsys/shell/shell_ops.h:252:20:z_cursor_restore	8	static
C:/ncs/v2.9.0/zephyr/subsys/shell/shell_ops.c:460:13:vt100_bgcolor_set	8	static
C:/ncs/v2.9.0/zephyr/subsys/shell/shell_ops.c:44:20:full_line_cmd	16	static
C:/ncs/v2.9.0/zephyr/subsys/shell/shell_ops.h:136:20:z_flag_tx_rdy_set	0	static
C:/ncs/v2.9.0/zephyr/subsys/shell/shell_ops.c:410:13:shell_pend_on_txdone	32	static
C:/ncs/v2.9.0/zephyr/subsys/shell/shell_ops.c:11:6:z_shell_op_cursor_vert_move	8	static
C:/ncs/v2.9.0/zephyr/subsys/shell/shell_ops.c:26:6:z_shell_op_cursor_horiz_move	8	static
C:/ncs/v2.9.0/zephyr/subsys/shell/shell_ops.c:56:6:z_shell_cursor_in_empty_line	16	static
C:/ncs/v2.9.0/zephyr/subsys/shell/shell_ops.c:289:13:char_replace	8	static
C:/ncs/v2.9.0/zephyr/subsys/shell/shell_ops.c:64:6:z_shell_op_cond_next_line	8	static
C:/ncs/v2.9.0/zephyr/subsys/shell/shell_ops.c:71:6:z_shell_op_cursor_position_synchronize	24	static
C:/ncs/v2.9.0/zephyr/subsys/shell/shell_ops.c:97:6:z_shell_op_cursor_move	24	static
C:/ncs/v2.9.0/zephyr/subsys/shell/shell_ops.c:147:6:z_shell_op_cursor_word_move	16	static
C:/ncs/v2.9.0/zephyr/subsys/shell/shell_ops.c:207:6:z_shell_op_cursor_home_move	8	static
C:/ncs/v2.9.0/zephyr/subsys/shell/shell_ops.c:212:6:z_shell_op_cursor_end_move	8	static
C:/ncs/v2.9.0/zephyr/subsys/shell/shell_ops.c:218:6:z_shell_op_left_arrow	8	static
C:/ncs/v2.9.0/zephyr/subsys/shell/shell_ops.c:225:6:z_shell_op_right_arrow	8	static
C:/ncs/v2.9.0/zephyr/subsys/shell/shell_ops.c:341:6:z_shell_op_delete_from_cursor	8	static
C:/ncs/v2.9.0/zephyr/subsys/shell/shell_ops.c:356:6:z_shell_cmd_line_erase	8	static
C:/ncs/v2.9.0/zephyr/subsys/shell/shell_ops.c:373:6:z_shell_print_cmd	32	static
C:/ncs/v2.9.0/zephyr/subsys/shell/shell_ops.c:430:6:z_shell_write	32	static
C:/ncs/v2.9.0/zephyr/subsys/shell/shell_ops.c:455:6:z_shell_print_stream	8	static
C:/ncs/v2.9.0/zephyr/subsys/shell/shell_ops.c:480:6:z_shell_vt100_color_set	8	static
C:/ncs/v2.9.0/zephyr/subsys/shell/shell_ops.c:504:6:z_shell_vt100_colors_restore	16	static
C:/ncs/v2.9.0/zephyr/subsys/shell/shell_ops.c:515:6:z_shell_vfprintf	24	static
C:/ncs/v2.9.0/zephyr/subsys/shell/shell_ops.c:534:6:z_shell_fprintf	24	static
C:/ncs/v2.9.0/zephyr/subsys/shell/shell_ops.c:167:6:z_shell_op_word_remove	16	static
C:/ncs/v2.9.0/zephyr/subsys/shell/shell_ops.c:232:13:reprint_from_cursor	24	static
C:/ncs/v2.9.0/zephyr/subsys/shell/shell_ops.c:267:13:data_insert	24	static
C:/ncs/v2.9.0/zephyr/subsys/shell/shell_ops.c:306:6:z_shell_op_char_insert	16	static
C:/ncs/v2.9.0/zephyr/subsys/shell/shell_ops.c:349:6:z_shell_op_completion_insert	8	static
C:/ncs/v2.9.0/zephyr/subsys/shell/shell_ops.c:327:6:z_shell_op_char_delete	16	static
C:/ncs/v2.9.0/zephyr/subsys/shell/shell_ops.c:316:6:z_shell_op_char_backspace	8	static
C:/ncs/v2.9.0/zephyr/subsys/shell/shell_ops.c:368:13:print_prompt	8	static
C:/ncs/v2.9.0/zephyr/subsys/shell/shell_ops.c:400:6:z_shell_print_prompt_and_cmd	8	static
