C:/ncs/v2.9.0/modules/hal/nordic/nrfx/haly/nrfy_timer.h:414:25:__nrfy_internal_timer_event_handle	4	static
C:/ncs/v2.9.0/modules/hal/nordic/nrfx/haly/nrfy_timer.h:431:29:__nrfy_internal_timer_events_process	24	static
C:/ncs/v2.9.0/modules/hal/nordic/nrfx/drivers/src/nrfx_timer.c:360:13:irq_handler	24	static
C:/ncs/v2.9.0/modules/hal/nordic/nrfx/hal/nrf_timer.h:920:24:nrf_timer_prescaler_set	8	static
C:/ncs/v2.9.0/modules/hal/nordic/nrfx/haly/nrfy_timer.h:84:25:nrfy_timer_periph_configure	8	static
C:/ncs/v2.9.0/modules/hal/nordic/nrfx/drivers/src/nrfx_timer.c:81:17:prescaler_calculate	0	static
C:/ncs/v2.9.0/modules/hal/nordic/nrfx/haly/nrfy_timer.h:101:25:nrfy_timer_int_init	16	static
C:/ncs/v2.9.0/modules/hal/nordic/nrfx/drivers/src/nrfx_timer.c:93:19:timer_configure	24	static
C:/ncs/v2.9.0/modules/hal/nordic/nrfx/drivers/src/nrfx_timer.c:120:12:nrfx_timer_init	8	static
C:/ncs/v2.9.0/modules/hal/nordic/nrfx/drivers/src/nrfx_timer.c:164:12:nrfx_timer_reconfigure	8	static
C:/ncs/v2.9.0/modules/hal/nordic/nrfx/drivers/src/nrfx_timer.c:201:6:nrfx_timer_init_check	0	static
C:/ncs/v2.9.0/modules/hal/nordic/nrfx/drivers/src/nrfx_timer.c:208:6:nrfx_timer_enable	8	static
C:/ncs/v2.9.0/modules/hal/nordic/nrfx/drivers/src/nrfx_timer.c:217:6:nrfx_timer_disable	8	static
C:/ncs/v2.9.0/modules/hal/nordic/nrfx/drivers/src/nrfx_timer.c:186:6:nrfx_timer_uninit	16	static
C:/ncs/v2.9.0/modules/hal/nordic/nrfx/drivers/src/nrfx_timer.c:231:6:nrfx_timer_is_enabled	8	static
C:/ncs/v2.9.0/modules/hal/nordic/nrfx/drivers/src/nrfx_timer.c:238:6:nrfx_timer_resume	8	static
C:/ncs/v2.9.0/modules/hal/nordic/nrfx/drivers/src/nrfx_timer.c:246:6:nrfx_timer_pause	8	static
C:/ncs/v2.9.0/modules/hal/nordic/nrfx/drivers/src/nrfx_timer.c:254:6:nrfx_timer_clear	8	static
C:/ncs/v2.9.0/modules/hal/nordic/nrfx/drivers/src/nrfx_timer.c:261:6:nrfx_timer_increment	8	static
C:/ncs/v2.9.0/modules/hal/nordic/nrfx/drivers/src/nrfx_timer.c:269:10:nrfx_timer_capture	8	static
C:/ncs/v2.9.0/modules/hal/nordic/nrfx/drivers/src/nrfx_timer.c:277:10:nrfx_timer_us_to_ticks	0	static
C:/ncs/v2.9.0/modules/hal/nordic/nrfx/drivers/src/nrfx_timer.c:285:10:nrfx_timer_ms_to_ticks	4	static
C:/ncs/v2.9.0/modules/hal/nordic/nrfx/drivers/src/nrfx_timer.c:293:6:nrfx_timer_compare	16	static
C:/ncs/v2.9.0/modules/hal/nordic/nrfx/drivers/src/nrfx_timer.c:319:6:nrfx_timer_extended_compare	16	static
C:/ncs/v2.9.0/modules/hal/nordic/nrfx/drivers/src/nrfx_timer.c:343:6:nrfx_timer_compare_int_enable	8	static
C:/ncs/v2.9.0/modules/hal/nordic/nrfx/drivers/src/nrfx_timer.c:352:6:nrfx_timer_compare_int_disable	8	static
C:/ncs/v2.9.0/modules/hal/nordic/nrfx/drivers/src/nrfx_timer.c:381:1:nrfx_timer_1_irq_handler	8	static
