C:/ncs/v2.9.0/modules/hal/nordic/nrfx/mdk/nrf53_erratas.h:339:13:nrf53_errata_4	0	static
C:/ncs/v2.9.0/modules/hal/nordic/nrfx/drivers/src/nrfx_clock.c:242:26:clock_initial_lfclksrc_get	0	static
C:/ncs/v2.9.0/modules/hal/nordic/nrfx/hal/nrf_clock.h:927:24:nrf_clock_is_running	8	static
C:/ncs/v2.9.0/modules/hal/nordic/nrfx/drivers/include/nrfx_power_clock.h:44:22:nrfx_power_clock_irq_init	8	static
C:/ncs/v2.9.0/modules/hal/nordic/nrfx/drivers/src/nrfx_clock.c:191:13:clock_stop	24	static
C:/ncs/v2.9.0/modules/hal/nordic/nrfx/drivers/src/nrfx_clock.c:262:13:clock_lfclksrc_tweak	16	static
C:/ncs/v2.9.0/modules/hal/nordic/nrfx/drivers/src/nrfx_clock.c:279:12:nrfx_clock_init	0	static
C:/ncs/v2.9.0/modules/hal/nordic/nrfx/drivers/src/nrfx_clock.c:302:6:nrfx_clock_enable	8	static
C:/ncs/v2.9.0/modules/hal/nordic/nrfx/drivers/src/nrfx_clock.c:323:6:nrfx_clock_disable	8	static
C:/ncs/v2.9.0/modules/hal/nordic/nrfx/drivers/src/nrfx_clock.c:357:6:nrfx_clock_uninit	8	static
C:/ncs/v2.9.0/modules/hal/nordic/nrfx/drivers/src/nrfx_clock.c:372:6:nrfx_clock_init_check	0	static
C:/ncs/v2.9.0/modules/hal/nordic/nrfx/drivers/src/nrfx_clock.c:377:6:nrfx_clock_start	16	static
C:/ncs/v2.9.0/modules/hal/nordic/nrfx/drivers/src/nrfx_clock.c:475:6:nrfx_clock_stop	8	static
C:/ncs/v2.9.0/modules/hal/nordic/nrfx/drivers/src/nrfx_clock.c:578:12:nrfx_clock_divider_set	8	static
C:/ncs/v2.9.0/modules/hal/nordic/nrfx/drivers/src/nrfx_clock.c:654:6:nrfx_power_clock_irq_handler	8	static
