C:/ncs/v2.9.0/modules/hal/nordic/nrfx/hal/nrf_spim.h:1455:24:nrf_spim_configure	0	static
C:/ncs/v2.9.0/modules/hal/nordic/nrfx/haly/nrfy_spim.h:209:25:nrfy_spim_periph_configure	16	static
C:/ncs/v2.9.0/modules/hal/nordic/nrfx/haly/nrfy_spim.h:824:10:__nrfy_internal_spim_events_process	12	static
C:/ncs/v2.9.0/modules/hal/nordic/nrfx/hal/nrf_gpio.h:1501:24:nrf_gpio_pin_present_check	0	static
C:/ncs/v2.9.0/modules/hal/nordic/nrfx/drivers/src/nrfx_spim.c:305:13:spim_frequency_valid_check	0	static
C:/ncs/v2.9.0/modules/hal/nordic/nrfx/drivers/src/nrfx_spim.c:389:19:spim_configuration_verify	16	static
C:/ncs/v2.9.0/modules/hal/nordic/nrfx/drivers/src/nrfx_spim.c:337:29:spim_frequency_bit_decode	8	static
C:/ncs/v2.9.0/modules/hal/nordic/nrfx/hal/nrf_gpio.h:942:35:nrf_gpio_pin_port_decode	16	static
C:/ncs/v2.9.0/modules/hal/nordic/nrfx/hal/nrf_gpio.h:1171:24:nrf_gpio_pin_set	16	static
C:/ncs/v2.9.0/modules/hal/nordic/nrfx/hal/nrf_gpio.h:1179:24:nrf_gpio_pin_clear	16	static
C:/ncs/v2.9.0/modules/hal/nordic/nrfx/drivers/src/nrfx_spim.c:721:13:set_ss_pin_state	8	static
C:/ncs/v2.9.0/modules/hal/nordic/nrfx/hal/nrf_gpio.h:979:24:nrf_gpio_cfg	32	static
C:/ncs/v2.9.0/modules/hal/nordic/nrfx/drivers/src/nrfx_spim.c:224:13:pin_init	32	static
C:/ncs/v2.9.0/modules/hal/nordic/nrfx/drivers/src/nrfx_spim.c:257:13:configure_pins	24	static
C:/ncs/v2.9.0/modules/hal/nordic/nrfx/hal/nrf_gpio.h:1103:24:nrf_gpio_cfg_default	16	static
C:/ncs/v2.9.0/modules/hal/nordic/nrfx/drivers/src/nrfx_spim.c:636:13:spim_pin_uninit	8	static
C:/ncs/v2.9.0/modules/hal/nordic/nrfx/drivers/src/nrfx_spim.c:455:13:spim_configure	64	static
C:/ncs/v2.9.0/modules/hal/nordic/nrfx/drivers/src/nrfx_spim.c:205:13:spim_abort	16	static
C:/ncs/v2.9.0/modules/hal/nordic/nrfx/drivers/src/nrfx_spim.c:766:19:spim_xfer	32	static
C:/ncs/v2.9.0/modules/hal/nordic/nrfx/drivers/src/nrfx_spim.c:750:13:finish_transfer	16	static
C:/ncs/v2.9.0/modules/hal/nordic/nrfx/drivers/src/nrfx_spim.c:916:13:irq_handler	16	static
C:/ncs/v2.9.0/modules/hal/nordic/nrfx/drivers/src/nrfx_spim.c:548:12:nrfx_spim_init	48	static
C:/ncs/v2.9.0/modules/hal/nordic/nrfx/drivers/src/nrfx_spim.c:610:12:nrfx_spim_reconfigure	16	static
C:/ncs/v2.9.0/modules/hal/nordic/nrfx/drivers/src/nrfx_spim.c:646:6:nrfx_spim_uninit	48	static
C:/ncs/v2.9.0/modules/hal/nordic/nrfx/drivers/src/nrfx_spim.c:699:6:nrfx_spim_init_check	0	static
C:/ncs/v2.9.0/modules/hal/nordic/nrfx/drivers/src/nrfx_spim.c:855:12:nrfx_spim_xfer	24	static
C:/ncs/v2.9.0/modules/hal/nordic/nrfx/drivers/src/nrfx_spim.c:707:12:nrfx_spim_xfer_dcx	8	static
C:/ncs/v2.9.0/modules/hal/nordic/nrfx/drivers/src/nrfx_spim.c:907:6:nrfx_spim_abort	8	static
C:/ncs/v2.9.0/modules/hal/nordic/nrfx/drivers/src/nrfx_spim.c:955:1:nrfx_spim_4_irq_handler	8	static
