C:/ncs/v2.9.0/modules/hal/nordic/nrfx/haly/nrfy_twim.h:701:10:__nrfy_internal_twim_events_process	0	static
C:/ncs/v2.9.0/modules/hal/nordic/nrfx/haly/nrfy_twim.h:293:25:nrfy_twim_rx_start	16	static
C:/ncs/v2.9.0/modules/hal/nordic/nrfx/haly/nrfy_twim.h:220:25:nrfy_twim_tx_start	16	static
C:/ncs/v2.9.0/modules/hal/nordic/nrfx/hal/nrf_gpio.h:1501:24:nrf_gpio_pin_present_check	0	static
C:/ncs/v2.9.0/modules/hal/nordic/nrfx/drivers/src/nrfx_twim.c:112:19:twi_process_error	0	static
C:/ncs/v2.9.0/modules/hal/nordic/nrfx/drivers/src/nrfx_twim.c:134:13:xfer_completeness_check	0	static
C:/ncs/v2.9.0/modules/hal/nordic/nrfx/hal/nrf_gpio.h:942:35:nrf_gpio_pin_port_decode	16	static
C:/ncs/v2.9.0/modules/hal/nordic/nrfx/hal/nrf_gpio.h:979:24:nrf_gpio_cfg	32	static
C:/ncs/v2.9.0/modules/hal/nordic/nrfx/hal/nrf_gpio.h:1103:24:nrf_gpio_cfg_default	16	static
C:/ncs/v2.9.0/modules/hal/nordic/nrfx/drivers/src/nrfx_twim.c:209:13:pins_configure	24	static
C:/ncs/v2.9.0/modules/hal/nordic/nrfx/drivers/src/nrfx_twim.c:426:19:twim_xfer	24	static
C:/ncs/v2.9.0/modules/hal/nordic/nrfx/drivers/src/nrfx_twim.c:678:13:irq_handler	48	static
C:/ncs/v2.9.0/modules/hal/nordic/nrfx/drivers/src/nrfx_twim.c:189:13:twim_configure	32	static
C:/ncs/v2.9.0/modules/hal/nordic/nrfx/drivers/src/nrfx_twim.c:263:12:nrfx_twim_init	24	static
C:/ncs/v2.9.0/modules/hal/nordic/nrfx/drivers/src/nrfx_twim.c:333:12:nrfx_twim_reconfigure	16	static
C:/ncs/v2.9.0/modules/hal/nordic/nrfx/drivers/src/nrfx_twim.c:389:6:nrfx_twim_init_check	0	static
C:/ncs/v2.9.0/modules/hal/nordic/nrfx/drivers/src/nrfx_twim.c:396:6:nrfx_twim_enable	8	static
C:/ncs/v2.9.0/modules/hal/nordic/nrfx/drivers/src/nrfx_twim.c:407:6:nrfx_twim_disable	16	static
C:/ncs/v2.9.0/modules/hal/nordic/nrfx/drivers/src/nrfx_twim.c:363:6:nrfx_twim_uninit	24	static
C:/ncs/v2.9.0/modules/hal/nordic/nrfx/drivers/src/nrfx_twim.c:420:6:nrfx_twim_is_busy	0	static
C:/ncs/v2.9.0/modules/hal/nordic/nrfx/drivers/src/nrfx_twim.c:630:12:nrfx_twim_xfer	8	static
C:/ncs/v2.9.0/modules/hal/nordic/nrfx/drivers/src/nrfx_twim.c:662:10:nrfx_twim_start_task_address_get	8	static
C:/ncs/v2.9.0/modules/hal/nordic/nrfx/drivers/src/nrfx_twim.c:671:10:nrfx_twim_stopped_event_address_get	8	static
C:/ncs/v2.9.0/modules/hal/nordic/nrfx/drivers/src/nrfx_twim.c:865:1:nrfx_twim_1_irq_handler	8	static
