C:/ncs/v2.9.0/nrf/applications/nrf5340_audio/src/modules/audio_sync_timer.c:60:17:timestamp_from_rtc_and_timer_get	8	static
C:/ncs/v2.9.0/nrf/applications/nrf5340_audio/src/modules/audio_sync_timer.c:122:13:unused_timer_isr_handler	0	static
C:/ncs/v2.9.0/nrf/applications/nrf5340_audio/src/modules/audio_sync_timer.c:128:13:rtc_isr_handler	0	static
C:/ncs/v2.9.0/zephyr/include/zephyr/logging/log_msg.h:705:20:z_log_msg_runtime_create	32	static
C:/ncs/v2.9.0/nrf/applications/nrf5340_audio/src/modules/audio_sync_timer.c:144:12:audio_sync_timer_init	32	static
C:/ncs/v2.9.0/nrf/applications/nrf5340_audio/src/modules/audio_sync_timer.c:69:10:audio_sync_timer_capture	8	static
C:/ncs/v2.9.0/nrf/applications/nrf5340_audio/src/modules/audio_sync_timer.c:109:10:audio_sync_timer_capture_get	8	static
