C:/ncs/v2.9.0/zephyr/include/zephyr/logging/log_msg.h:741:24:log_msg_generic_get_wlen	0	static
C:/ncs/v2.9.0/zephyr/subsys/logging/log_core.c:151:24:dummy_timestamp	0	static
C:/ncs/v2.9.0/zephyr/subsys/logging/log_core.c:379:13:thread_set	0	static
C:/ncs/v2.9.0/zephyr/subsys/logging/log_core.c:644:24:msg_alloc	0	static
C:/ncs/v2.9.0/zephyr/include/zephyr/logging/log_backend.h:304:20:log_backend_is_active	8	static
C:/ncs/v2.9.0/zephyr/include/zephyr/logging/log_backend.h:137:20:log_backend_init	8	static
C:/ncs/v2.9.0/zephyr/include/zephyr/logging/log_backend.h:156:19:log_backend_is_ready	8	static
C:/ncs/v2.9.0/zephyr/include/zephyr/logging/log_backend.h:206:20:log_backend_panic	8	static
C:/ncs/v2.9.0/zephyr/include/zephyr/logging/log_backend.h:191:20:log_backend_dropped	8	static
C:/ncs/v2.9.0/zephyr/include/zephyr/logging/log_backend.h:175:20:log_backend_msg_process	8	static
C:/ncs/v2.9.0/zephyr/subsys/logging/log_core.c:229:24:default_get_timestamp	8	static
C:/ncs/v2.9.0/zephyr/subsys/logging/log_core.c:291:17:activate_foreach_backend	24	static
C:/ncs/v2.9.0/zephyr/include/zephyr/kernel.h:566:23:k_msleep	8	static
C:/ncs/v2.9.0/zephyr/subsys/logging/log_core.c:311:17:z_log_init	24	static
C:/ncs/v2.9.0/zephyr/subsys/logging/log_core.c:962:12:enable_logger	8	static
C:/ncs/v2.9.0/zephyr/include/zephyr/logging/log_msg.h:705:20:z_log_msg_runtime_create	32	static
C:/ncs/v2.9.0/zephyr/subsys/logging/log_core.c:464:13:msg_filter_check	16	static
C:/ncs/v2.9.0/zephyr/subsys/logging/log_core.c:497:13:msg_process	16	static
C:/ncs/v2.9.0/zephyr/subsys/logging/log_core.c:662:13:msg_commit	8	static
C:/ncs/v2.9.0/zephyr/subsys/logging/log_core.c:775:13:msg_free	8	static
C:/ncs/v2.9.0/zephyr/subsys/logging/log_core.c:787:13:msg_pending	8	static
C:/ncs/v2.9.0/zephyr/subsys/logging/log_core.c:90:19:log_format_func_t_get	0	static
C:/ncs/v2.9.0/zephyr/subsys/logging/log_core.c:95:8:log_format_table_size	0	static
C:/ncs/v2.9.0/zephyr/include/zephyr/logging/log_backend.h:320:19:log_backend_format_set	16	static
C:/ncs/v2.9.0/zephyr/subsys/logging/log_core.c:156:17:z_log_timestamp	8	static
C:/ncs/v2.9.0/zephyr/subsys/logging/log_core.c:200:27:log_format_set_all_active_backends	16	static
C:/ncs/v2.9.0/zephyr/subsys/logging/log_core.c:216:6:z_log_vprintk	24	static
C:/ncs/v2.9.0/zephyr/subsys/logging/log_core.c:364:6:log_init	8	static
C:/ncs/v2.9.0/zephyr/subsys/logging/log_core.c:369:6:log_thread_trigger	0	static
C:/ncs/v2.9.0/zephyr/subsys/logging/log_core.c:394:6:log_thread_set	8	static
C:/ncs/v2.9.0/zephyr/subsys/logging/log_core.c:403:5:log_set_timestamp_func	8	static
C:/ncs/v2.9.0/zephyr/subsys/logging/log_core.c:251:6:log_core_init	8	static
C:/ncs/v2.9.0/zephyr/subsys/logging/log_core.c:422:6:z_impl_log_panic	8	static
C:/ncs/v2.9.0/zephyr/subsys/logging/log_core.c:518:6:unordered_notify	24	static
C:/ncs/v2.9.0/zephyr/subsys/logging/log_core.c:525:6:z_log_notify_backend_enabled	0	static
C:/ncs/v2.9.0/zephyr/subsys/logging/log_core.c:542:6:z_impl_log_process	0	static
C:/ncs/v2.9.0/zephyr/subsys/logging/log_core.c:600:10:z_impl_log_buffered_cnt	0	static
C:/ncs/v2.9.0/zephyr/subsys/logging/log_core.c:613:6:z_log_dropped	0	static
C:/ncs/v2.9.0/zephyr/include/zephyr/logging/log_internal.h:133:20:z_log_notify_drop	8	static
C:/ncs/v2.9.0/zephyr/subsys/logging/log_core.c:626:10:z_log_dropped_read_and_clear	0	static
C:/ncs/v2.9.0/zephyr/subsys/logging/log_core.c:507:6:dropped_notify	16	static
C:/ncs/v2.9.0/zephyr/subsys/logging/log_core.c:631:6:z_log_dropped_pending	0	static
C:/ncs/v2.9.0/zephyr/subsys/logging/log_core.c:636:6:z_log_msg_init	8	static
C:/ncs/v2.9.0/zephyr/subsys/logging/log_core.c:657:17:z_log_msg_alloc	8	static
C:/ncs/v2.9.0/zephyr/subsys/logging/log_core.c:678:6:z_log_msg_commit	8	static
C:/ncs/v2.9.0/zephyr/subsys/logging/log_core.c:684:24:z_log_msg_local_claim	8	static
C:/ncs/v2.9.0/zephyr/subsys/logging/log_core.c:695:24:z_log_msg_claim_oldest	24	static
C:/ncs/v2.9.0/zephyr/subsys/logging/log_core.c:761:24:z_log_msg_claim	8	static
C:/ncs/v2.9.0/zephyr/subsys/logging/log_core.c:782:6:z_log_msg_free	8	static
C:/ncs/v2.9.0/zephyr/subsys/logging/log_core.c:796:6:z_log_msg_pending	8	static
C:/ncs/v2.9.0/zephyr/subsys/logging/log_core.c:826:6:z_log_msg_enqueue	24	static
C:/ncs/v2.9.0/zephyr/subsys/logging/log_core.c:845:13:z_log_get_tag	0	static
C:/ncs/v2.9.0/zephyr/subsys/logging/log_core.c:850:5:log_set_tag	24	static
C:/ncs/v2.9.0/zephyr/subsys/logging/log_core.c:874:5:log_mem_get_usage	8	static
C:/ncs/v2.9.0/zephyr/subsys/logging/log_core.c:888:5:log_mem_get_max_usage	8	static
