C:/ncs/v2.9.0/zephyr/include/zephyr/logging/log_output.h:215:20:log_output_flush	24	static
C:/ncs/v2.9.0/zephyr/subsys/logging/log_output.c:102:12:out_func	16	static
C:/ncs/v2.9.0/zephyr/subsys/logging/log_output.c:128:12:cr_out_func	16	static
C:/ncs/v2.9.0/zephyr/include/zephyr/sys/cbprintf.h:744:5:cbvprintf	16	static
C:/ncs/v2.9.0/zephyr/subsys/logging/log_output.c:138:12:print_formatted	20	static
C:/ncs/v2.9.0/zephyr/subsys/logging/log_output.c:191:12:timestamp_print	32	static
C:/ncs/v2.9.0/zephyr/subsys/logging/log_output.c:281:13:color_print	8	static
C:/ncs/v2.9.0/zephyr/subsys/logging/log_output.c:291:13:color_prefix	8	static
C:/ncs/v2.9.0/zephyr/subsys/logging/log_output.c:297:13:color_postfix	8	static
C:/ncs/v2.9.0/zephyr/subsys/logging/log_output.c:304:12:ids_print	24	static
C:/ncs/v2.9.0/zephyr/subsys/logging/log_output.c:580:17:prefix_print	64	static
C:/ncs/v2.9.0/zephyr/subsys/logging/log_output.c:343:13:newline_print	8	static
C:/ncs/v2.9.0/zephyr/subsys/logging/log_output.c:639:13:postfix_print	16	static
C:/ncs/v2.9.0/zephyr/subsys/logging/log_output.c:361:13:hexdump_line_print	24	static
C:/ncs/v2.9.0/zephyr/subsys/logging/log_output.c:401:13:log_msg_hexdump	40	static
C:/ncs/v2.9.0/zephyr/subsys/logging/log_output.c:647:6:log_output_process	40	static
C:/ncs/v2.9.0/zephyr/subsys/logging/log_output.c:693:6:log_output_msg_process	56	static
C:/ncs/v2.9.0/zephyr/subsys/logging/log_output.c:710:6:log_output_dropped_process	40	static
C:/ncs/v2.9.0/zephyr/subsys/logging/log_output.c:727:6:log_output_timestamp_freq_set	0	static
C:/ncs/v2.9.0/zephyr/subsys/logging/log_output.c:741:10:log_output_timestamp_to_us	8	static
