C:/ncs/v2.9.0/zephyr/subsys/bluetooth/host/adv.c:88:13:ad_stream_is_empty	0	static
C:/ncs/v2.9.0/zephyr/subsys/bluetooth/host/adv.c:102:30:ad_stream_current_ltv_update	8	static
C:/ncs/v2.9.0/zephyr/subsys/bluetooth/host/adv.c:773:13:ad_is_limited	4	static
C:/ncs/v2.9.0/zephyr/subsys/bluetooth/host/adv.c:873:16:get_filter_policy	0	static
C:/ncs/v2.9.0/zephyr/subsys/bluetooth/host/adv.c:889:16:get_adv_channel_map	0	static
C:/ncs/v2.9.0/zephyr/include/zephyr/sys/atomic.h:127:20:atomic_test_bit	0	static
C:/ncs/v2.9.0/zephyr/subsys/bluetooth/host/adv.c:1457:17:adv_get_options	16	static
C:/ncs/v2.9.0/zephyr/subsys/bluetooth/host/adv.c:60:12:ad_stream_new	8	static
C:/ncs/v2.9.0/zephyr/subsys/bluetooth/host/adv.c:243:13:adv_delete	0	static
C:/ncs/v2.9.0/zephyr/include/zephyr/sys/atomic.h:147:20:atomic_test_and_clear_bit	4	static
C:/ncs/v2.9.0/zephyr/include/zephyr/logging/log_msg.h:705:20:z_log_msg_runtime_create	32	static
C:/ncs/v2.9.0/zephyr/subsys/bluetooth/host/adv.c:494:12:set_data_add_complete	64	static
C:/ncs/v2.9.0/zephyr/subsys/bluetooth/host/adv.c:557:12:hci_set_adv_ext_complete	40	static
C:/ncs/v2.9.0/zephyr/subsys/bluetooth/host/adv.c:136:16:ad_stream_read	24	static
C:/ncs/v2.9.0/zephyr/subsys/bluetooth/host/adv.c:595:12:hci_set_adv_ext_fragmented	64	static
C:/ncs/v2.9.0/zephyr/subsys/bluetooth/host/adv.c:645:12:hci_set_ad_ext	48	static
C:/ncs/v2.9.0/zephyr/subsys/bluetooth/host/adv.c:682:12:set_ad	8	static
C:/ncs/v2.9.0/zephyr/subsys/bluetooth/host/adv.c:694:12:set_sd	8	static
C:/ncs/v2.9.0/zephyr/subsys/bluetooth/host/adv.c:790:12:le_adv_update	72	static
C:/ncs/v2.9.0/zephyr/subsys/bluetooth/host/adv.c:220:30:adv_new	16	static
C:/ncs/v2.9.0/zephyr/subsys/bluetooth/host/adv.c:284:30:adv_get_legacy	8	static
C:/ncs/v2.9.0/zephyr/include/zephyr/sys/atomic.h:228:20:atomic_set_bit_to	0	static
C:/ncs/v2.9.0/zephyr/subsys/bluetooth/host/adv.c:389:13:valid_adv_ext_param	16	static
C:/ncs/v2.9.0/zephyr/subsys/bluetooth/host/adv.c:481:13:valid_adv_param	8	static
C:/ncs/v2.9.0/zephyr/subsys/bluetooth/host/adv.c:916:12:le_adv_start_add_conn	24	static
C:/ncs/v2.9.0/zephyr/subsys/bluetooth/host/adv.c:949:13:le_adv_stop_free_conn	16	static
C:/ncs/v2.9.0/zephyr/subsys/bluetooth/host/adv.c:174:20:get_adv_name_type	8	static
C:/ncs/v2.9.0/zephyr/subsys/bluetooth/host/adv.c:187:20:get_adv_name_type_param	0	static
C:/ncs/v2.9.0/zephyr/subsys/bluetooth/host/adv.c:1118:12:le_ext_adv_param_set	48	static
C:/ncs/v2.9.0/zephyr/subsys/bluetooth/host/adv.c:211:9:bt_le_ext_adv_get_index	8	static
C:/ncs/v2.9.0/zephyr/subsys/bluetooth/host/adv.c:249:23:bt_hci_adv_lookup_handle	8	static
C:/ncs/v2.9.0/zephyr/subsys/bluetooth/host/adv.c:261:6:bt_le_ext_adv_foreach	16	static
C:/ncs/v2.9.0/zephyr/subsys/bluetooth/host/adv.c:275:6:bt_adv_reset_adv_pool	8	static
C:/ncs/v2.9.0/zephyr/subsys/bluetooth/host/adv.c:298:6:bt_le_adv_delete_legacy	0	static
C:/ncs/v2.9.0/zephyr/subsys/bluetooth/host/adv.c:308:23:bt_le_adv_lookup_legacy	0	static
C:/ncs/v2.9.0/zephyr/subsys/bluetooth/host/adv.c:317:5:bt_le_adv_set_enable_legacy	40	static
C:/ncs/v2.9.0/zephyr/subsys/bluetooth/host/adv.c:344:5:bt_le_adv_set_enable_ext	48	static
C:/ncs/v2.9.0/zephyr/subsys/bluetooth/host/adv.c:379:5:bt_le_adv_set_enable	8	static
C:/ncs/v2.9.0/zephyr/subsys/bluetooth/host/adv.c:853:5:bt_le_adv_update_data	48	static
C:/ncs/v2.9.0/zephyr/subsys/bluetooth/host/adv.c:968:5:bt_le_adv_start_legacy	88	static
C:/ncs/v2.9.0/zephyr/subsys/bluetooth/host/adv.c:1357:5:bt_le_lim_adv_cancel_timeout	8	static
C:/ncs/v2.9.0/zephyr/subsys/bluetooth/host/adv.c:1393:5:bt_le_adv_stop	32	static
C:/ncs/v2.9.0/zephyr/subsys/bluetooth/host/adv.c:1476:6:bt_le_adv_resume	48	static
C:/ncs/v2.9.0/zephyr/subsys/bluetooth/host/adv.c:1544:5:bt_le_ext_adv_get_info	0	static
C:/ncs/v2.9.0/zephyr/subsys/bluetooth/host/adv.c:1554:5:bt_le_ext_adv_create	24	static
C:/ncs/v2.9.0/zephyr/subsys/bluetooth/host/adv.c:1587:5:bt_le_ext_adv_update_param	16	static
C:/ncs/v2.9.0/zephyr/subsys/bluetooth/host/adv.c:1679:5:bt_le_ext_adv_stop	16	static
C:/ncs/v2.9.0/zephyr/subsys/bluetooth/host/adv.c:1761:13:adv_timeout	24	static
C:/ncs/v2.9.0/zephyr/subsys/bluetooth/host/adv.c:1705:5:bt_le_ext_adv_set_data	48	static
C:/ncs/v2.9.0/zephyr/subsys/bluetooth/host/adv.c:1268:5:bt_le_adv_start_ext	56	static
C:/ncs/v2.9.0/zephyr/subsys/bluetooth/host/adv.c:1362:5:bt_le_adv_start	32	static
C:/ncs/v2.9.0/zephyr/subsys/bluetooth/host/adv.c:1618:5:bt_le_ext_adv_start	48	static
C:/ncs/v2.9.0/zephyr/subsys/bluetooth/host/adv.c:1725:5:bt_le_ext_adv_delete	32	static
C:/ncs/v2.9.0/zephyr/subsys/bluetooth/host/adv.c:2146:6:bt_hci_le_adv_set_terminated	48	static
C:/ncs/v2.9.0/zephyr/subsys/bluetooth/host/adv.c:2263:6:bt_hci_le_scan_req_received	48	static
