C:/ncs/v2.9.0/zephyr/include/zephyr/sys/slist.h:408:1:sys_slist_remove	0	static
C:/ncs/v2.9.0/zephyr/include/zephyr/sys/slist.h:450:1:sys_slist_find_and_remove	8	static
C:/ncs/v2.9.0/zephyr/subsys/bluetooth/host/att.c:114:13:bt_att_is_enhanced	0	static
C:/ncs/v2.9.0/zephyr/subsys/bluetooth/host/att.c:124:17:bt_att_mtu	0	static
C:/ncs/v2.9.0/zephyr/subsys/bluetooth/host/att.c:490:27:get_first_req_matching_chan	0	static
C:/ncs/v2.9.0/zephyr/subsys/bluetooth/host/att.c:1012:13:range_is_valid	0	static
C:/ncs/v2.9.0/zephyr/subsys/bluetooth/host/att.c:1321:16:err_to_att	0	static
C:/ncs/v2.9.0/zephyr/subsys/bluetooth/host/att.c:1344:13:attr_read_authorize	0	static
C:/ncs/v2.9.0/zephyr/subsys/bluetooth/host/att.c:1358:13:attr_read_type_cb	4	static
C:/ncs/v2.9.0/zephyr/subsys/bluetooth/host/att.c:1871:13:attr_read_group_cb	0	static
C:/ncs/v2.9.0/zephyr/subsys/bluetooth/host/att.c:2037:13:attr_write_authorize	0	static
C:/ncs/v2.9.0/zephyr/subsys/bluetooth/host/att.c:2889:19:att_op_get_type	0	static
C:/ncs/v2.9.0/zephyr/subsys/bluetooth/host/att.c:2938:24:get_conn	0	static
C:/ncs/v2.9.0/zephyr/include/zephyr/net_buf.h:1469:20:net_buf_destroy	16	static
C:/ncs/v2.9.0/zephyr/include/zephyr/logging/log_msg.h:705:20:z_log_msg_runtime_create	32	static
C:/ncs/v2.9.0/zephyr/include/zephyr/sys/atomic.h:127:20:atomic_test_bit	0	static
C:/ncs/v2.9.0/zephyr/subsys/bluetooth/host/att.c:639:13:chan_req_notif_sent	40	static
C:/ncs/v2.9.0/zephyr/subsys/bluetooth/host/att.c:456:24:get_first_buf_matching_chan	8	static
C:/ncs/v2.9.0/zephyr/subsys/bluetooth/host/att.c:619:13:chan_rebegin_att_timeout	24	static
C:/ncs/v2.9.0/zephyr/subsys/bluetooth/host/att.c:3003:23:att_get	24	static
C:/ncs/v2.9.0/zephyr/subsys/bluetooth/host/att.c:3189:13:att_chan_attach	16	static
C:/ncs/v2.9.0/zephyr/subsys/bluetooth/host/att.c:3380:28:att_chan_new	40	static
C:/ncs/v2.9.0/zephyr/subsys/bluetooth/host/att.c:3483:12:bt_att_accept	48	static
C:/ncs/v2.9.0/zephyr/subsys/bluetooth/host/att.c:3360:13:bt_att_released	8	static
C:/ncs/v2.9.0/zephyr/subsys/bluetooth/host/att.c:2727:16:att_notify_mult	8	static
C:/ncs/v2.9.0/zephyr/subsys/bluetooth/host/att.c:2694:16:att_notify	16	static
C:/ncs/v2.9.0/zephyr/subsys/bluetooth/host/att.c:3900:13:att_chan_mtu_updated	16	static
C:/ncs/v2.9.0/zephyr/subsys/bluetooth/host/att.c:2490:12:att_change_security	8	static
C:/ncs/v2.9.0/zephyr/subsys/bluetooth/host/att.c:2051:16:write_cb	32	static
C:/ncs/v2.9.0/zephyr/include/zephyr/sys/atomic.h:170:20:atomic_test_and_set_bit	0	static
C:/ncs/v2.9.0/zephyr/subsys/bluetooth/host/att.c:2301:16:exec_write_reassemble	40	static
C:/ncs/v2.9.0/zephyr/subsys/bluetooth/host/att.c:2169:16:prep_write_cb	40	static
C:/ncs/v2.9.0/zephyr/subsys/bluetooth/host/att.c:1043:16:find_info_cb	32	static
C:/ncs/v2.9.0/zephyr/subsys/bluetooth/host/att.c:1376:16:att_chan_read	56	static
C:/ncs/v2.9.0/zephyr/subsys/bluetooth/host/att.c:1889:16:read_group_cb	40	static
C:/ncs/v2.9.0/zephyr/subsys/bluetooth/host/att.c:1764:16:read_vl_cb	32	static
C:/ncs/v2.9.0/zephyr/subsys/bluetooth/host/att.c:1594:16:read_cb	32	static
C:/ncs/v2.9.0/zephyr/subsys/bluetooth/host/att.c:1434:16:read_type_cb	40	static
C:/ncs/v2.9.0/zephyr/subsys/bluetooth/host/att.c:1153:16:find_type_cb	120	static
C:/ncs/v2.9.0/zephyr/subsys/bluetooth/host/att.c:3204:13:bt_att_connected	8	static
C:/ncs/v2.9.0/zephyr/include/zephyr/bluetooth/addr.h:242:19:bt_addr_le_to_str	64	static
C:/ncs/v2.9.0/zephyr/subsys/bluetooth/host/att.c:280:29:bt_att_get_tx_meta_data	8	static
C:/ncs/v2.9.0/zephyr/subsys/bluetooth/host/att.c:333:12:chan_send	56	static
C:/ncs/v2.9.0/zephyr/subsys/bluetooth/host/att.c:752:12:bt_att_chan_send	8	static
C:/ncs/v2.9.0/zephyr/subsys/bluetooth/host/att.c:544:12:chan_req_send	24	static
C:/ncs/v2.9.0/zephyr/subsys/bluetooth/host/att.c:887:12:bt_att_chan_req_send	8	static
C:/ncs/v2.9.0/zephyr/subsys/bluetooth/host/att.c:3325:13:bt_att_status	16	static
C:/ncs/v2.9.0/zephyr/subsys/bluetooth/host/att.c:900:13:att_req_send_process	32	static
C:/ncs/v2.9.0/zephyr/subsys/bluetooth/host/att.c:523:12:process_queue	16	static
C:/ncs/v2.9.0/zephyr/subsys/bluetooth/host/att.c:578:13:bt_att_sent	24	static
C:/ncs/v2.9.0/zephyr/subsys/bluetooth/host/att.c:299:13:att_sent	8	static
C:/ncs/v2.9.0/zephyr/subsys/bluetooth/host/att.c:662:13:att_on_sent_cb	32	static
C:/ncs/v2.9.0/zephyr/subsys/bluetooth/host/att.c:765:13:att_send_process	32	static
C:/ncs/v2.9.0/zephyr/subsys/bluetooth/host/att.c:790:13:bt_att_chan_send_rsp	16	static
C:/ncs/v2.9.0/zephyr/subsys/bluetooth/host/att.c:244:13:att_tx_destroy	40	static
C:/ncs/v2.9.0/zephyr/subsys/bluetooth/host/att.c:705:24:bt_att_chan_create_pdu	40	static
C:/ncs/v2.9.0/zephyr/subsys/bluetooth/host/att.c:2707:16:att_indicate	16	static
C:/ncs/v2.9.0/zephyr/subsys/bluetooth/host/att.c:801:13:send_err_rsp	24	static
C:/ncs/v2.9.0/zephyr/subsys/bluetooth/host/att.c:2943:12:bt_att_recv	48	static
C:/ncs/v2.9.0/zephyr/subsys/bluetooth/host/att.c:2093:16:att_write_rsp	64	static
C:/ncs/v2.9.0/zephyr/subsys/bluetooth/host/att.c:2438:16:att_write_cmd	32	static
C:/ncs/v2.9.0/zephyr/subsys/bluetooth/host/att.c:2147:16:att_write_req	32	static
C:/ncs/v2.9.0/zephyr/subsys/bluetooth/host/att.c:3246:16:att_req_retry	16	static
C:/ncs/v2.9.0/zephyr/subsys/bluetooth/host/att.c:3028:17:bt_att_create_pdu	40	static
C:/ncs/v2.9.0/zephyr/subsys/bluetooth/host/att.c:3052:17:bt_att_create_rsp_pdu	40	static
C:/ncs/v2.9.0/zephyr/subsys/bluetooth/host/att.c:2354:16:att_exec_write_rsp	40	static
C:/ncs/v2.9.0/zephyr/subsys/bluetooth/host/att.c:2423:16:att_exec_write_req	8	static
C:/ncs/v2.9.0/zephyr/subsys/bluetooth/host/att.c:2223:16:att_prep_write_rsp	72	static
C:/ncs/v2.9.0/zephyr/subsys/bluetooth/host/att.c:2281:16:att_prepare_write_req	24	static
C:/ncs/v2.9.0/zephyr/subsys/bluetooth/host/att.c:1943:16:att_read_group_rsp	64	static
C:/ncs/v2.9.0/zephyr/subsys/bluetooth/host/att.c:1976:16:att_read_group_req	56	static
C:/ncs/v2.9.0/zephyr/subsys/bluetooth/host/att.c:1813:16:att_read_mult_vl_req	48	static
C:/ncs/v2.9.0/zephyr/subsys/bluetooth/host/att.c:1709:16:att_read_mult_req	48	static
C:/ncs/v2.9.0/zephyr/subsys/bluetooth/host/att.c:1632:16:att_read_rsp	56	static
C:/ncs/v2.9.0/zephyr/subsys/bluetooth/host/att.c:1692:16:att_read_blob_req	16	static
C:/ncs/v2.9.0/zephyr/subsys/bluetooth/host/att.c:1677:16:att_read_req	16	static
C:/ncs/v2.9.0/zephyr/subsys/bluetooth/host/att.c:1499:16:att_read_type_rsp	64	static
C:/ncs/v2.9.0/zephyr/subsys/bluetooth/host/att.c:1534:16:att_read_type_req	48	static
C:/ncs/v2.9.0/zephyr/subsys/bluetooth/host/att.c:1248:16:att_find_type_rsp	64	static
C:/ncs/v2.9.0/zephyr/subsys/bluetooth/host/att.c:1285:16:att_find_type_req	56	static
C:/ncs/v2.9.0/zephyr/subsys/bluetooth/host/att.c:1095:16:att_find_info_rsp	48	static
C:/ncs/v2.9.0/zephyr/subsys/bluetooth/host/att.c:1123:16:att_find_info_req	24	static
C:/ncs/v2.9.0/zephyr/subsys/bluetooth/host/att.c:825:16:att_mtu_req	24	static
C:/ncs/v2.9.0/zephyr/subsys/bluetooth/host/att.c:3850:6:bt_att_init	8	static
C:/ncs/v2.9.0/zephyr/subsys/bluetooth/host/att.c:3859:10:bt_att_get_mtu	16	static
C:/ncs/v2.9.0/zephyr/subsys/bluetooth/host/att.c:3879:10:bt_att_get_uatt_mtu	32	static
C:/ncs/v2.9.0/zephyr/subsys/bluetooth/host/att.c:3924:20:bt_att_req_alloc	24	static
C:/ncs/v2.9.0/zephyr/subsys/bluetooth/host/att.c:3949:6:bt_att_req_free	8	static
C:/ncs/v2.9.0/zephyr/subsys/bluetooth/host/att.c:936:16:att_handle_rsp	48	static
C:/ncs/v2.9.0/zephyr/subsys/bluetooth/host/att.c:2686:16:att_handle_exec_write_rsp	8	static
C:/ncs/v2.9.0/zephyr/subsys/bluetooth/host/att.c:2678:16:att_handle_prepare_write_rsp	8	static
C:/ncs/v2.9.0/zephyr/subsys/bluetooth/host/att.c:2670:16:att_handle_write_rsp	8	static
C:/ncs/v2.9.0/zephyr/subsys/bluetooth/host/att.c:2662:16:att_handle_read_group_rsp	8	static
C:/ncs/v2.9.0/zephyr/subsys/bluetooth/host/att.c:2653:16:att_handle_read_mult_vl_rsp	8	static
C:/ncs/v2.9.0/zephyr/subsys/bluetooth/host/att.c:2642:16:att_handle_read_mult_rsp	8	static
C:/ncs/v2.9.0/zephyr/subsys/bluetooth/host/att.c:2633:16:att_handle_read_blob_rsp	8	static
C:/ncs/v2.9.0/zephyr/subsys/bluetooth/host/att.c:2625:16:att_handle_read_rsp	8	static
C:/ncs/v2.9.0/zephyr/subsys/bluetooth/host/att.c:2617:16:att_handle_read_type_rsp	8	static
C:/ncs/v2.9.0/zephyr/subsys/bluetooth/host/att.c:2609:16:att_handle_find_type_rsp	8	static
C:/ncs/v2.9.0/zephyr/subsys/bluetooth/host/att.c:2601:16:att_handle_find_info_rsp	8	static
C:/ncs/v2.9.0/zephyr/subsys/bluetooth/host/att.c:978:16:att_mtu_rsp	16	static
C:/ncs/v2.9.0/zephyr/subsys/bluetooth/host/att.c:2552:16:att_error_rsp	16	static
C:/ncs/v2.9.0/zephyr/subsys/bluetooth/host/att.c:2737:16:att_confirm	8	static
C:/ncs/v2.9.0/zephyr/subsys/bluetooth/host/att.c:3276:13:bt_att_encrypt_change	16	static
C:/ncs/v2.9.0/zephyr/subsys/bluetooth/host/att.c:3125:13:att_chan_detach	8	static
C:/ncs/v2.9.0/zephyr/subsys/bluetooth/host/att.c:3082:13:att_reset	24	static
C:/ncs/v2.9.0/zephyr/subsys/bluetooth/host/att.c:3220:13:bt_att_disconnected	16	static
C:/ncs/v2.9.0/zephyr/subsys/bluetooth/host/att.c:3147:13:att_timeout	56	static
C:/ncs/v2.9.0/zephyr/subsys/bluetooth/host/att.c:4005:13:bt_att_chan_req_cancel	8	static
C:/ncs/v2.9.0/zephyr/subsys/bluetooth/host/att.c:3961:5:bt_att_send	16	static
C:/ncs/v2.9.0/zephyr/subsys/bluetooth/host/att.c:3980:5:bt_att_req_send	16	static
C:/ncs/v2.9.0/zephyr/subsys/bluetooth/host/att.c:4019:6:bt_att_req_cancel	16	static
C:/ncs/v2.9.0/zephyr/subsys/bluetooth/host/att.c:4048:20:bt_att_find_req_by_user_data	8	static
C:/ncs/v2.9.0/zephyr/subsys/bluetooth/host/att.c:4074:6:bt_att_fixed_chan_only	0	static
C:/ncs/v2.9.0/zephyr/subsys/bluetooth/host/att.c:4083:6:bt_att_clear_out_of_sync_sent	8	static
C:/ncs/v2.9.0/zephyr/subsys/bluetooth/host/att.c:4097:6:bt_att_out_of_sync_sent_on_fixed	8	static
C:/ncs/v2.9.0/zephyr/subsys/bluetooth/host/att.c:4111:6:bt_att_set_tx_meta_data	16	static
C:/ncs/v2.9.0/zephyr/subsys/bluetooth/host/att.c:4122:6:bt_att_increment_tx_meta_data_attr_count	8	static
C:/ncs/v2.9.0/zephyr/subsys/bluetooth/host/att.c:4129:6:bt_att_tx_meta_data_match	16	static
C:/ncs/v2.9.0/zephyr/subsys/bluetooth/host/att.c:4139:6:bt_att_chan_opt_valid	8	static
C:/ncs/v2.9.0/zephyr/subsys/bluetooth/host/att.c:4156:5:bt_gatt_authorization_cb_register	0	static
