C:/ncs/v2.9.0/zephyr/include/zephyr/sys/slist.h:408:1:sys_slist_remove	0	static
C:/ncs/v2.9.0/zephyr/include/zephyr/sys/slist.h:450:1:sys_slist_find_and_remove	8	static
C:/ncs/v2.9.0/zephyr/subsys/bluetooth/host/conn_internal.h:435:20:bt_conn_is_handle_valid	0	static
C:/ncs/v2.9.0/zephyr/subsys/bluetooth/host/conn.c:227:27:state2str	0	static
C:/ncs/v2.9.0/zephyr/subsys/bluetooth/host/conn.c:262:25:tx_notify_workqueue_get	0	static
C:/ncs/v2.9.0/zephyr/subsys/bluetooth/host/conn.c:501:13:dont_have_tx_context	0	static
C:/ncs/v2.9.0/zephyr/subsys/bluetooth/host/conn.c:626:13:is_classic_conn	0	static
C:/ncs/v2.9.0/zephyr/subsys/bluetooth/host/conn.c:632:13:is_iso_tx_conn	0	static
C:/ncs/v2.9.0/zephyr/subsys/bluetooth/host/conn.c:638:13:is_le_conn	0	static
C:/ncs/v2.9.0/zephyr/subsys/bluetooth/host/conn.c:643:13:is_acl_conn	8	static
C:/ncs/v2.9.0/zephyr/subsys/bluetooth/host/conn.c:809:13:acl_has_data	0	static
C:/ncs/v2.9.0/zephyr/subsys/bluetooth/host/conn.c:885:13:dont_have_viewbufs	0	static
C:/ncs/v2.9.0/zephyr/subsys/bluetooth/host/conn.c:904:28:dont_have_methods	0	static
C:/ncs/v2.9.0/zephyr/subsys/bluetooth/host/conn.c:1725:13:can_initiate_feature_exchange	0	static
C:/ncs/v2.9.0/zephyr/subsys/bluetooth/host/conn.c:2634:13:reset_pairing	0	static
C:/ncs/v2.9.0/zephyr/subsys/bluetooth/host/conn.c:253:13:tx_free	8	static
C:/ncs/v2.9.0/zephyr/subsys/bluetooth/host/conn.c:1939:13:notify_disconnected	16	static
C:/ncs/v2.9.0/zephyr/subsys/bluetooth/host/conn.c:62:13:conn_tx_destroy	16	static
C:/ncs/v2.9.0/zephyr/subsys/bluetooth/host/conn.c:1921:13:notify_connected	16	static
C:/ncs/v2.9.0/zephyr/subsys/bluetooth/host/conn.c:1669:13:notify_recycled_conn_slot	8	static
C:/ncs/v2.9.0/zephyr/subsys/bluetooth/host/conn.c:2904:27:conn_internal_to_public_state	16	static
C:/ncs/v2.9.0/zephyr/subsys/bluetooth/host/conn.c:271:13:tx_notify_process	16	static
C:/ncs/v2.9.0/zephyr/subsys/bluetooth/host/conn.c:1661:13:tx_complete_work	8	static
C:/ncs/v2.9.0/zephyr/subsys/bluetooth/host/conn.c:978:13:acl_get_and_clear_cb	16	static
C:/ncs/v2.9.0/zephyr/include/zephyr/sys/atomic.h:147:20:atomic_test_and_clear_bit	4	static
C:/ncs/v2.9.0/zephyr/include/zephyr/sys/atomic.h:127:20:atomic_test_bit	0	static
C:/ncs/v2.9.0/zephyr/subsys/bluetooth/host/conn.c:824:13:should_stop_tx	8	static
C:/ncs/v2.9.0/zephyr/include/zephyr/logging/log_msg.h:705:20:z_log_msg_runtime_create	32	static
C:/ncs/v2.9.0/zephyr/include/zephyr/sys/atomic.h:170:20:atomic_test_and_set_bit	0	static
C:/ncs/v2.9.0/zephyr/include/zephyr/sys/atomic.h:228:20:atomic_set_bit_to	0	static
C:/ncs/v2.9.0/zephyr/subsys/bluetooth/host/conn.c:992:13:destroy_and_callback	24	static
C:/ncs/v2.9.0/zephyr/subsys/bluetooth/host/conn.c:506:27:conn_tx_alloc	8	static
C:/ncs/v2.9.0/zephyr/subsys/bluetooth/host/conn.c:548:30:contains_iso_timestamp	8	static
C:/ncs/v2.9.0/zephyr/subsys/bluetooth/host/conn.c:562:12:send_iso	24	static
C:/ncs/v2.9.0/zephyr/subsys/bluetooth/host/conn.c:522:12:send_acl	16	static
C:/ncs/v2.9.0/zephyr/subsys/bluetooth/host/conn.c:1509:13:recycled_work_handler	8	static
C:/ncs/v2.9.0/zephyr/subsys/bluetooth/host/conn.c:1838:13:schedule_auto_initiated_procedures	8	static
C:/ncs/v2.9.0/zephyr/subsys/bluetooth/host/conn.c:1749:13:perform_auto_initiated_procedures	32	static
C:/ncs/v2.9.0/zephyr/subsys/bluetooth/host/conn.c:3031:12:bt_conn_get_tx_power_level	32	static
C:/ncs/v2.9.0/zephyr/subsys/bluetooth/host/conn.c:2688:12:start_security	8	static
C:/ncs/v2.9.0/zephyr/subsys/bluetooth/host/conn.c:132:17:get_frag_md	8	static
C:/ncs/v2.9.0/zephyr/subsys/bluetooth/host/conn.c:137:6:frag_destroy	8	static
C:/ncs/v2.9.0/zephyr/subsys/bluetooth/host/conn.c:148:24:get_data_frag	16	static
C:/ncs/v2.9.0/zephyr/subsys/bluetooth/host/conn.c:187:5:bt_conn_iso_init	8	static
C:/ncs/v2.9.0/zephyr/subsys/bluetooth/host/conn.c:197:15:bt_conn_get_pkts	0	static
C:/ncs/v2.9.0/zephyr/subsys/bluetooth/host/conn.c:880:13:cannot_send_to_controller	8	static
C:/ncs/v2.9.0/zephyr/subsys/bluetooth/host/conn.c:648:12:send_buf	48	static
C:/ncs/v2.9.0/zephyr/subsys/bluetooth/host/conn.c:1128:13:process_unack_tx	8	static
C:/ncs/v2.9.0/zephyr/subsys/bluetooth/host/conn.c:319:6:bt_conn_tx_notify	56	static
C:/ncs/v2.9.0/zephyr/subsys/bluetooth/host/conn.c:342:17:bt_conn_new	16	static
C:/ncs/v2.9.0/zephyr/subsys/bluetooth/host/conn.c:2312:24:acl_conn_new	8	static
C:/ncs/v2.9.0/zephyr/subsys/bluetooth/host/conn.c:370:6:bt_conn_reset_rx_state	8	static
C:/ncs/v2.9.0/zephyr/subsys/bluetooth/host/conn.c:380:13:bt_acl_recv	40	static
C:/ncs/v2.9.0/zephyr/subsys/bluetooth/host/conn.c:479:6:bt_conn_recv	16	static
C:/ncs/v2.9.0/zephyr/subsys/bluetooth/host/conn.c:1483:17:bt_conn_ref	8	static
C:/ncs/v2.9.0/zephyr/subsys/bluetooth/host/conn.c:857:6:bt_conn_data_ready	8	static
C:/ncs/v2.9.0/zephyr/subsys/bluetooth/host/conn.c:911:17:get_conn_ready	16	static
C:/ncs/v2.9.0/zephyr/subsys/bluetooth/host/conn.c:1519:6:bt_conn_unref	24	static
C:/ncs/v2.9.0/zephyr/subsys/bluetooth/host/conn.c:2140:24:conn_lookup_iso	16	static
C:/ncs/v2.9.0/zephyr/subsys/bluetooth/host/conn.c:1151:17:conn_lookup_handle	24	static
C:/ncs/v2.9.0/zephyr/subsys/bluetooth/host/conn.c:1180:6:bt_conn_set_state	32	static
C:/ncs/v2.9.0/zephyr/subsys/bluetooth/host/conn.c:790:13:conn_destroy	8	static
C:/ncs/v2.9.0/zephyr/subsys/bluetooth/host/conn.c:1851:12:conn_disconnect	16	static
C:/ncs/v2.9.0/zephyr/subsys/bluetooth/host/conn.c:1388:17:bt_conn_lookup_handle	32	static
C:/ncs/v2.9.0/zephyr/subsys/bluetooth/host/conn.c:1424:17:bt_hci_conn_lookup_handle	8	static
C:/ncs/v2.9.0/zephyr/subsys/bluetooth/host/conn.c:1429:6:bt_conn_foreach	24	static
C:/ncs/v2.9.0/zephyr/subsys/bluetooth/host/conn.c:802:6:bt_conn_cleanup_all	8	static
C:/ncs/v2.9.0/zephyr/subsys/bluetooth/host/conn.c:1829:13:auto_initiated_procedures	8	static
C:/ncs/v2.9.0/zephyr/subsys/bluetooth/host/conn.c:1559:9:bt_conn_index	8	static
C:/ncs/v2.9.0/zephyr/subsys/bluetooth/host/conn.c:1599:17:bt_conn_create_pdu_timeout	40	static
C:/ncs/v2.9.0/zephyr/subsys/bluetooth/host/conn.c:1844:6:bt_conn_connected	8	static
C:/ncs/v2.9.0/zephyr/subsys/bluetooth/host/conn.c:1867:5:bt_conn_disconnect	16	static
C:/ncs/v2.9.0/zephyr/subsys/bluetooth/host/conn.c:1026:6:bt_conn_tx_processor	56	static
C:/ncs/v2.9.0/zephyr/subsys/bluetooth/host/conn.c:1984:6:notify_le_param_updated	16	static
C:/ncs/v2.9.0/zephyr/subsys/bluetooth/host/conn.c:2054:6:le_param_req	24	static
C:/ncs/v2.9.0/zephyr/subsys/bluetooth/host/conn.c:2515:6:bt_conn_ltk_present	8	static
C:/ncs/v2.9.0/zephyr/subsys/bluetooth/host/conn.c:2534:6:bt_conn_identity_resolved	16	static
C:/ncs/v2.9.0/zephyr/subsys/bluetooth/host/conn.c:2560:5:bt_conn_le_start_encryption	32	static
C:/ncs/v2.9.0/zephyr/subsys/bluetooth/host/conn.c:2590:9:bt_conn_enc_key_size	0	static
C:/ncs/v2.9.0/zephyr/subsys/bluetooth/host/conn.c:2649:6:bt_conn_security_changed	16	static
C:/ncs/v2.9.0/zephyr/subsys/bluetooth/host/conn.c:2701:5:bt_conn_set_security	16	static
C:/ncs/v2.9.0/zephyr/subsys/bluetooth/host/conn.c:2739:15:bt_conn_get_security	0	static
C:/ncs/v2.9.0/zephyr/subsys/bluetooth/host/conn.c:2750:5:bt_conn_cb_register	0	static
C:/ncs/v2.9.0/zephyr/subsys/bluetooth/host/conn.c:2761:5:bt_conn_cb_unregister	8	static
C:/ncs/v2.9.0/zephyr/subsys/bluetooth/host/conn.c:2795:17:bt_conn_add_le	16	static
C:/ncs/v2.9.0/zephyr/subsys/bluetooth/host/conn.c:2819:6:bt_conn_is_peer_addr_le	16	static
C:/ncs/v2.9.0/zephyr/subsys/bluetooth/host/conn.c:2839:17:bt_conn_lookup_addr_le	24	static
C:/ncs/v2.9.0/zephyr/subsys/bluetooth/host/conn.c:2774:6:bt_conn_exists_le	40	static
C:/ncs/v2.9.0/zephyr/subsys/bluetooth/host/conn.c:2866:17:bt_conn_lookup_state_le	24	static
C:/ncs/v2.9.0/zephyr/subsys/bluetooth/host/conn.c:2899:21:bt_conn_get_dst	0	static
C:/ncs/v2.9.0/zephyr/subsys/bluetooth/host/conn.c:2926:5:bt_conn_get_info	16	static
C:/ncs/v2.9.0/zephyr/subsys/bluetooth/host/conn.c:2994:5:bt_conn_get_remote_info	16	static
C:/ncs/v2.9.0/zephyr/subsys/bluetooth/host/conn.c:3162:5:bt_conn_le_get_tx_power_level	16	static
C:/ncs/v2.9.0/zephyr/subsys/bluetooth/host/conn.c:3939:5:bt_conn_le_conn_update	16	static
C:/ncs/v2.9.0/zephyr/subsys/bluetooth/host/conn.c:2100:12:send_conn_le_param_update	16	static
C:/ncs/v2.9.0/zephyr/subsys/bluetooth/host/conn.c:2185:13:deferred_work	40	static
C:/ncs/v2.9.0/zephyr/subsys/bluetooth/host/conn.c:3472:5:bt_conn_le_param_update	16	static
C:/ncs/v2.9.0/zephyr/subsys/bluetooth/host/conn.c:3963:5:bt_conn_auth_cb_register	0	static
C:/ncs/v2.9.0/zephyr/subsys/bluetooth/host/conn.c:3991:5:bt_conn_auth_cb_overlay	8	static
C:/ncs/v2.9.0/zephyr/subsys/bluetooth/host/conn.c:4014:5:bt_conn_auth_info_cb_register	0	static
C:/ncs/v2.9.0/zephyr/subsys/bluetooth/host/conn.c:4029:5:bt_conn_auth_info_cb_unregister	8	static
C:/ncs/v2.9.0/zephyr/subsys/bluetooth/host/conn.c:4042:5:bt_conn_auth_passkey_entry	8	static
C:/ncs/v2.9.0/zephyr/subsys/bluetooth/host/conn.c:4072:5:bt_conn_auth_passkey_confirm	8	static
C:/ncs/v2.9.0/zephyr/subsys/bluetooth/host/conn.c:4089:5:bt_conn_auth_cancel	8	static
C:/ncs/v2.9.0/zephyr/subsys/bluetooth/host/conn.c:4106:5:bt_conn_auth_pairing_confirm	8	static
C:/ncs/v2.9.0/zephyr/subsys/bluetooth/host/conn.c:4124:17:bt_conn_lookup_index	8	static
C:/ncs/v2.9.0/zephyr/subsys/bluetooth/host/conn.c:4133:5:bt_conn_init	8	static
