C:/ncs/v2.9.0/zephyr/include/zephyr/sys/byteorder.h:710:20:sys_mem_swap	4	static
C:/ncs/v2.9.0/zephyr/include/zephyr/logging/log_msg.h:705:20:z_log_msg_runtime_create	32	static
C:/ncs/v2.9.0/zephyr/subsys/bluetooth/host/crypto_tc.c:35:12:prng_reseed	72	static
C:/ncs/v2.9.0/zephyr/include/zephyr/sys/byteorder.h:684:20:sys_memcpy_swap	8	static
C:/ncs/v2.9.0/zephyr/subsys/bluetooth/host/crypto_tc.c:58:5:prng_init	32	static
C:/ncs/v2.9.0/zephyr/subsys/bluetooth/host/crypto_tc.c:79:5:bt_rand	16	static
C:/ncs/v2.9.0/zephyr/subsys/bluetooth/host/crypto_tc.c:114:5:bt_encrypt_le	208	static
C:/ncs/v2.9.0/zephyr/subsys/bluetooth/host/crypto_tc.c:146:5:bt_encrypt_be	192	static
