C:/ncs/v2.9.0/zephyr/include/zephyr/sys/slist.h:365:1:sys_slist_insert	0	static
C:/ncs/v2.9.0/zephyr/include/zephyr/sys/slist.h:408:1:sys_slist_remove	0	static
C:/ncs/v2.9.0/zephyr/include/zephyr/sys/slist.h:450:1:sys_slist_find_and_remove	8	static
C:/ncs/v2.9.0/zephyr/include/zephyr/sys/byteorder.h:710:20:sys_mem_swap	4	static
C:/ncs/v2.9.0/zephyr/subsys/bluetooth/host/gatt.c:413:13:update_range	4	static
C:/ncs/v2.9.0/zephyr/subsys/bluetooth/host/gatt.c:636:13:cf_set_value	8	static
C:/ncs/v2.9.0/zephyr/subsys/bluetooth/host/gatt.c:1135:13:is_host_managed_ccc	0	static
C:/ncs/v2.9.0/zephyr/subsys/bluetooth/host/gatt.c:1241:16:found_attr	0	static
C:/ncs/v2.9.0/zephyr/subsys/bluetooth/host/gatt.c:1260:13:gatt_insert	8	static
C:/ncs/v2.9.0/zephyr/subsys/bluetooth/host/gatt.c:1403:13:clear_ccc_cfg	0	static
C:/ncs/v2.9.0/zephyr/subsys/bluetooth/host/gatt.c:2117:16:find_next	0	static
C:/ncs/v2.9.0/zephyr/subsys/bluetooth/host/gatt.c:2176:13:gatt_ccc_changed	8	static
C:/ncs/v2.9.0/zephyr/subsys/bluetooth/host/gatt.c:2561:16:att_err_from_int	0	static
C:/ncs/v2.9.0/zephyr/subsys/bluetooth/host/gatt.c:2573:13:gatt_indicate_rsp	16	static
C:/ncs/v2.9.0/zephyr/subsys/bluetooth/host/gatt.c:2842:16:match_uuid	0	static
C:/ncs/v2.9.0/zephyr/subsys/bluetooth/host/gatt.c:3512:13:gatt_sub_is_empty	0	static
C:/ncs/v2.9.0/zephyr/subsys/bluetooth/host/gatt.c:3606:13:check_subscribe_security_level	0	static
C:/ncs/v2.9.0/zephyr/subsys/bluetooth/host/gatt.c:3728:13:gatt_mtu_rsp	16	static
C:/ncs/v2.9.0/zephyr/subsys/bluetooth/host/gatt.c:4872:13:gatt_read_mult_rsp	24	static
C:/ncs/v2.9.0/zephyr/subsys/bluetooth/host/gatt.c:5039:13:gatt_write_rsp	16	static
C:/ncs/v2.9.0/zephyr/subsys/bluetooth/host/gatt.c:5857:12:ccc_set_cb	0	static
C:/ncs/v2.9.0/zephyr/subsys/bluetooth/host/gatt.c:3690:13:gatt_sub_update	0	static
C:/ncs/v2.9.0/zephyr/subsys/bluetooth/host/gatt.c:113:16:write_name	40	static
C:/ncs/v2.9.0/zephyr/include/zephyr/logging/log_msg.h:705:20:z_log_msg_runtime_create	32	static
C:/ncs/v2.9.0/zephyr/subsys/bluetooth/host/gatt.c:766:12:db_hash_update	24	static
C:/ncs/v2.9.0/zephyr/subsys/bluetooth/host/gatt.c:822:16:gen_hash_m	56	static
C:/ncs/v2.9.0/zephyr/subsys/bluetooth/host/gatt.c:4364:17:parse_service	104	static
C:/ncs/v2.9.0/zephyr/subsys/bluetooth/host/gatt.c:4185:17:parse_read_std_char_desc	80	static
C:/ncs/v2.9.0/zephyr/subsys/bluetooth/host/gatt.c:6320:12:db_hash_set	24	static
C:/ncs/v2.9.0/zephyr/subsys/bluetooth/host/gatt.c:757:12:db_hash_setup	24	static
C:/ncs/v2.9.0/zephyr/subsys/bluetooth/host/gatt.c:775:12:db_hash_finish	24	static
C:/ncs/v2.9.0/zephyr/subsys/bluetooth/host/gatt.c:6045:28:find_cf_cfg_by_addr	16	static
C:/ncs/v2.9.0/zephyr/subsys/bluetooth/host/gatt.c:1426:24:gatt_delayed_store_find	24	static
C:/ncs/v2.9.0/zephyr/subsys/bluetooth/host/gatt.c:324:28:find_sc_cfg	16	static
C:/ncs/v2.9.0/zephyr/subsys/bluetooth/host/gatt.c:1150:16:convert_to_id_on_match	24	static
C:/ncs/v2.9.0/zephyr/subsys/bluetooth/host/gatt.c:3575:25:gatt_sub_find_by_addr	24	static
C:/ncs/v2.9.0/zephyr/subsys/bluetooth/host/gatt.c:5693:32:ccc_find_cfg	24	static
C:/ncs/v2.9.0/zephyr/subsys/bluetooth/host/gatt.c:5718:13:ccc_clear	8	static
C:/ncs/v2.9.0/zephyr/subsys/bluetooth/host/gatt.c:5733:16:ccc_load	16	static
C:/ncs/v2.9.0/zephyr/subsys/bluetooth/host/gatt.c:6070:16:ccc_save	32	static
C:/ncs/v2.9.0/zephyr/subsys/bluetooth/host/gatt.c:6410:25:find_gatt_sub	24	static
C:/ncs/v2.9.0/zephyr/include/zephyr/sys/atomic.h:170:20:atomic_test_and_set_bit	0	static
C:/ncs/v2.9.0/zephyr/include/zephyr/sys/atomic.h:209:20:atomic_set_bit	0	static
C:/ncs/v2.9.0/zephyr/include/zephyr/sys/atomic.h:147:20:atomic_test_and_clear_bit	4	static
C:/ncs/v2.9.0/zephyr/subsys/bluetooth/host/gatt.c:550:13:set_change_aware_no_store	8	static
C:/ncs/v2.9.0/zephyr/subsys/bluetooth/host/gatt.c:898:13:db_hash_store	24	static
C:/ncs/v2.9.0/zephyr/subsys/bluetooth/host/gatt.c:602:28:find_cf_cfg	16	static
C:/ncs/v2.9.0/zephyr/subsys/bluetooth/host/gatt.c:2137:32:find_ccc_cfg	24	static
C:/ncs/v2.9.0/zephyr/subsys/bluetooth/host/gatt.c:3542:25:gatt_sub_find	16	static
C:/ncs/v2.9.0/zephyr/subsys/bluetooth/host/gatt.c:3559:25:gatt_sub_add	8	static
C:/ncs/v2.9.0/zephyr/subsys/bluetooth/host/gatt.c:3589:25:gatt_sub_add_by_addr	16	static
C:/ncs/v2.9.0/zephyr/include/zephyr/sys/atomic.h:127:20:atomic_test_bit	0	static
C:/ncs/v2.9.0/zephyr/subsys/bluetooth/host/gatt.c:1090:12:bt_gatt_store_cf	40	static
C:/ncs/v2.9.0/zephyr/subsys/bluetooth/host/gatt.c:580:13:set_all_change_unaware	16	static
C:/ncs/v2.9.0/zephyr/subsys/bluetooth/host/gatt.c:1454:24:gatt_delayed_store_alloc	8	static
C:/ncs/v2.9.0/zephyr/subsys/bluetooth/host/gatt.c:1534:13:bt_gatt_service_init	8	static
C:/ncs/v2.9.0/zephyr/subsys/bluetooth/host/gatt.c:3519:13:gatt_sub_free	8	static
C:/ncs/v2.9.0/zephyr/subsys/bluetooth/host/gatt.c:3525:13:gatt_sub_remove	24	static
C:/ncs/v2.9.0/zephyr/subsys/bluetooth/host/gatt.c:5292:13:gatt_write_ccc_rsp	24	static
C:/ncs/v2.9.0/zephyr/subsys/bluetooth/host/gatt.c:6424:13:bt_gatt_clear_subscriptions	16	static
C:/ncs/v2.9.0/zephyr/subsys/bluetooth/host/gatt.c:3700:13:remove_subscriptions	32	static
C:/ncs/v2.9.0/zephyr/subsys/bluetooth/host/gatt.c:1477:13:gatt_delayed_store_enqueue	24	static
C:/ncs/v2.9.0/zephyr/subsys/bluetooth/host/gatt.c:565:13:set_change_aware	8	static
C:/ncs/v2.9.0/zephyr/subsys/bluetooth/host/gatt.c:663:16:cf_write	40	static
C:/ncs/v2.9.0/zephyr/subsys/bluetooth/host/gatt.c:2198:9:bt_gatt_attr_write_ccc	48	static
C:/ncs/v2.9.0/zephyr/subsys/bluetooth/host/gatt.c:1604:13:sc_indicate	8	static
C:/ncs/v2.9.0/zephyr/subsys/bluetooth/host/gatt.c:6215:12:sc_commit	8	static
C:/ncs/v2.9.0/zephyr/subsys/bluetooth/host/gatt.c:338:13:sc_store	24	static
C:/ncs/v2.9.0/zephyr/subsys/bluetooth/host/gatt.c:436:13:sc_save	40	static
C:/ncs/v2.9.0/zephyr/subsys/bluetooth/host/gatt.c:352:13:clear_sc_cfg	0	static
C:/ncs/v2.9.0/zephyr/subsys/bluetooth/host/gatt.c:357:12:bt_gatt_clear_sc	24	static
C:/ncs/v2.9.0/zephyr/subsys/bluetooth/host/gatt.c:383:13:sc_clear	32	static
C:/ncs/v2.9.0/zephyr/subsys/bluetooth/host/gatt.c:473:16:sc_ccc_cfg_write	8	static
C:/ncs/v2.9.0/zephyr/subsys/bluetooth/host/gatt.c:402:13:sc_reset	8	static
C:/ncs/v2.9.0/zephyr/subsys/bluetooth/host/gatt.c:6353:16:remove_peer_from_attr	16	static
C:/ncs/v2.9.0/zephyr/subsys/bluetooth/host/gatt.c:1444:13:gatt_delayed_store_free	0	static
C:/ncs/v2.9.0/zephyr/subsys/bluetooth/host/gatt.c:531:13:clear_cf_cfg	0	static
C:/ncs/v2.9.0/zephyr/subsys/bluetooth/host/gatt.c:1049:13:remove_cf_cfg	16	static
C:/ncs/v2.9.0/zephyr/subsys/bluetooth/host/gatt.c:1334:13:sc_indicate_rsp	8	static
C:/ncs/v2.9.0/zephyr/subsys/bluetooth/host/gatt.c:3240:13:sc_restore_rsp	16	static
C:/ncs/v2.9.0/zephyr/subsys/bluetooth/host/gatt.c:1868:16:get_service_handles	24	static
C:/ncs/v2.9.0/zephyr/subsys/bluetooth/host/gatt.c:2001:16:gatt_foreach_iter	16	static
C:/ncs/v2.9.0/zephyr/subsys/bluetooth/host/gatt.c:2041:13:foreach_attr_type_dyndb	64	static
C:/ncs/v2.9.0/zephyr/subsys/bluetooth/host/gatt.c:4097:17:parse_characteristic	104	static
C:/ncs/v2.9.0/zephyr/subsys/bluetooth/host/gatt.c:1637:13:db_changed	16	static
C:/ncs/v2.9.0/zephyr/subsys/bluetooth/host/gatt.c:3379:16:disconnected_cb	48	static
C:/ncs/v2.9.0/zephyr/subsys/bluetooth/host/gatt.c:2588:27:gatt_req_alloc	24	static
C:/ncs/v2.9.0/zephyr/subsys/bluetooth/host/gatt.c:2613:12:gatt_req_send	40	static
C:/ncs/v2.9.0/zephyr/subsys/bluetooth/host/gatt.c:3901:12:gatt_find_type	24	static
C:/ncs/v2.9.0/zephyr/subsys/bluetooth/host/gatt.c:4497:12:gatt_read_group	24	static
C:/ncs/v2.9.0/zephyr/subsys/bluetooth/host/gatt.c:4354:12:gatt_read_type	24	static
C:/ncs/v2.9.0/zephyr/subsys/bluetooth/host/gatt.c:3987:12:read_included_uuid	24	static
C:/ncs/v2.9.0/zephyr/subsys/bluetooth/host/gatt.c:3997:17:parse_include	104	static
C:/ncs/v2.9.0/zephyr/subsys/bluetooth/host/gatt.c:4644:12:gatt_find_info	24	static
C:/ncs/v2.9.0/zephyr/subsys/bluetooth/host/gatt.c:4859:12:gatt_read_uuid	24	static
C:/ncs/v2.9.0/zephyr/subsys/bluetooth/host/gatt.c:4976:12:gatt_read_mult_vl	24	static
C:/ncs/v2.9.0/zephyr/subsys/bluetooth/host/gatt.c:4903:12:gatt_read_mult	24	static
C:/ncs/v2.9.0/zephyr/subsys/bluetooth/host/gatt.c:4829:12:gatt_read_blob	24	static
C:/ncs/v2.9.0/zephyr/subsys/bluetooth/host/gatt.c:5131:12:gatt_cancel_all_writes	24	static
C:/ncs/v2.9.0/zephyr/subsys/bluetooth/host/gatt.c:5110:12:gatt_exec_write	24	static
C:/ncs/v2.9.0/zephyr/subsys/bluetooth/host/gatt.c:5349:12:gatt_write_ccc	24	static
C:/ncs/v2.9.0/zephyr/subsys/bluetooth/host/gatt.c:3736:12:gatt_exchange_mtu_encode	8	static
C:/ncs/v2.9.0/zephyr/subsys/bluetooth/host/gatt.c:3975:12:read_included_uuid_encode	8	static
C:/ncs/v2.9.0/zephyr/subsys/bluetooth/host/gatt.c:4631:12:gatt_find_info_encode	8	static
C:/ncs/v2.9.0/zephyr/subsys/bluetooth/host/gatt.c:4996:12:gatt_read_encode	8	static
C:/ncs/v2.9.0/zephyr/subsys/bluetooth/host/gatt.c:4816:12:gatt_read_blob_encode	8	static
C:/ncs/v2.9.0/zephyr/subsys/bluetooth/host/gatt.c:5121:12:gatt_cancel_encode	8	static
C:/ncs/v2.9.0/zephyr/subsys/bluetooth/host/gatt.c:5100:12:gatt_exec_encode	8	static
C:/ncs/v2.9.0/zephyr/subsys/bluetooth/host/gatt.c:5232:12:gatt_prepare_write	32	static
C:/ncs/v2.9.0/zephyr/subsys/bluetooth/host/gatt.c:4923:13:gatt_read_mult_vl_rsp	48	static
C:/ncs/v2.9.0/zephyr/subsys/bluetooth/host/gatt.c:4478:12:gatt_read_group_encode	16	static
C:/ncs/v2.9.0/zephyr/subsys/bluetooth/host/gatt.c:4328:12:gatt_read_type_encode	16	static
C:/ncs/v2.9.0/zephyr/subsys/bluetooth/host/gatt.c:4963:12:gatt_read_mult_vl_encode	16	static
C:/ncs/v2.9.0/zephyr/subsys/bluetooth/host/gatt.c:4890:12:gatt_read_mult_encode	16	static
C:/ncs/v2.9.0/zephyr/subsys/bluetooth/host/gatt.c:5335:12:gatt_write_ccc_buf	16	static
C:/ncs/v2.9.0/zephyr/subsys/bluetooth/host/gatt.c:3867:12:gatt_find_type_encode	16	static
C:/ncs/v2.9.0/zephyr/subsys/bluetooth/host/gatt.c:4840:12:gatt_read_uuid_encode	16	static
C:/ncs/v2.9.0/zephyr/subsys/bluetooth/host/gatt.c:5249:12:gatt_write_encode	32	static
C:/ncs/v2.9.0/zephyr/subsys/bluetooth/host/gatt.c:5211:12:gatt_prepare_write_encode	32	static
C:/ncs/v2.9.0/zephyr/subsys/bluetooth/host/gatt.c:6146:12:sc_set	56	static
C:/ncs/v2.9.0/zephyr/subsys/bluetooth/host/gatt.c:6232:12:cf_set	64	static
C:/ncs/v2.9.0/zephyr/subsys/bluetooth/host/gatt.c:6392:12:bt_gatt_clear_cf	16	static
C:/ncs/v2.9.0/zephyr/subsys/bluetooth/host/gatt.c:1545:6:bt_gatt_init	8	static
C:/ncs/v2.9.0/zephyr/subsys/bluetooth/host/gatt.c:1631:6:bt_gatt_cb_register	0	static
C:/ncs/v2.9.0/zephyr/subsys/bluetooth/host/gatt.c:1807:6:bt_gatt_service_is_registered	8	static
C:/ncs/v2.9.0/zephyr/subsys/bluetooth/host/gatt.c:1826:9:bt_gatt_attr_read	8	static
C:/ncs/v2.9.0/zephyr/subsys/bluetooth/host/gatt.c:136:16:read_appearance	48	static
C:/ncs/v2.9.0/zephyr/subsys/bluetooth/host/gatt.c:102:16:read_name	40	static
C:/ncs/v2.9.0/zephyr/subsys/bluetooth/host/gatt.c:621:16:cf_read	48	static
C:/ncs/v2.9.0/zephyr/subsys/bluetooth/host/gatt.c:1845:9:bt_gatt_attr_read_service	40	static
C:/ncs/v2.9.0/zephyr/subsys/bluetooth/host/gatt.c:2156:9:bt_gatt_attr_read_ccc	48	static
C:/ncs/v2.9.0/zephyr/subsys/bluetooth/host/gatt.c:1884:10:bt_gatt_attr_get_handle	16	static
C:/ncs/v2.9.0/zephyr/subsys/bluetooth/host/gatt.c:1953:10:bt_gatt_attr_value_handle	16	static
C:/ncs/v2.9.0/zephyr/subsys/bluetooth/host/gatt.c:1970:9:bt_gatt_attr_read_chrc	64	static
C:/ncs/v2.9.0/zephyr/subsys/bluetooth/host/gatt.c:2078:6:bt_gatt_foreach_attr_type	72	static
C:/ncs/v2.9.0/zephyr/subsys/bluetooth/host/gatt.c:912:13:db_hash_gen	312	static
C:/ncs/v2.9.0/zephyr/subsys/bluetooth/host/gatt.c:1014:16:db_hash_read	40	static
C:/ncs/v2.9.0/zephyr/subsys/bluetooth/host/gatt.c:943:13:do_db_hash	8	static
C:/ncs/v2.9.0/zephyr/subsys/bluetooth/host/gatt.c:1009:13:db_hash_process	8	static
C:/ncs/v2.9.0/zephyr/subsys/bluetooth/host/gatt.c:6336:12:db_hash_commit	8	static
C:/ncs/v2.9.0/zephyr/subsys/bluetooth/host/gatt.c:1251:35:find_attr	32	static
C:/ncs/v2.9.0/zephyr/subsys/bluetooth/host/gatt.c:1284:12:gatt_register	40	static
C:/ncs/v2.9.0/zephyr/subsys/bluetooth/host/gatt.c:1729:5:bt_gatt_service_register	40	static
C:/ncs/v2.9.0/zephyr/subsys/bluetooth/host/gatt.c:1914:9:bt_gatt_attr_read_included	56	static
C:/ncs/v2.9.0/zephyr/subsys/bluetooth/host/gatt.c:5791:12:ccc_set	264	static
C:/ncs/v2.9.0/zephyr/subsys/bluetooth/host/gatt.c:5870:12:ccc_set_direct	40	static
C:/ncs/v2.9.0/zephyr/subsys/bluetooth/host/gatt.c:6375:12:bt_gatt_clear_ccc	40	static
C:/ncs/v2.9.0/zephyr/subsys/bluetooth/host/gatt.c:2853:13:gatt_find_by_uuid	24	static
C:/ncs/v2.9.0/zephyr/subsys/bluetooth/host/gatt.c:2127:22:bt_gatt_attr_next	32	static
C:/ncs/v2.9.0/zephyr/subsys/bluetooth/host/gatt.c:2280:9:bt_gatt_attr_read_cep	32	static
C:/ncs/v2.9.0/zephyr/subsys/bluetooth/host/gatt.c:2291:9:bt_gatt_attr_read_cud	40	static
C:/ncs/v2.9.0/zephyr/subsys/bluetooth/host/gatt.c:2309:9:bt_gatt_attr_read_cpf	32	static
C:/ncs/v2.9.0/zephyr/subsys/bluetooth/host/gatt.c:2864:22:bt_gatt_find_by_uuid	40	static
C:/ncs/v2.9.0/zephyr/subsys/bluetooth/host/gatt.c:3163:10:bt_gatt_get_mtu	8	static
C:/ncs/v2.9.0/zephyr/subsys/bluetooth/host/gatt.c:3168:10:bt_gatt_get_uatt_mtu	8	static
C:/ncs/v2.9.0/zephyr/subsys/bluetooth/host/gatt.c:3173:9:bt_gatt_check_perm	16	static
C:/ncs/v2.9.0/zephyr/subsys/bluetooth/host/gatt.c:3449:6:bt_gatt_is_subscribed	56	static
C:/ncs/v2.9.0/zephyr/subsys/bluetooth/host/gatt.c:2657:12:gatt_indicate	48	static
C:/ncs/v2.9.0/zephyr/subsys/bluetooth/host/gatt.c:3104:5:bt_gatt_indicate	64	static
C:/ncs/v2.9.0/zephyr/subsys/bluetooth/host/gatt.c:1368:13:sc_process	24	static
C:/ncs/v2.9.0/zephyr/subsys/bluetooth/host/gatt.c:3278:13:sc_restore	32	static
C:/ncs/v2.9.0/zephyr/subsys/bluetooth/host/gatt.c:3316:16:update_ccc	48	static
C:/ncs/v2.9.0/zephyr/subsys/bluetooth/host/gatt.c:2494:12:gatt_notify	48	static
C:/ncs/v2.9.0/zephyr/subsys/bluetooth/host/gatt.c:2879:5:bt_gatt_notify_cb	64	static
C:/ncs/v2.9.0/zephyr/subsys/bluetooth/host/gatt.c:2736:16:notify_cb	48	static
C:/ncs/v2.9.0/zephyr/subsys/bluetooth/host/gatt.c:3752:5:bt_gatt_exchange_mtu	32	static
C:/ncs/v2.9.0/zephyr/subsys/bluetooth/host/gatt.c:4655:5:bt_gatt_discover	64	static
C:/ncs/v2.9.0/zephyr/subsys/bluetooth/host/gatt.c:3780:13:gatt_discover_next	16	static
C:/ncs/v2.9.0/zephyr/subsys/bluetooth/host/gatt.c:3811:13:gatt_find_type_rsp	64	static
C:/ncs/v2.9.0/zephyr/subsys/bluetooth/host/gatt.c:4456:13:gatt_read_group_rsp	16	static
C:/ncs/v2.9.0/zephyr/subsys/bluetooth/host/gatt.c:4299:13:gatt_read_type_rsp	16	static
C:/ncs/v2.9.0/zephyr/subsys/bluetooth/host/gatt.c:3925:13:read_included_uuid_cb	88	static
C:/ncs/v2.9.0/zephyr/subsys/bluetooth/host/gatt.c:4509:13:gatt_find_info_rsp	112	static
C:/ncs/v2.9.0/zephyr/subsys/bluetooth/host/gatt.c:5397:12:gatt_ccc_discover	16	static
C:/ncs/v2.9.0/zephyr/subsys/bluetooth/host/gatt.c:5007:5:bt_gatt_read	24	static
C:/ncs/v2.9.0/zephyr/subsys/bluetooth/host/gatt.c:4708:13:parse_read_by_uuid	64	static
C:/ncs/v2.9.0/zephyr/subsys/bluetooth/host/gatt.c:4773:13:gatt_read_rsp	32	static
C:/ncs/v2.9.0/zephyr/subsys/bluetooth/host/gatt.c:5049:5:bt_gatt_write_without_response_cb	48	static
C:/ncs/v2.9.0/zephyr/subsys/bluetooth/host/gatt.c:5267:5:bt_gatt_write	32	static
C:/ncs/v2.9.0/zephyr/subsys/bluetooth/host/gatt.c:5142:13:gatt_prepare_write_rsp	48	static
C:/ncs/v2.9.0/zephyr/subsys/bluetooth/host/gatt.c:5426:5:bt_gatt_subscribe	24	static
C:/ncs/v2.9.0/zephyr/subsys/bluetooth/host/gatt.c:5368:16:gatt_ccc_discover_cb	24	static
C:/ncs/v2.9.0/zephyr/subsys/bluetooth/host/gatt.c:5500:5:bt_gatt_resubscribe	8	static
C:/ncs/v2.9.0/zephyr/subsys/bluetooth/host/gatt.c:5593:6:bt_gatt_cancel	24	static
C:/ncs/v2.9.0/zephyr/subsys/bluetooth/host/gatt.c:5528:5:bt_gatt_unsubscribe	24	static
C:/ncs/v2.9.0/zephyr/subsys/bluetooth/host/gatt.c:3615:13:call_notify_cb_and_maybe_unsubscribe	48	static
C:/ncs/v2.9.0/zephyr/subsys/bluetooth/host/gatt.c:3637:6:bt_gatt_notification	32	static
C:/ncs/v2.9.0/zephyr/subsys/bluetooth/host/gatt.c:3652:6:bt_gatt_mult_notification	64	static
C:/ncs/v2.9.0/zephyr/subsys/bluetooth/host/gatt.c:5889:6:bt_gatt_connected	80	static
C:/ncs/v2.9.0/zephyr/subsys/bluetooth/host/gatt.c:5956:6:bt_gatt_att_max_mtu_changed	24	static
C:/ncs/v2.9.0/zephyr/subsys/bluetooth/host/gatt.c:5990:6:bt_gatt_change_aware	24	static
C:/ncs/v2.9.0/zephyr/subsys/bluetooth/host/gatt.c:5967:6:bt_gatt_encrypt_change	40	static
C:/ncs/v2.9.0/zephyr/subsys/bluetooth/host/gatt.c:6104:5:bt_gatt_store_ccc	240	static
C:/ncs/v2.9.0/zephyr/subsys/bluetooth/host/gatt.c:1511:13:gatt_store_ccc_cf	24	static
C:/ncs/v2.9.0/zephyr/subsys/bluetooth/host/gatt.c:1496:13:delayed_store	16	static
C:/ncs/v2.9.0/zephyr/subsys/bluetooth/host/gatt.c:1202:13:bt_gatt_pairing_complete	16	static
C:/ncs/v2.9.0/zephyr/subsys/bluetooth/host/gatt.c:1174:13:bt_gatt_identity_resolved	48	static
C:/ncs/v2.9.0/zephyr/subsys/bluetooth/host/gatt.c:1677:13:gatt_unregister_ccc	32	static
C:/ncs/v2.9.0/zephyr/subsys/bluetooth/host/gatt.c:1712:12:gatt_unregister	16	static
C:/ncs/v2.9.0/zephyr/subsys/bluetooth/host/gatt.c:1777:5:bt_gatt_service_unregister	16	static
C:/ncs/v2.9.0/zephyr/subsys/bluetooth/host/gatt.c:6442:5:bt_gatt_clear	16	static
C:/ncs/v2.9.0/zephyr/subsys/bluetooth/host/gatt.c:6472:6:bt_gatt_disconnected	40	static
C:/ncs/v2.9.0/zephyr/subsys/bluetooth/host/gatt.c:6507:6:bt_gatt_req_set_mtu	8	static
