C:/ncs/v2.9.0/zephyr/include/zephyr/sys/byteorder.h:485:20:sys_put_le64	0	static
C:/ncs/v2.9.0/zephyr/include/zephyr/sys/byteorder.h:666:24:sys_get_le64	4	static
C:/ncs/v2.9.0/zephyr/subsys/bluetooth/host/hci_core.c:128:13:drv_quirk_no_reset	0	static
C:/ncs/v2.9.0/zephyr/subsys/bluetooth/host/hci_core.c:915:13:conn_handle_disconnected	4	static
C:/ncs/v2.9.0/zephyr/subsys/bluetooth/host/hci_core.c:929:16:conn_handle_is_disconnected	0	static
C:/ncs/v2.9.0/zephyr/subsys/bluetooth/host/hci_core.c:2100:13:update_sec_level	0	static
C:/ncs/v2.9.0/zephyr/subsys/bluetooth/host/hci_core.c:2951:23:bt_hci_evt_get_flags	0	static
C:/ncs/v2.9.0/zephyr/subsys/bluetooth/host/hci_core.c:3040:13:read_local_ver_complete	0	static
C:/ncs/v2.9.0/zephyr/subsys/bluetooth/host/hci_core.c:3053:13:read_le_features_complete	0	static
C:/ncs/v2.9.0/zephyr/subsys/bluetooth/host/hci_core.c:3158:13:read_supported_commands_complete	12	static
C:/ncs/v2.9.0/zephyr/subsys/bluetooth/host/hci_core.c:3175:13:read_local_features_complete	0	static
C:/ncs/v2.9.0/zephyr/subsys/bluetooth/host/hci_core.c:3184:13:le_read_supp_states_complete	8	static
C:/ncs/v2.9.0/zephyr/subsys/bluetooth/host/hci_core.c:3194:13:le_read_maximum_adv_data_len_complete	0	static
C:/ncs/v2.9.0/zephyr/subsys/bluetooth/host/hci_core.c:3205:13:le_read_resolving_list_size_complete	0	static
C:/ncs/v2.9.0/zephyr/include/zephyr/sys/atomic.h:127:20:atomic_test_bit	0	static
C:/ncs/v2.9.0/zephyr/subsys/bluetooth/host/hci_core.c:2363:13:hci_reset_complete	0	static
C:/ncs/v2.9.0/zephyr/subsys/bluetooth/host/hci_core.c:910:13:disconnected_handles_reset	0	static
C:/ncs/v2.9.0/zephyr/subsys/bluetooth/host/hci_core.c:3086:13:le_read_buffer_size_complete	8	static
C:/ncs/v2.9.0/zephyr/subsys/bluetooth/host/hci_core.c:3064:13:read_buffer_size_complete	8	static
C:/ncs/v2.9.0/zephyr/include/zephyr/logging/log_msg.h:705:20:z_log_msg_runtime_create	32	static
C:/ncs/v2.9.0/zephyr/subsys/bluetooth/host/hci_core.c:3107:13:read_buffer_size_v2_complete	32	static
C:/ncs/v2.9.0/zephyr/subsys/bluetooth/host/hci_core.c:660:13:hci_data_buf_overflow	24	static
C:/ncs/v2.9.0/zephyr/subsys/bluetooth/host/hci_core.c:180:12:handle_event_common	40	static
C:/ncs/v2.9.0/zephyr/subsys/bluetooth/host/hci_core.c:1577:13:enh_conn_complete_error_handle	32	static
C:/ncs/v2.9.0/zephyr/include/zephyr/sys/atomic.h:170:20:atomic_test_and_set_bit	0	static
C:/ncs/v2.9.0/zephyr/include/zephyr/net_buf.h:1469:20:net_buf_destroy	16	static
C:/ncs/v2.9.0/zephyr/include/zephyr/sys/atomic.h:228:20:atomic_set_bit_to	0	static
C:/ncs/v2.9.0/zephyr/subsys/bluetooth/host/hci_core.c:2386:13:hci_cmd_done	48	static
C:/ncs/v2.9.0/zephyr/subsys/bluetooth/host/hci_core.c:1305:13:update_conn	0	static
C:/ncs/v2.9.0/zephyr/subsys/bluetooth/host/hci_core.c:1291:13:translate_addrs	24	static
C:/ncs/v2.9.0/zephyr/subsys/bluetooth/host/hci_core.c:1142:24:find_pending_connect	8	static
C:/ncs/v2.9.0/zephyr/subsys/bluetooth/host/hci_core.c:1994:13:unpair	24	static
C:/ncs/v2.9.0/zephyr/subsys/bluetooth/host/hci_core.c:2044:13:unpair_remote	8	static
C:/ncs/v2.9.0/zephyr/subsys/bluetooth/host/hci_core.c:943:13:hci_disconn_complete_prio	16	static
C:/ncs/v2.9.0/zephyr/subsys/bluetooth/host/hci_core.c:971:13:hci_disconn_complete	32	static
C:/ncs/v2.9.0/zephyr/subsys/bluetooth/host/hci_core.c:1773:13:le_phy_update_complete	24	static
C:/ncs/v2.9.0/zephyr/subsys/bluetooth/host/hci_core.c:1727:13:le_data_len_change	24	static
C:/ncs/v2.9.0/zephyr/subsys/bluetooth/host/hci_core.c:1699:13:le_remote_feat_complete	32	static
C:/ncs/v2.9.0/zephyr/subsys/bluetooth/host/hci_core.c:555:13:hci_num_completed_packets	48	static
C:/ncs/v2.9.0/zephyr/subsys/bluetooth/host/hci_core.c:2289:13:hci_hardware_error	24	static
C:/ncs/v2.9.0/zephyr/subsys/bluetooth/host/hci_core.c:204:13:handle_event	40	static
C:/ncs/v2.9.0/zephyr/subsys/bluetooth/host/hci_core.c:2972:13:hci_event	32	static
C:/ncs/v2.9.0/zephyr/subsys/bluetooth/host/hci_core.c:2854:13:hci_le_meta_event	8	static
C:/ncs/v2.9.0/zephyr/subsys/bluetooth/host/hci_core.c:218:13:handle_vs_event	40	static
C:/ncs/v2.9.0/zephyr/subsys/bluetooth/host/hci_core.c:2655:13:hci_vendor_event	8	static
C:/ncs/v2.9.0/zephyr/subsys/bluetooth/host/hci_core.c:4079:13:rx_queue_put	24	static
C:/ncs/v2.9.0/zephyr/subsys/bluetooth/host/hci_core.c:617:13:hci_acl	40	static
C:/ncs/v2.9.0/zephyr/subsys/bluetooth/host/hci_core.c:4229:13:rx_work_handler	24	static
C:/ncs/v2.9.0/zephyr/subsys/bluetooth/host/hci_core.c:1896:13:le_conn_update_complete	40	static
C:/ncs/v2.9.0/zephyr/subsys/bluetooth/host/hci_core.c:133:6:bt_drv_quirk_no_auto_dle	0	static
C:/ncs/v2.9.0/zephyr/subsys/bluetooth/host/hci_core.c:149:6:bt_hci_cmd_state_set_init	8	static
C:/ncs/v2.9.0/zephyr/subsys/bluetooth/host/hci_core.c:232:6:bt_acl_set_ncp_sent	0	static
C:/ncs/v2.9.0/zephyr/subsys/bluetooth/host/hci_core.c:303:17:bt_hci_cmd_create	32	static
C:/ncs/v2.9.0/zephyr/subsys/bluetooth/host/hci_core.c:524:9:bt_get_phy	0	static
C:/ncs/v2.9.0/zephyr/subsys/bluetooth/host/hci_core.c:538:5:bt_get_df_cte_type	0	static
C:/ncs/v2.9.0/zephyr/subsys/bluetooth/host/hci_core.c:1799:6:bt_le_conn_params_valid	0	static
C:/ncs/v2.9.0/zephyr/subsys/bluetooth/host/hci_core.c:2051:5:bt_unpair	24	static
C:/ncs/v2.9.0/zephyr/subsys/bluetooth/host/hci_core.c:2078:22:bt_security_err_get	0	static
C:/ncs/v2.9.0/zephyr/subsys/bluetooth/host/hci_core.c:2198:13:hci_encrypt_key_refresh_complete	32	static
C:/ncs/v2.9.0/zephyr/subsys/bluetooth/host/hci_core.c:2118:13:hci_encrypt_change	40	static
C:/ncs/v2.9.0/zephyr/subsys/bluetooth/host/hci_core.c:2502:5:bt_hci_get_conn_handle	0	static
C:/ncs/v2.9.0/zephyr/subsys/bluetooth/host/hci_core.c:2513:5:bt_hci_get_adv_handle	16	static
C:/ncs/v2.9.0/zephyr/subsys/bluetooth/host/hci_core.c:3750:13:bt_hci_get_ver_str	72	static
C:/ncs/v2.9.0/zephyr/subsys/bluetooth/host/hci_core.c:4016:5:bt_send	8	static
C:/ncs/v2.9.0/zephyr/subsys/bluetooth/host/hci_core.c:4052:6:hci_event_prio	40	static
C:/ncs/v2.9.0/zephyr/subsys/bluetooth/host/hci_core.c:4093:12:bt_recv_unsafe	32	static
C:/ncs/v2.9.0/zephyr/subsys/bluetooth/host/hci_core.c:4133:5:bt_hci_recv	8	static
C:/ncs/v2.9.0/zephyr/subsys/bluetooth/host/hci_core.c:4172:6:bt_finalize_init	0	static
C:/ncs/v2.9.0/zephyr/subsys/bluetooth/host/hci_core.c:4374:5:bt_disable	32	static
C:/ncs/v2.9.0/zephyr/subsys/bluetooth/host/hci_core.c:4467:6:bt_is_ready	0	static
C:/ncs/v2.9.0/zephyr/subsys/bluetooth/host/hci_core.c:4479:5:bt_set_name	32	static
C:/ncs/v2.9.0/zephyr/subsys/bluetooth/host/hci_core.c:4509:13:bt_get_name	0	static
C:/ncs/v2.9.0/zephyr/subsys/bluetooth/host/hci_core.c:4518:10:bt_get_appearance	0	static
C:/ncs/v2.9.0/zephyr/subsys/bluetooth/host/hci_core.c:4546:6:bt_addr_le_is_bonded	8	static
C:/ncs/v2.9.0/zephyr/subsys/bluetooth/host/hci_core.c:4749:6:bt_tx_irq_raise	8	static
C:/ncs/v2.9.0/zephyr/subsys/bluetooth/host/hci_core.c:334:5:bt_hci_cmd_send	32	static
C:/ncs/v2.9.0/zephyr/subsys/bluetooth/host/hci_core.c:237:6:bt_send_one_host_num_completed_packets	16	static
C:/ncs/v2.9.0/zephyr/subsys/bluetooth/host/hci_core.c:267:6:bt_hci_host_num_completed_packets	32	static
C:/ncs/v2.9.0/zephyr/subsys/bluetooth/host/hci_core.c:2317:13:le_ltk_reply	32	static
C:/ncs/v2.9.0/zephyr/subsys/bluetooth/host/hci_core.c:2299:13:le_ltk_neg_reply	32	static
C:/ncs/v2.9.0/zephyr/subsys/bluetooth/host/hci_core.c:2336:13:le_ltk_request	48	static
C:/ncs/v2.9.0/zephyr/subsys/bluetooth/host/hci_core.c:1825:13:le_conn_param_neg_reply	32	static
C:/ncs/v2.9.0/zephyr/subsys/bluetooth/host/hci_core.c:1844:12:le_conn_param_req_reply	16	static
C:/ncs/v2.9.0/zephyr/subsys/bluetooth/host/hci_core.c:1867:13:le_conn_param_req	40	static
C:/ncs/v2.9.0/zephyr/subsys/bluetooth/host/hci_core.c:2991:13:hci_core_send_cmd	32	static
C:/ncs/v2.9.0/zephyr/subsys/bluetooth/host/hci_core.c:4718:13:process_pending_cmd	8	static
C:/ncs/v2.9.0/zephyr/subsys/bluetooth/host/hci_core.c:367:5:bt_hci_cmd_send_sync	72	static
C:/ncs/v2.9.0/zephyr/subsys/bluetooth/host/hci_core.c:1956:12:set_flow_control	24	static
C:/ncs/v2.9.0/zephyr/subsys/bluetooth/host/hci_core.c:3215:12:common_init	16	static
C:/ncs/v2.9.0/zephyr/subsys/bluetooth/host/hci_core.c:3141:12:le_set_host_feature	16	static
C:/ncs/v2.9.0/zephyr/subsys/bluetooth/host/hci_core.c:3438:12:le_init_iso	32	static
C:/ncs/v2.9.0/zephyr/subsys/bluetooth/host/hci_core.c:3276:12:le_set_event_mask	16	static
C:/ncs/v2.9.0/zephyr/subsys/bluetooth/host/hci_core.c:3486:12:le_init	32	static
C:/ncs/v2.9.0/zephyr/subsys/bluetooth/host/hci_core.c:3668:12:bt_br_init	16	static
C:/ncs/v2.9.0/zephyr/subsys/bluetooth/host/hci_core.c:3692:12:set_event_mask	8	static
C:/ncs/v2.9.0/zephyr/subsys/bluetooth/host/hci_core.c:3852:13:hci_vs_init	32	static
C:/ncs/v2.9.0/zephyr/subsys/bluetooth/host/hci_core.c:3945:12:hci_init	24	static
C:/ncs/v2.9.0/zephyr/subsys/bluetooth/host/hci_core.c:4183:12:bt_init	8	static
C:/ncs/v2.9.0/zephyr/subsys/bluetooth/host/hci_core.c:4219:13:init_work	8	static
C:/ncs/v2.9.0/zephyr/subsys/bluetooth/host/hci_core.c:4296:5:bt_enable	32	static
C:/ncs/v2.9.0/zephyr/subsys/bluetooth/host/hci_core.c:465:5:bt_hci_le_rand	24	static
C:/ncs/v2.9.0/zephyr/subsys/bluetooth/host/hci_core.c:497:5:bt_hci_le_read_max_data_len	40	static
C:/ncs/v2.9.0/zephyr/subsys/bluetooth/host/hci_core.c:890:5:bt_hci_disconnect	16	static
C:/ncs/v2.9.0/zephyr/subsys/bluetooth/host/hci_core.c:1328:6:bt_hci_le_enh_conn_complete	56	static
C:/ncs/v2.9.0/zephyr/subsys/bluetooth/host/hci_core.c:1260:13:enh_conn_complete	8	static
C:/ncs/v2.9.0/zephyr/subsys/bluetooth/host/hci_core.c:1606:13:le_enh_conn_complete	8	static
C:/ncs/v2.9.0/zephyr/subsys/bluetooth/host/hci_core.c:1664:13:le_legacy_conn_complete	40	static
C:/ncs/v2.9.0/zephyr/subsys/bluetooth/host/hci_core.c:1026:5:bt_hci_le_read_remote_features	16	static
C:/ncs/v2.9.0/zephyr/subsys/bluetooth/host/hci_core.c:1043:5:bt_hci_read_remote_version	16	static
C:/ncs/v2.9.0/zephyr/subsys/bluetooth/host/hci_core.c:1073:5:bt_le_set_data_len	24	static
C:/ncs/v2.9.0/zephyr/subsys/bluetooth/host/hci_core.c:1121:5:bt_le_set_phy	24	static
C:/ncs/v2.9.0/zephyr/subsys/bluetooth/host/hci_core.c:4559:5:bt_le_filter_accept_list_add	32	static
C:/ncs/v2.9.0/zephyr/subsys/bluetooth/host/hci_core.c:4587:5:bt_le_filter_accept_list_remove	32	static
C:/ncs/v2.9.0/zephyr/subsys/bluetooth/host/hci_core.c:4614:5:bt_le_filter_accept_list_clear	24	static
C:/ncs/v2.9.0/zephyr/subsys/bluetooth/host/hci_core.c:4632:5:bt_le_set_chan_map	32	static
C:/ncs/v2.9.0/zephyr/subsys/bluetooth/host/hci_core.c:4680:5:bt_configure_data_path	32	static
C:/ncs/v2.9.0/zephyr/subsys/bluetooth/host/hci_core.c:2481:13:hci_cmd_status	16	static
C:/ncs/v2.9.0/zephyr/subsys/bluetooth/host/hci_core.c:2446:13:hci_cmd_complete	40	static
C:/ncs/v2.9.0/zephyr/subsys/bluetooth/host/hci_core.c:4730:13:tx_processor	8	static
