C:/ncs/v2.9.0/zephyr/subsys/bluetooth/host/id.c:67:13:adv_id_check_func	0	static
C:/ncs/v2.9.0/zephyr/include/zephyr/sys/atomic.h:127:20:atomic_test_bit	0	static
C:/ncs/v2.9.0/zephyr/subsys/bluetooth/host/id.c:97:13:adv_is_limited_enabled	16	static
C:/ncs/v2.9.0/zephyr/subsys/bluetooth/host/id.c:916:13:bt_id_pending_keys_update_set	0	static
C:/ncs/v2.9.0/zephyr/subsys/bluetooth/host/id.c:1119:12:hci_id_del	16	static
C:/ncs/v2.9.0/zephyr/subsys/bluetooth/host/id.c:872:12:hci_id_add	24	static
C:/ncs/v2.9.0/zephyr/subsys/bluetooth/host/id.c:1112:13:keys_add_id	8	static
C:/ncs/v2.9.0/zephyr/subsys/bluetooth/host/id.c:390:12:adv_rpa_get	8	static
C:/ncs/v2.9.0/zephyr/subsys/bluetooth/host/id.c:1253:12:id_find	16	static
C:/ncs/v2.9.0/zephyr/include/zephyr/logging/log_msg.h:705:20:z_log_msg_runtime_create	32	static
C:/ncs/v2.9.0/zephyr/subsys/bluetooth/host/id.c:123:12:set_random_address	32	static
C:/ncs/v2.9.0/zephyr/subsys/bluetooth/host/id.c:823:12:le_set_privacy_mode	32	static
C:/ncs/v2.9.0/zephyr/subsys/bluetooth/host/id.c:328:13:le_rpa_timeout_submit	8	static
C:/ncs/v2.9.0/zephyr/subsys/bluetooth/host/id.c:214:13:adv_rpa_expired	16	static
C:/ncs/v2.9.0/zephyr/subsys/bluetooth/host/id.c:242:13:adv_rpa_invalidate	16	static
C:/ncs/v2.9.0/zephyr/include/zephyr/sys/atomic.h:147:20:atomic_test_and_clear_bit	4	static
C:/ncs/v2.9.0/zephyr/subsys/bluetooth/host/id.c:945:6:find_rl_conflict	48	static
C:/ncs/v2.9.0/zephyr/subsys/bluetooth/host/id.c:556:13:le_adv_rpa_timeout	16	static
C:/ncs/v2.9.0/zephyr/subsys/bluetooth/host/id.c:115:13:adv_unpause_enabled	8	static
C:/ncs/v2.9.0/zephyr/subsys/bluetooth/host/id.c:107:13:adv_pause_enabled	16	static
C:/ncs/v2.9.0/zephyr/subsys/bluetooth/host/id.c:855:12:addr_res_enable	16	static
C:/ncs/v2.9.0/zephyr/subsys/bluetooth/host/id.c:1266:12:id_create	32	static
C:/ncs/v2.9.0/zephyr/subsys/bluetooth/host/id.c:1484:13:bt_read_identity_root	32	static
C:/ncs/v2.9.0/zephyr/subsys/bluetooth/host/id.c:1591:16:vs_read_static_addr	56	static
C:/ncs/v2.9.0/zephyr/subsys/bluetooth/host/id.c:536:13:adv_pause_rpa	32	static
C:/ncs/v2.9.0/zephyr/subsys/bluetooth/host/id.c:270:13:le_rpa_invalidate	16	dynamic
C:/ncs/v2.9.0/zephyr/subsys/bluetooth/host/id.h:10:20:bt_id_rpa_is_new	8	static
C:/ncs/v2.9.0/zephyr/subsys/bluetooth/host/id.c:46:21:bt_lookup_id_addr	8	static
C:/ncs/v2.9.0/zephyr/subsys/bluetooth/host/id.c:161:5:bt_id_set_adv_random_addr	16	static
C:/ncs/v2.9.0/zephyr/subsys/bluetooth/host/id.c:338:5:bt_id_set_private_addr	16	static
C:/ncs/v2.9.0/zephyr/subsys/bluetooth/host/id.c:591:13:le_update_private_addr	24	static
C:/ncs/v2.9.0/zephyr/subsys/bluetooth/host/id.c:658:13:le_force_rpa_timeout	48	static
C:/ncs/v2.9.0/zephyr/subsys/bluetooth/host/id.c:671:13:rpa_timeout	8	static
C:/ncs/v2.9.0/zephyr/subsys/bluetooth/host/id.c:403:5:bt_id_set_adv_private_addr	40	static
C:/ncs/v2.9.0/zephyr/subsys/bluetooth/host/id.c:574:13:adv_enable_rpa	24	static
C:/ncs/v2.9.0/zephyr/subsys/bluetooth/host/id.c:703:6:bt_id_scan_random_addr_check	0	static
C:/ncs/v2.9.0/zephyr/subsys/bluetooth/host/id.c:750:6:bt_id_adv_random_addr_check	0	static
C:/ncs/v2.9.0/zephyr/subsys/bluetooth/host/id.c:817:6:bt_id_adv_limited_stopped	8	static
C:/ncs/v2.9.0/zephyr/subsys/bluetooth/host/id.c:922:6:bt_id_pending_keys_update	8	static
C:/ncs/v2.9.0/zephyr/subsys/bluetooth/host/id.c:977:17:bt_id_find_conflict	16	static
C:/ncs/v2.9.0/zephyr/subsys/bluetooth/host/id.c:988:6:bt_id_add	40	static
C:/ncs/v2.9.0/zephyr/subsys/bluetooth/host/id.c:1137:6:bt_id_del	40	static
C:/ncs/v2.9.0/zephyr/subsys/bluetooth/host/id.c:901:13:pending_id_update	8	static
C:/ncs/v2.9.0/zephyr/subsys/bluetooth/host/id.c:1241:6:bt_id_get	16	static
C:/ncs/v2.9.0/zephyr/subsys/bluetooth/host/id.c:1327:5:bt_id_create	48	static
C:/ncs/v2.9.0/zephyr/subsys/bluetooth/host/id.c:1382:5:bt_id_reset	40	static
C:/ncs/v2.9.0/zephyr/subsys/bluetooth/host/id.c:1434:5:bt_id_delete	32	static
C:/ncs/v2.9.0/zephyr/subsys/bluetooth/host/id.c:1520:9:bt_id_read_public_addr	48	static
C:/ncs/v2.9.0/zephyr/subsys/bluetooth/host/id.c:1554:5:bt_setup_public_id_addr	48	static
C:/ncs/v2.9.0/zephyr/subsys/bluetooth/host/id.c:1644:5:bt_setup_random_id_addr	64	static
C:/ncs/v2.9.0/zephyr/subsys/bluetooth/host/id.c:1844:5:bt_id_set_adv_own_addr	40	static
C:/ncs/v2.9.0/zephyr/subsys/bluetooth/host/id.c:1970:5:bt_le_oob_get_local	24	static
C:/ncs/v2.9.0/zephyr/subsys/bluetooth/host/id.c:2049:5:bt_le_ext_adv_oob_get_local	16	static
C:/ncs/v2.9.0/zephyr/subsys/bluetooth/host/id.c:2109:5:bt_le_oob_set_legacy_tk	8	static
C:/ncs/v2.9.0/zephyr/subsys/bluetooth/host/id.c:2120:5:bt_le_oob_set_sc_data	8	static
C:/ncs/v2.9.0/zephyr/subsys/bluetooth/host/id.c:2135:5:bt_le_oob_get_sc_data	8	static
C:/ncs/v2.9.0/zephyr/subsys/bluetooth/host/id.c:2152:5:bt_id_init	8	static
