C:/ncs/v2.9.0/zephyr/subsys/bluetooth/host/iso.c:158:13:iso_get_and_clear_cb	0	static
C:/ncs/v2.9.0/zephyr/subsys/bluetooth/host/iso.c:729:13:iso_has_data	0	static
C:/ncs/v2.9.0/zephyr/subsys/bluetooth/host/iso.c:796:17:iso_chan_max_data_len	0	static
C:/ncs/v2.9.0/zephyr/subsys/bluetooth/host/iso.c:1363:16:iso_server_check_security	0	static
C:/ncs/v2.9.0/zephyr/include/zephyr/logging/log_msg.h:705:20:z_log_msg_runtime_create	32	static
C:/ncs/v2.9.0/zephyr/subsys/bluetooth/host/iso.c:92:13:bt_iso_sent_cb	16	static
C:/ncs/v2.9.0/zephyr/subsys/bluetooth/host/iso.c:207:12:hci_le_setup_iso_data_path	32	static
C:/ncs/v2.9.0/zephyr/subsys/bluetooth/host/iso.c:268:12:bt_iso_setup_data_path	40	static
C:/ncs/v2.9.0/zephyr/subsys/bluetooth/host/iso.c:1341:12:hci_le_accept_cis	16	static
C:/ncs/v2.9.0/zephyr/subsys/bluetooth/host/iso.c:1318:12:hci_le_reject_cis	16	static
C:/ncs/v2.9.0/zephyr/subsys/bluetooth/host/iso.c:833:12:validate_send	16	static
C:/ncs/v2.9.0/zephyr/subsys/bluetooth/host/iso.c:1110:13:store_cis_info	16	static
C:/ncs/v2.9.0/zephyr/subsys/bluetooth/host/iso.c:170:24:iso_new	8	static
C:/ncs/v2.9.0/zephyr/subsys/bluetooth/host/iso.c:1465:24:bt_conn_add_iso	32	static
C:/ncs/v2.9.0/zephyr/subsys/bluetooth/host/iso.c:738:24:iso_data_pull	24	static
C:/ncs/v2.9.0/zephyr/subsys/bluetooth/host/iso.c:258:13:bt_iso_chan_add	8	static
C:/ncs/v2.9.0/zephyr/subsys/bluetooth/host/iso.c:108:6:hci_iso	40	static
C:/ncs/v2.9.0/zephyr/subsys/bluetooth/host/iso.c:190:17:bt_iso_create_pdu_timeout	8	static
C:/ncs/v2.9.0/zephyr/subsys/bluetooth/host/iso.c:543:6:bt_iso_chan_set_state	0	static
C:/ncs/v2.9.0/zephyr/subsys/bluetooth/host/iso.c:361:6:bt_iso_connected	32	static
C:/ncs/v2.9.0/zephyr/subsys/bluetooth/host/iso.c:1285:12:iso_accept	48	static
C:/ncs/v2.9.0/zephyr/subsys/bluetooth/host/iso.c:549:5:bt_iso_chan_get_info	8	static
C:/ncs/v2.9.0/zephyr/subsys/bluetooth/host/iso.c:572:17:bt_iso_get_rx	8	static
C:/ncs/v2.9.0/zephyr/subsys/bluetooth/host/iso.c:584:6:bt_iso_recv	48	static
C:/ncs/v2.9.0/zephyr/subsys/bluetooth/host/iso.c:816:5:conn_iso_send	32	static
C:/ncs/v2.9.0/zephyr/subsys/bluetooth/host/iso.c:885:5:bt_iso_chan_send	16	static
C:/ncs/v2.9.0/zephyr/subsys/bluetooth/host/iso.c:909:5:bt_iso_chan_send_ts	24	static
C:/ncs/v2.9.0/zephyr/subsys/bluetooth/host/iso.c:991:5:bt_iso_chan_get_tx_sync	24	static
C:/ncs/v2.9.0/zephyr/subsys/bluetooth/host/iso.c:1048:5:bt_iso_chan_disconnect	16	static
C:/ncs/v2.9.0/zephyr/subsys/bluetooth/host/iso.c:1100:6:bt_iso_cleanup_acl	8	static
C:/ncs/v2.9.0/zephyr/subsys/bluetooth/host/iso.c:412:13:bt_iso_chan_disconnected	16	static
C:/ncs/v2.9.0/zephyr/subsys/bluetooth/host/iso.c:467:6:bt_iso_disconnected	24	static
C:/ncs/v2.9.0/zephyr/subsys/bluetooth/host/iso.c:1138:6:hci_le_cis_established	40	static
C:/ncs/v2.9.0/zephyr/subsys/bluetooth/host/iso.c:1233:5:bt_iso_server_register	0	static
C:/ncs/v2.9.0/zephyr/subsys/bluetooth/host/iso.c:1269:5:bt_iso_server_unregister	0	static
C:/ncs/v2.9.0/zephyr/subsys/bluetooth/host/iso.c:1380:6:hci_le_cis_req	48	static
C:/ncs/v2.9.0/zephyr/subsys/bluetooth/host/iso.c:3345:6:bt_iso_reset	0	static
