C:/ncs/v2.9.0/zephyr/include/zephyr/sys/slist.h:408:1:sys_slist_remove	0	static
C:/ncs/v2.9.0/zephyr/include/zephyr/sys/slist.h:450:1:sys_slist_find_and_remove	8	static
C:/ncs/v2.9.0/zephyr/subsys/bluetooth/host/l2cap.c:99:16:get_ident	0	static
C:/ncs/v2.9.0/zephyr/subsys/bluetooth/host/l2cap.c:758:13:chan_has_data	0	static
C:/ncs/v2.9.0/zephyr/subsys/bluetooth/host/l2cap.c:857:17:get_pdu_len	0	static
C:/ncs/v2.9.0/zephyr/subsys/bluetooth/host/l2cap.c:868:13:chan_has_credits	0	static
C:/ncs/v2.9.0/zephyr/subsys/bluetooth/host/l2cap.c:2772:13:l2cap_connected	0	static
C:/ncs/v2.9.0/zephyr/subsys/bluetooth/host/l2cap.c:2777:13:l2cap_disconnected	0	static
C:/ncs/v2.9.0/zephyr/subsys/bluetooth/host/l2cap.c:2691:13:l2cap_chan_recv	8	static
C:/ncs/v2.9.0/zephyr/subsys/bluetooth/host/l2cap.c:707:13:cancel_data_ready	8	static
C:/ncs/v2.9.0/zephyr/subsys/bluetooth/host/l2cap.c:693:13:lower_data_ready	8	static
C:/ncs/v2.9.0/zephyr/subsys/bluetooth/host/l2cap.c:806:33:get_ready_chan	8	static
C:/ncs/v2.9.0/zephyr/include/zephyr/logging/log_msg.h:705:20:z_log_msg_runtime_create	32	static
C:/ncs/v2.9.0/zephyr/subsys/bluetooth/host/l2cap.c:2792:12:l2cap_accept	24	static
C:/ncs/v2.9.0/zephyr/subsys/bluetooth/host/l2cap.c:1039:13:le_conn_param_rsp	24	static
C:/ncs/v2.9.0/zephyr/subsys/bluetooth/host/l2cap.c:335:13:init_le_chan_private	0	static
C:/ncs/v2.9.0/zephyr/subsys/bluetooth/host/l2cap.c:680:13:raise_data_ready	8	static
C:/ncs/v2.9.0/zephyr/subsys/bluetooth/host/l2cap.c:94:6:bt_l2cap_register_ecred_cb	0	static
C:/ncs/v2.9.0/zephyr/subsys/bluetooth/host/l2cap.c:159:6:bt_l2cap_chan_remove	8	static
C:/ncs/v2.9.0/zephyr/subsys/bluetooth/host/l2cap.c:174:13:bt_l2cap_chan_state_str	0	static
C:/ncs/v2.9.0/zephyr/subsys/bluetooth/host/l2cap.c:248:6:bt_l2cap_chan_del	16	static
C:/ncs/v2.9.0/zephyr/subsys/bluetooth/host/l2cap.c:324:6:bt_l2cap_chan_add	4	static
C:/ncs/v2.9.0/zephyr/subsys/bluetooth/host/l2cap.c:352:13:l2cap_chan_add	32	static
C:/ncs/v2.9.0/zephyr/subsys/bluetooth/host/l2cap.c:392:6:bt_l2cap_connected	24	static
C:/ncs/v2.9.0/zephyr/subsys/bluetooth/host/l2cap.c:436:6:bt_l2cap_disconnected	8	static
C:/ncs/v2.9.0/zephyr/subsys/bluetooth/host/l2cap.c:650:6:bt_l2cap_security_changed	16	static
C:/ncs/v2.9.0/zephyr/subsys/bluetooth/host/l2cap.c:671:17:bt_l2cap_create_pdu_timeout	8	static
C:/ncs/v2.9.0/zephyr/subsys/bluetooth/host/l2cap.c:451:24:l2cap_create_le_sig_pdu	40	static
C:/ncs/v2.9.0/zephyr/subsys/bluetooth/host/l2cap.c:718:5:bt_l2cap_send_pdu	40	static
C:/ncs/v2.9.0/zephyr/subsys/bluetooth/host/l2cap.c:883:13:bt_test_l2cap_data_pull_spy	0	static
C:/ncs/v2.9.0/zephyr/subsys/bluetooth/host/l2cap.c:890:17:l2cap_data_pull	48	static
C:/ncs/v2.9.0/zephyr/subsys/bluetooth/host/l2cap.c:1106:23:bt_l2cap_le_lookup_tx_cid	0	static
C:/ncs/v2.9.0/zephyr/subsys/bluetooth/host/l2cap.c:832:13:l2cap_chan_sdu_sent	8	static
C:/ncs/v2.9.0/zephyr/subsys/bluetooth/host/l2cap.c:485:12:l2cap_send_sig	16	static
C:/ncs/v2.9.0/zephyr/subsys/bluetooth/host/l2cap.c:1017:13:l2cap_send_reject	32	static
C:/ncs/v2.9.0/zephyr/subsys/bluetooth/host/l2cap.c:2172:12:l2cap_recv	40	static
C:/ncs/v2.9.0/zephyr/subsys/bluetooth/host/l2cap.c:1120:23:bt_l2cap_le_lookup_rx_cid	0	static
C:/ncs/v2.9.0/zephyr/subsys/bluetooth/host/l2cap.c:2718:6:bt_l2cap_recv	40	static
C:/ncs/v2.9.0/zephyr/subsys/bluetooth/host/l2cap.c:2751:5:bt_l2cap_update_conn_param	16	static
C:/ncs/v2.9.0/zephyr/subsys/bluetooth/host/l2cap.c:2823:6:bt_l2cap_init	0	static
