C:/ncs/v2.9.0/zephyr/subsys/bluetooth/host/smp.c:299:13:le_sc_supported	0	static
C:/ncs/v2.9.0/zephyr/subsys/bluetooth/host/smp.c:447:29:security_err_get	0	static
C:/ncs/v2.9.0/zephyr/subsys/bluetooth/host/smp.c:505:16:smp_err_get	0	static
C:/ncs/v2.9.0/zephyr/subsys/bluetooth/host/smp.c:595:16:get_encryption_key_size	0	static
C:/ncs/v2.9.0/zephyr/subsys/bluetooth/host/smp.c:1689:16:hci_err_get	0	static
C:/ncs/v2.9.0/zephyr/subsys/bluetooth/host/smp.c:3295:16:smp_pairing_rsp	0	static
C:/ncs/v2.9.0/zephyr/subsys/bluetooth/host/smp.c:3620:13:le_sc_oob_data_req_check	0	static
C:/ncs/v2.9.0/zephyr/subsys/bluetooth/host/smp.c:3627:13:le_sc_oob_data_rsp_check	0	static
C:/ncs/v2.9.0/zephyr/subsys/bluetooth/host/smp.c:3634:13:le_sc_oob_config_set	16	static
C:/ncs/v2.9.0/zephyr/subsys/bluetooth/host/smp.c:4050:16:smp_signing_info	0	static
C:/ncs/v2.9.0/zephyr/subsys/bluetooth/host/smp.c:4158:16:smp_security_request	0	static
C:/ncs/v2.9.0/zephyr/subsys/bluetooth/host/smp.c:5668:13:le_sc_oob_data_check	24	static
C:/ncs/v2.9.0/zephyr/subsys/bluetooth/host/smp.c:3899:13:convert_to_id_on_match	16	static
C:/ncs/v2.9.0/zephyr/include/zephyr/logging/log_msg.h:705:20:z_log_msg_runtime_create	32	static
C:/ncs/v2.9.0/zephyr/subsys/bluetooth/host/smp.c:2745:23:smp_chan_get	24	static
C:/ncs/v2.9.0/zephyr/subsys/bluetooth/host/smp.c:6013:12:bt_smp_accept	24	static
C:/ncs/v2.9.0/zephyr/subsys/bluetooth/host/smp.c:4510:16:smp_keypress_notif	0	static
C:/ncs/v2.9.0/zephyr/include/zephyr/sys/atomic.h:127:20:atomic_test_bit	0	static
C:/ncs/v2.9.0/zephyr/subsys/bluetooth/host/smp.c:375:13:smp_keys_check	16	static
C:/ncs/v2.9.0/zephyr/subsys/bluetooth/host/smp.c:3538:23:smp_find	16	static
C:/ncs/v2.9.0/zephyr/subsys/bluetooth/host/smp.c:613:13:update_keys_check	24	static
C:/ncs/v2.9.0/zephyr/subsys/bluetooth/host/smp.c:2690:16:remote_sec_level_reachable	8	static
C:/ncs/v2.9.0/zephyr/subsys/bluetooth/host/smp.c:4544:13:is_in_pairing_procedure	8	static
C:/ncs/v2.9.0/zephyr/subsys/bluetooth/host/smp.c:314:38:latch_auth_cb	0	static
C:/ncs/v2.9.0/zephyr/subsys/bluetooth/host/smp.c:329:16:get_io_capa	8	static
C:/ncs/v2.9.0/zephyr/subsys/bluetooth/host/smp.c:2207:16:legacy_get_pair_method	16	static
C:/ncs/v2.9.0/zephyr/subsys/bluetooth/host/smp.c:411:16:get_pair_method	16	static
C:/ncs/v2.9.0/zephyr/subsys/bluetooth/host/smp.c:2726:13:sec_level_reachable	16	static
C:/ncs/v2.9.0/zephyr/subsys/bluetooth/host/smp.c:322:13:latch_bondable	0	static
C:/ncs/v2.9.0/zephyr/subsys/bluetooth/host/smp.c:2657:16:get_auth	16	static
C:/ncs/v2.9.0/zephyr/subsys/bluetooth/host/smp.c:1660:13:smp_reset	16	static
C:/ncs/v2.9.0/zephyr/subsys/bluetooth/host/smp.c:4954:12:smp_d1	8	static
C:/ncs/v2.9.0/zephyr/subsys/bluetooth/host/smp.c:1899:12:smp_c1	56	static
C:/ncs/v2.9.0/zephyr/subsys/bluetooth/host/smp.c:2189:12:smp_s1	8	static
C:/ncs/v2.9.0/zephyr/include/zephyr/sys/atomic.h:147:20:atomic_test_and_clear_bit	4	static
C:/ncs/v2.9.0/zephyr/subsys/bluetooth/host/smp.c:564:24:smp_create_pdu	16	static
C:/ncs/v2.9.0/zephyr/subsys/bluetooth/host/smp.c:1813:13:smp_send	32	static
C:/ncs/v2.9.0/zephyr/subsys/bluetooth/host/smp.c:2316:16:legacy_send_pairing_confirm	32	static
C:/ncs/v2.9.0/zephyr/subsys/bluetooth/host/smp.c:2447:16:legacy_pairing_confirm	16	static
C:/ncs/v2.9.0/zephyr/subsys/bluetooth/host/smp.c:3347:16:sc_smp_send_dhkey_check	16	static
C:/ncs/v2.9.0/zephyr/subsys/bluetooth/host/smp.c:1880:16:smp_send_pairing_random	16	static
C:/ncs/v2.9.0/zephyr/subsys/bluetooth/host/smp.c:2370:16:legacy_pairing_random	48	static
C:/ncs/v2.9.0/zephyr/subsys/bluetooth/host/smp.c:2147:16:send_pairing_rsp	16	static
C:/ncs/v2.9.0/zephyr/subsys/bluetooth/host/smp.c:3057:16:sc_send_public_key	16	static
C:/ncs/v2.9.0/zephyr/subsys/bluetooth/host/smp.c:1945:16:smp_send_pairing_confirm	32	static
C:/ncs/v2.9.0/zephyr/subsys/bluetooth/host/smp.c:3301:16:smp_pairing_confirm	32	static
C:/ncs/v2.9.0/zephyr/subsys/bluetooth/host/smp.c:3575:16:sc_smp_check_confirm	40	static
C:/ncs/v2.9.0/zephyr/subsys/bluetooth/host/smp.c:3412:16:compute_and_check_and_send_periph_dhcheck	88	static
C:/ncs/v2.9.0/zephyr/subsys/bluetooth/host/smp.c:4385:16:smp_dhkey_check	16	static
C:/ncs/v2.9.0/zephyr/subsys/bluetooth/host/smp.c:3501:16:smp_dhkey_ready	16	static
C:/ncs/v2.9.0/zephyr/subsys/bluetooth/host/smp.c:4179:16:display_passkey	16	static
C:/ncs/v2.9.0/zephyr/subsys/bluetooth/host/smp.c:658:13:update_debug_keys_check	8	static
C:/ncs/v2.9.0/zephyr/subsys/bluetooth/host/smp.c:2614:12:smp_init	16	static
C:/ncs/v2.9.0/zephyr/subsys/bluetooth/host/smp.c:2844:12:smp_send_security_req	24	static
C:/ncs/v2.9.0/zephyr/subsys/bluetooth/host/smp.c:2000:13:legacy_distribute_keys	72	static
C:/ncs/v2.9.0/zephyr/subsys/bluetooth/host/smp.c:2066:16:bt_smp_distribute_keys	32	static
C:/ncs/v2.9.0/zephyr/subsys/bluetooth/host/smp.c:3485:16:smp_dhkey_generate	24	static
C:/ncs/v2.9.0/zephyr/subsys/bluetooth/host/smp.c:4165:16:generate_dhkey	8	static
C:/ncs/v2.9.0/zephyr/subsys/bluetooth/host/smp.c:4209:16:smp_public_key_periph	32	static
C:/ncs/v2.9.0/zephyr/subsys/bluetooth/host/smp.c:4271:16:smp_public_key	32	static
C:/ncs/v2.9.0/zephyr/subsys/bluetooth/host/smp.c:2245:16:legacy_request_tk	40	static
C:/ncs/v2.9.0/zephyr/subsys/bluetooth/host/smp.c:2343:16:legacy_pairing_req	24	static
C:/ncs/v2.9.0/zephyr/subsys/bluetooth/host/smp.c:2909:16:smp_pairing_req	24	static
C:/ncs/v2.9.0/zephyr/subsys/bluetooth/host/smp.c:3831:16:smp_ident_info	32	static
C:/ncs/v2.9.0/zephyr/subsys/bluetooth/host/smp.c:2501:16:smp_encrypt_info	32	static
C:/ncs/v2.9.0/zephyr/subsys/bluetooth/host/smp.c:3854:16:smp_id_add_replace	32	static
C:/ncs/v2.9.0/zephyr/subsys/bluetooth/host/smp.c:3666:16:smp_pairing_random	48	static
C:/ncs/v2.9.0/zephyr/subsys/bluetooth/host/smp.c:4656:13:bt_smp_connected	16	static
C:/ncs/v2.9.0/zephyr/subsys/bluetooth/host/smp.c:2637:6:bt_set_bondable	0	static
C:/ncs/v2.9.0/zephyr/subsys/bluetooth/host/smp.c:2642:6:bt_get_bondable	0	static
C:/ncs/v2.9.0/zephyr/subsys/bluetooth/host/smp.c:2647:6:bt_le_oob_set_sc_flag	0	static
C:/ncs/v2.9.0/zephyr/subsys/bluetooth/host/smp.c:2652:6:bt_le_oob_set_legacy_flag	0	static
C:/ncs/v2.9.0/zephyr/subsys/bluetooth/host/smp.c:2758:6:bt_smp_request_ltk	32	static
C:/ncs/v2.9.0/zephyr/subsys/bluetooth/host/smp.c:4943:5:bt_smp_sign_verify	0	static
C:/ncs/v2.9.0/zephyr/subsys/bluetooth/host/smp.c:4948:5:bt_smp_sign	0	static
C:/ncs/v2.9.0/zephyr/subsys/bluetooth/host/smp.c:4973:5:bt_smp_irk_get	32	static
C:/ncs/v2.9.0/zephyr/subsys/bluetooth/host/smp.c:5439:5:bt_smp_auth_cb_overlay	8	static
C:/ncs/v2.9.0/zephyr/subsys/bluetooth/host/smp.c:5629:5:bt_smp_le_oob_generate_sc_data	16	static
C:/ncs/v2.9.0/zephyr/subsys/bluetooth/host/smp.c:5746:5:bt_smp_le_oob_get_sc_data	16	static
C:/ncs/v2.9.0/zephyr/subsys/bluetooth/host/smp.c:5806:5:bt_smp_auth_pairing_confirm	16	static
C:/ncs/v2.9.0/zephyr/subsys/bluetooth/host/smp.c:5876:5:bt_smp_start_security	8	static
C:/ncs/v2.9.0/zephyr/subsys/bluetooth/host/smp.c:1712:13:smp_pairing_complete	40	static
C:/ncs/v2.9.0/zephyr/subsys/bluetooth/host/smp.c:1832:12:smp_error	40	static
C:/ncs/v2.9.0/zephyr/subsys/bluetooth/host/smp.c:2470:13:legacy_user_tk_entry	8	static
C:/ncs/v2.9.0/zephyr/subsys/bluetooth/host/smp.c:2493:13:legacy_passkey_entry	8	static
C:/ncs/v2.9.0/zephyr/subsys/bluetooth/host/smp.c:5599:5:bt_smp_le_oob_set_tk	16	static
C:/ncs/v2.9.0/zephyr/subsys/bluetooth/host/smp.c:5502:5:bt_smp_auth_passkey_entry	16	static
C:/ncs/v2.9.0/zephyr/subsys/bluetooth/host/smp.c:5549:5:bt_smp_auth_passkey_confirm	16	static
C:/ncs/v2.9.0/zephyr/subsys/bluetooth/host/smp.c:5690:12:le_sc_oob_pairing_continue	40	static
C:/ncs/v2.9.0/zephyr/subsys/bluetooth/host/smp.c:5720:5:bt_smp_le_oob_set_sc_data	16	static
C:/ncs/v2.9.0/zephyr/subsys/bluetooth/host/smp.c:5773:5:bt_smp_auth_cancel	24	static
C:/ncs/v2.9.0/zephyr/subsys/bluetooth/host/smp.c:4549:12:bt_smp_recv	48	static
C:/ncs/v2.9.0/zephyr/subsys/bluetooth/host/smp.c:3549:13:bt_smp_dhkey_ready	16	static
C:/ncs/v2.9.0/zephyr/subsys/bluetooth/host/smp.c:4612:13:bt_smp_pkey_ready	32	static
C:/ncs/v2.9.0/zephyr/subsys/bluetooth/host/smp.c:3908:16:smp_ident_addr_info	48	static
C:/ncs/v2.9.0/zephyr/subsys/bluetooth/host/smp.c:2524:16:smp_central_ident	40	static
C:/ncs/v2.9.0/zephyr/subsys/bluetooth/host/smp.c:3810:16:smp_pairing_failed	40	static
C:/ncs/v2.9.0/zephyr/subsys/bluetooth/host/smp.c:4704:13:bt_smp_encrypt_change	24	static
C:/ncs/v2.9.0/zephyr/subsys/bluetooth/host/smp.c:687:13:smp_check_complete	8	static
C:/ncs/v2.9.0/zephyr/subsys/bluetooth/host/smp.c:728:13:smp_id_sent	8	static
C:/ncs/v2.9.0/zephyr/subsys/bluetooth/host/smp.c:1993:13:smp_ident_sent	8	static
C:/ncs/v2.9.0/zephyr/subsys/bluetooth/host/smp.c:4670:13:bt_smp_disconnected	16	static
C:/ncs/v2.9.0/zephyr/subsys/bluetooth/host/smp.c:1798:13:smp_timeout	32	static
C:/ncs/v2.9.0/zephyr/subsys/bluetooth/host/smp.c:5928:6:bt_smp_update_keys	40	static
C:/ncs/v2.9.0/zephyr/subsys/bluetooth/host/smp.c:6050:5:bt_smp_init	8	static
