C:/ncs/v2.9.0/zephyr/include/zephyr/logging/log_msg.h:705:20:z_log_msg_runtime_create	32	static
C:/ncs/v2.9.0/nrf/applications/nrf5340_audio/src/bluetooth/bt_rendering_and_capture/volume/bt_vol_rend.c:54:13:vcs_flags_rend_cb_handler	24	static
C:/ncs/v2.9.0/nrf/applications/nrf5340_audio/src/bluetooth/bt_rendering_and_capture/volume/bt_vol_rend.c:25:13:vcs_state_rend_cb_handler	40	static
C:/ncs/v2.9.0/nrf/applications/nrf5340_audio/src/bluetooth/bt_rendering_and_capture/volume/bt_vol_rend.c:63:5:bt_vol_rend_set	8	static
C:/ncs/v2.9.0/nrf/applications/nrf5340_audio/src/bluetooth/bt_rendering_and_capture/volume/bt_vol_rend.c:69:5:bt_vol_rend_up	8	static
C:/ncs/v2.9.0/nrf/applications/nrf5340_audio/src/bluetooth/bt_rendering_and_capture/volume/bt_vol_rend.c:74:5:bt_vol_rend_down	8	static
C:/ncs/v2.9.0/nrf/applications/nrf5340_audio/src/bluetooth/bt_rendering_and_capture/volume/bt_vol_rend.c:80:5:bt_vol_rend_mute	8	static
C:/ncs/v2.9.0/nrf/applications/nrf5340_audio/src/bluetooth/bt_rendering_and_capture/volume/bt_vol_rend.c:85:5:bt_vol_rend_unmute	8	static
C:/ncs/v2.9.0/nrf/applications/nrf5340_audio/src/bluetooth/bt_rendering_and_capture/volume/bt_vol_rend.c:90:5:bt_vol_rend_init	16	static
