C:/ncs/v2.9.0/zephyr/include/zephyr/drivers/mbox.h:336:19:mbox_register_callback_dt	8	static
C:/ncs/v2.9.0/nrf/applications/nrf5340_audio/build/nrf5340_audio/zephyr/include/generated/zephyr/syscalls/mbox.h:26:19:mbox_send	8	static
C:/ncs/v2.9.0/nrf/applications/nrf5340_audio/build/nrf5340_audio/zephyr/include/generated/zephyr/syscalls/mbox.h:74:19:mbox_set_enabled	8	static
C:/ncs/v2.9.0/zephyr/subsys/ipc/ipc_service/backends/ipc_rpmsg_static_vrings.h:149:22:shm_size	0	static
C:/ncs/v2.9.0/zephyr/subsys/ipc/ipc_service/backends/ipc_rpmsg_static_vrings.c:98:13:check_endpoints_freed	0	static
C:/ncs/v2.9.0/zephyr/subsys/ipc/ipc_service/backends/ipc_rpmsg_static_vrings.c:296:13:virtio_notify_cb	8	static
C:/ncs/v2.9.0/zephyr/subsys/ipc/ipc_service/backends/ipc_rpmsg_static_vrings.c:667:12:get_tx_buffer_size	0	static
C:/ncs/v2.9.0/zephyr/subsys/ipc/ipc_service/backends/ipc_rpmsg_static_vrings.c:757:12:drop_tx_buffer	0	static
C:/ncs/v2.9.0/zephyr/subsys/ipc/ipc_service/backends/ipc_rpmsg_static_vrings.c:740:12:release_rx_buffer	8	static
C:/ncs/v2.9.0/zephyr/subsys/ipc/ipc_service/backends/ipc_rpmsg_static_vrings.c:723:12:hold_rx_buffer	8	static
C:/ncs/v2.9.0/modules/lib/open-amp/open-amp/lib/include/openamp/rpmsg.h:538:19:rpmsg_send_nocopy	16	static
C:/ncs/v2.9.0/zephyr/subsys/ipc/ipc_service/backends/ipc_rpmsg_static_vrings.c:535:12:send_nocopy	8	static
C:/ncs/v2.9.0/zephyr/subsys/ipc/ipc_service/backends/ipc_rpmsg_static_vrings.c:674:12:get_tx_buffer	24	static
C:/ncs/v2.9.0/zephyr/subsys/ipc/ipc_service/backends/ipc_rpmsg_static_vrings.c:72:13:rpmsg_service_unbind	8	static
C:/ncs/v2.9.0/zephyr/subsys/ipc/ipc_service/backends/ipc_rpmsg_static_vrings.c:469:12:deregister_ept	8	static
C:/ncs/v2.9.0/zephyr/subsys/ipc/ipc_service/backends/ipc_rpmsg_static_vrings.c:844:12:shared_memory_prepare	0	static
C:/ncs/v2.9.0/zephyr/subsys/ipc/ipc_service/backends/ipc_rpmsg_static_vrings.c:77:30:get_ept_slot_with_name	16	static
C:/ncs/v2.9.0/zephyr/subsys/ipc/ipc_service/backends/ipc_rpmsg_static_vrings.c:93:30:get_available_ept_slot	8	static
C:/ncs/v2.9.0/zephyr/subsys/ipc/ipc_service/backends/ipc_rpmsg_static_vrings.c:124:13:get_ept	16	static
C:/ncs/v2.9.0/zephyr/subsys/ipc/ipc_service/backends/ipc_rpmsg_static_vrings.c:146:13:advertise_ept	32	static
C:/ncs/v2.9.0/zephyr/subsys/ipc/ipc_service/backends/ipc_rpmsg_static_vrings.c:374:30:register_ept_on_host	32	static
C:/ncs/v2.9.0/zephyr/subsys/ipc/ipc_service/backends/ipc_rpmsg_static_vrings.c:166:13:ns_bind_cb	32	static
C:/ncs/v2.9.0/zephyr/subsys/ipc/ipc_service/backends/ipc_rpmsg_static_vrings.c:412:30:register_ept_on_remote	16	static
C:/ncs/v2.9.0/zephyr/subsys/ipc/ipc_service/backends/ipc_rpmsg_static_vrings.c:438:12:register_ept	8	static
C:/ncs/v2.9.0/modules/lib/open-amp/open-amp/lib/include/openamp/rpmsg.h:198:19:rpmsg_send	16	static
C:/ncs/v2.9.0/zephyr/subsys/ipc/ipc_service/backends/ipc_rpmsg_static_vrings.c:501:12:send	8	static
C:/ncs/v2.9.0/zephyr/subsys/ipc/ipc_service/backends/ipc_rpmsg_static_vrings.c:209:13:bound_cb	8	static
C:/ncs/v2.9.0/zephyr/subsys/ipc/ipc_service/backends/ipc_rpmsg_static_vrings.c:218:12:ept_cb	8	static
C:/ncs/v2.9.0/zephyr/subsys/ipc/ipc_service/backends/ipc_rpmsg_static_vrings.c:354:12:mbox_deinit	16	static
C:/ncs/v2.9.0/zephyr/subsys/ipc/ipc_service/backends/ipc_rpmsg_static_vrings.c:623:12:close	24	static
C:/ncs/v2.9.0/zephyr/subsys/ipc/ipc_service/backends/ipc_rpmsg_static_vrings.h:155:28:optimal_num_desc	16	static
C:/ncs/v2.9.0/zephyr/subsys/ipc/ipc_service/backends/ipc_rpmsg_static_vrings.c:251:12:vr_shm_configure	24	static
C:/ncs/v2.9.0/zephyr/subsys/ipc/ipc_service/backends/ipc_rpmsg_static_vrings.c:316:13:mbox_callback	8	static
C:/ncs/v2.9.0/zephyr/subsys/ipc/ipc_service/backends/ipc_rpmsg_static_vrings.c:305:13:mbox_callback_process	8	static
C:/ncs/v2.9.0/zephyr/subsys/ipc/ipc_service/backends/ipc_rpmsg_static_vrings.c:324:12:mbox_init	72	static
C:/ncs/v2.9.0/zephyr/subsys/ipc/ipc_service/backends/ipc_rpmsg_static_vrings.c:561:12:open	48	static
C:/ncs/v2.9.0/zephyr/subsys/ipc/ipc_service/backends/ipc_rpmsg_static_vrings.c:778:12:backend_init	8	static
