C:/ncs/v2.9.0/nrf/applications/nrf5340_audio/build/nrf5340_audio/zephyr/include/generated/zephyr/syscalls/sdhc.h:49:19:sdhc_request	8	static
C:/ncs/v2.9.0/nrf/applications/nrf5340_audio/build/nrf5340_audio/zephyr/include/generated/zephyr/syscalls/sdhc.h:74:19:sdhc_set_io	8	static
C:/ncs/v2.9.0/nrf/applications/nrf5340_audio/build/nrf5340_audio/zephyr/include/generated/zephyr/syscalls/sdhc.h:144:19:sdhc_card_busy	8	static
C:/ncs/v2.9.0/zephyr/subsys/sd/sd_utils.h:50:19:sd_retry	16	static
C:/ncs/v2.9.0/zephyr/subsys/sd/sd_ops.c:20:5:sdmmc_read_status	48	static
C:/ncs/v2.9.0/zephyr/subsys/sd/sd_ops.c:92:20:sdmmc_decode_csd	12	static
C:/ncs/v2.9.0/zephyr/subsys/sd/sd_ops.c:185:20:sdmmc_decode_cid	0	static
C:/ncs/v2.9.0/zephyr/subsys/sd/sd_ops.c:205:12:sdmmc_spi_read_cxd	80	static
C:/ncs/v2.9.0/zephyr/include/zephyr/kernel.h:566:23:k_msleep	8	static
C:/ncs/v2.9.0/zephyr/subsys/sd/sd_ops.c:65:5:sdmmc_wait_ready	16	static
C:/ncs/v2.9.0/zephyr/subsys/sd/sd_ops.c:491:12:card_read	72	static
C:/ncs/v2.9.0/zephyr/subsys/sd/sd_ops.c:260:5:sdmmc_read_csd	64	static
C:/ncs/v2.9.0/zephyr/subsys/sd/sd_ops.c:284:5:card_read_cid	48	static
C:/ncs/v2.9.0/zephyr/subsys/sd/sd_ops.c:325:5:sdmmc_switch_voltage	56	static
C:/ncs/v2.9.0/zephyr/subsys/sd/sd_ops.c:411:5:sdmmc_request_rca	48	static
C:/ncs/v2.9.0/zephyr/subsys/sd/sd_ops.c:438:5:sdmmc_select_card	48	static
C:/ncs/v2.9.0/zephyr/subsys/sd/sd_ops.c:463:5:card_app_command	48	static
C:/ncs/v2.9.0/zephyr/subsys/sd/sd_ops.c:612:12:card_query_written	80	static
C:/ncs/v2.9.0/zephyr/subsys/sd/sd_ops.c:653:12:card_write	72	static
C:/ncs/v2.9.0/zephyr/subsys/sd/sd_ops.c:544:5:card_read_blocks	24	static
C:/ncs/v2.9.0/zephyr/subsys/sd/sd_ops.c:709:5:card_write_blocks	24	static
C:/ncs/v2.9.0/zephyr/subsys/sd/sd_ops.c:774:5:card_ioctl	24	static
