C:/ncs/v2.9.0/nrf/applications/nrf5340_audio/build/nrf5340_audio/zephyr/include/generated/zephyr/syscalls/sdhc.h:49:19:sdhc_request	8	static
C:/ncs/v2.9.0/nrf/applications/nrf5340_audio/build/nrf5340_audio/zephyr/include/generated/zephyr/syscalls/sdhc.h:74:19:sdhc_set_io	8	static
C:/ncs/v2.9.0/zephyr/subsys/sd/sdmmc.c:21:20:sdmmc_decode_scr	4	static
C:/ncs/v2.9.0/zephyr/subsys/sd/sdmmc.c:69:12:sdmmc_spi_send_ocr	48	static
C:/ncs/v2.9.0/zephyr/subsys/sd/sdmmc.c:210:12:sdmmc_set_blocklen	56	static
C:/ncs/v2.9.0/zephyr/subsys/sd/sdmmc.c:285:12:sdmmc_switch	88	static
C:/ncs/v2.9.0/zephyr/subsys/sd/sdmmc.c:363:20:sdmmc_select_bus_speed	0	static
C:/ncs/v2.9.0/zephyr/subsys/sd/sdmmc.c:458:12:sdmmc_set_bus_speed	24	static
C:/ncs/v2.9.0/zephyr/subsys/sd/sdmmc.c:63:12:sdmmc_app_command	8	static
C:/ncs/v2.9.0/zephyr/subsys/sd/sdmmc.c:156:12:sdmmc_read_scr	96	static
C:/ncs/v2.9.0/zephyr/subsys/sd/sdmmc.c:227:12:sdmmc_set_bus_width	56	static
C:/ncs/v2.9.0/zephyr/subsys/sd/sdmmc.c:576:12:sdmmc_init_hs	8	static
C:/ncs/v2.9.0/zephyr/include/zephyr/kernel.h:566:23:k_msleep	8	static
C:/ncs/v2.9.0/zephyr/subsys/sd/sdmmc.c:97:12:sdmmc_send_ocr	56	static
C:/ncs/v2.9.0/zephyr/subsys/sd/sdmmc.c:609:5:sdmmc_card_init	16	static
C:/ncs/v2.9.0/zephyr/subsys/sd/sdmmc.c:780:5:sdmmc_ioctl	8	static
C:/ncs/v2.9.0/zephyr/subsys/sd/sdmmc.c:785:5:sdmmc_read_blocks	8	static
C:/ncs/v2.9.0/zephyr/subsys/sd/sdmmc.c:791:5:sdmmc_write_blocks	8	static
