C:/ncs/v2.9.0/zephyr/arch/arm/core/cortex_m/fault.c:188:13:memory_fault_recoverable	0	static
C:/ncs/v2.9.0/zephyr/arch/arm/core/cortex_m/fault.c:690:20:z_arm_is_synchronous_svc	0	static
C:/ncs/v2.9.0/zephyr/include/zephyr/logging/log_msg.h:705:20:z_log_msg_runtime_create	32	static
C:/ncs/v2.9.0/zephyr/arch/arm/core/cortex_m/fault.c:950:32:get_esf	24	static
C:/ncs/v2.9.0/zephyr/arch/arm/core/cortex_m/fault.c:231:17:mem_manage_fault	40	static
C:/ncs/v2.9.0/zephyr/arch/arm/core/cortex_m/fault.c:390:12:bus_fault	40	static
C:/ncs/v2.9.0/zephyr/arch/arm/core/cortex_m/fault.c:552:17:usage_fault	24	static
C:/ncs/v2.9.0/zephyr/arch/arm/core/cortex_m/fault.c:765:17:hard_fault	32	static
C:/ncs/v2.9.0/zephyr/arch/arm/core/cortex_m/fault.c:664:13:debug_monitor	24	static
C:/ncs/v2.9.0/zephyr/arch/arm/core/cortex_m/fault.c:832:13:reserved_exception	32	static
C:/ncs/v2.9.0/zephyr/arch/arm/core/cortex_m/fault.c:842:17:fault_handle	8	static
C:/ncs/v2.9.0/zephyr/arch/arm/core/cortex_m/fault.c:1092:6:z_arm_fault	128	static
C:/ncs/v2.9.0/zephyr/arch/arm/core/cortex_m/fault.c:1167:6:z_arm_fault_init	0	static
