C:/ncs/v2.9.0/zephyr/arch/arm/core/cortex_m/thread.c:496:13:z_arm_prepare_switch_to_main	0	static
C:/ncs/v2.9.0/zephyr/arch/arm/core/cortex_m/thread.c:61:6:arch_new_thread	4	static
C:/ncs/v2.9.0/zephyr/arch/arm/core/cortex_m/thread.c:295:6:configure_builtin_stack_guard	0	static
C:/ncs/v2.9.0/zephyr/arch/arm/core/cortex_m/thread.c:453:5:arch_float_disable	0	static
C:/ncs/v2.9.0/zephyr/arch/arm/core/cortex_m/thread.c:485:5:arch_float_enable	0	static
C:/ncs/v2.9.0/zephyr/arch/arm/core/cortex_m/thread.c:520:6:arch_switch_to_main_thread	8	static
C:/ncs/v2.9.0/zephyr/arch/arm/core/cortex_m/thread.c:596:13:arch_irq_unlock_outlined	0	static
C:/ncs/v2.9.0/zephyr/arch/arm/core/cortex_m/thread.c:605:21:arch_irq_lock_outlined	0	static
