C:/ncs/v2.9.0/zephyr/include/zephyr/pm/device.h:716:19:pm_device_driver_init	16	static
C:/ncs/v2.9.0/modules/hal/nordic/nrfx/hal/nrf_gpio.h:1501:24:nrf_gpio_pin_present_check	0	static
C:/ncs/v2.9.0/zephyr/drivers/spi/spi_context.h:271:21:spi_context_get_next_buf	8	static
C:/ncs/v2.9.0/zephyr/drivers/spi/spi_context.h:291:6:spi_context_buffers_setup	16	static
C:/ncs/v2.9.0/zephyr/drivers/spi/spi_nrfx_spim.c:99:24:get_nrf_spim_frequency	0	static
C:/ncs/v2.9.0/zephyr/include/zephyr/drivers/gpio.h:1576:19:gpio_pin_set_raw	8	static
C:/ncs/v2.9.0/zephyr/include/zephyr/drivers/gpio.h:1616:19:gpio_pin_set	16	static
C:/ncs/v2.9.0/zephyr/drivers/spi/spi_context.h:236:20:_spi_context_cs_control	8	static
C:/ncs/v2.9.0/modules/hal/nordic/nrfx/hal/nrf_gpio.h:942:35:nrf_gpio_pin_port_decode	16	static
C:/ncs/v2.9.0/modules/hal/nordic/nrfx/hal/nrf_gpio.h:1179:24:nrf_gpio_pin_clear	16	static
C:/ncs/v2.9.0/modules/hal/nordic/nrfx/hal/nrf_gpio.h:1171:24:nrf_gpio_pin_set	16	static
C:/ncs/v2.9.0/modules/hal/nordic/nrfx/hal/nrf_gpio.h:1197:24:nrf_gpio_pin_write	8	static
C:/ncs/v2.9.0/zephyr/include/zephyr/drivers/gpio.h:965:19:z_impl_gpio_pin_configure	24	static
C:/ncs/v2.9.0/zephyr/include/zephyr/drivers/gpio.h:1028:19:gpio_pin_configure_dt	8	static
C:/ncs/v2.9.0/zephyr/drivers/spi/spi_context.h:260:20:spi_context_unlock_unconditionally	8	static
C:/ncs/v2.9.0/zephyr/drivers/spi/spi_nrfx_spim.c:551:12:spi_nrfx_release	8	static
C:/ncs/v2.9.0/zephyr/drivers/spi/spi_nrfx_spim.c:320:13:finish_transaction	16	static
C:/ncs/v2.9.0/zephyr/drivers/spi/spi_context.h:111:20:spi_context_release	8	static
C:/ncs/v2.9.0/zephyr/drivers/spi/spi_context.h:89:20:spi_context_lock	16	static
C:/ncs/v2.9.0/zephyr/include/zephyr/logging/log_msg.h:705:20:z_log_msg_runtime_create	32	static
C:/ncs/v2.9.0/zephyr/drivers/spi/spi_nrfx_spim.c:150:12:configure	80	static
C:/ncs/v2.9.0/zephyr/drivers/spi/spi_context.h:135:19:spi_context_wait_for_completion	32	static
C:/ncs/v2.9.0/zephyr/drivers/spi/spi_nrfx_spim.c:333:13:transfer_next_chunk	40	static
C:/ncs/v2.9.0/zephyr/drivers/spi/spi_nrfx_spim.c:413:13:event_handler	24	static
C:/ncs/v2.9.0/zephyr/drivers/spi/spi_nrfx_spim.c:454:12:transceive	48	static
C:/ncs/v2.9.0/zephyr/drivers/spi/spi_nrfx_spim.c:531:12:spi_nrfx_transceive	24	static
C:/ncs/v2.9.0/zephyr/drivers/spi/spi_nrfx_spim.c:778:1:irq_connect4	8	static
C:/ncs/v2.9.0/zephyr/include/zephyr/drivers/pinctrl.h:344:19:pinctrl_apply_state	16	static
C:/ncs/v2.9.0/zephyr/drivers/spi/spi_nrfx_spim.c:581:12:spim_nrfx_pm_action	16	static
C:/ncs/v2.9.0/zephyr/drivers/spi/spi_context.h:215:19:spi_context_cs_configure_all	40	static
C:/ncs/v2.9.0/zephyr/drivers/spi/spi_nrfx_spim.c:626:12:spi_nrfx_init	40	static
