C:/ncs/v2.9.0/zephyr/drivers/bluetooth/hci/ipc.c:33:13:is_hci_event_discardable	0	static
C:/ncs/v2.9.0/zephyr/include/zephyr/logging/log_msg.h:705:20:z_log_msg_runtime_create	32	static
C:/ncs/v2.9.0/zephyr/drivers/bluetooth/hci/ipc.c:69:24:bt_ipc_evt_recv	56	static
C:/ncs/v2.9.0/zephyr/drivers/bluetooth/hci/ipc.c:118:24:bt_ipc_acl_recv	56	static
C:/ncs/v2.9.0/zephyr/drivers/bluetooth/hci/ipc.c:160:24:bt_ipc_iso_recv	56	static
C:/ncs/v2.9.0/zephyr/drivers/bluetooth/hci/ipc.c:210:13:bt_ipc_rx	32	static
C:/ncs/v2.9.0/zephyr/drivers/bluetooth/hci/ipc.c:291:13:hci_ept_recv	8	static
C:/ncs/v2.9.0/zephyr/drivers/bluetooth/hci/ipc.c:283:13:hci_ept_bound	8	static
C:/ncs/v2.9.0/zephyr/drivers/bluetooth/hci/ipc.c:248:12:bt_ipc_send	32	static
C:/ncs/v2.9.0/zephyr/drivers/bluetooth/hci/ipc.c:298:12:bt_hci_transport_setup	0	static
C:/ncs/v2.9.0/zephyr/drivers/bluetooth/hci/ipc.c:310:12:bt_ipc_open	32	static
C:/ncs/v2.9.0/zephyr/drivers/bluetooth/hci/ipc.c:304:12:bt_hci_transport_teardown	0	static
C:/ncs/v2.9.0/zephyr/drivers/bluetooth/hci/ipc.c:346:12:bt_ipc_close	32	static
