C:/ncs/v2.9.0/zephyr/include/zephyr/logging/log_msg.h:705:20:z_log_msg_runtime_create	32	static
C:/ncs/v2.9.0/nrf/lib/data_fifo/data_fifo.c:19:12:msgq_slab_legal_used_elements	56	static
C:/ncs/v2.9.0/nrf/lib/data_fifo/data_fifo.c:44:5:data_fifo_pointer_first_vacant_get	8	static
C:/ncs/v2.9.0/nrf/lib/data_fifo/data_fifo.c:55:5:data_fifo_block_lock	32	static
C:/ncs/v2.9.0/nrf/lib/data_fifo/data_fifo.c:87:5:data_fifo_pointer_last_filled_get	24	static
C:/ncs/v2.9.0/nrf/lib/data_fifo/data_fifo.c:106:6:data_fifo_block_free	8	static
C:/ncs/v2.9.0/nrf/lib/data_fifo/data_fifo.c:114:5:data_fifo_num_used_get	24	static
C:/ncs/v2.9.0/nrf/lib/data_fifo/data_fifo.c:134:5:data_fifo_empty	48	static
C:/ncs/v2.9.0/nrf/lib/data_fifo/data_fifo.c:170:5:data_fifo_uninit	8	static
C:/ncs/v2.9.0/nrf/lib/data_fifo/data_fifo.c:186:5:data_fifo_init	32	static
C:/ncs/v2.9.0/nrf/lib/data_fifo/data_fifo.c:210:6:data_fifo_state	8	static
