C:/ncs/v2.9.0/zephyr/include/zephyr/logging/log_msg.h:705:20:z_log_msg_runtime_create	32	static
C:/ncs/v2.9.0/zephyr/subsys/task_wdt/task_wdt.c:54:13:schedule_next_timeout	24	static
C:/ncs/v2.9.0/zephyr/subsys/task_wdt/task_wdt.c:102:13:task_wdt_trigger	8	static
C:/ncs/v2.9.0/zephyr/subsys/task_wdt/task_wdt.c:126:5:task_wdt_init	40	static
C:/ncs/v2.9.0/zephyr/subsys/task_wdt/task_wdt.c:200:5:task_wdt_delete	16	static
C:/ncs/v2.9.0/zephyr/subsys/task_wdt/task_wdt.c:217:5:task_wdt_feed	24	static
C:/ncs/v2.9.0/zephyr/subsys/task_wdt/task_wdt.c:155:5:task_wdt_add	24	static
