C:/ncs/v2.9.0/zephyr/include/zephyr/pm/device.h:716:19:pm_device_driver_init	16	static
C:/ncs/v2.9.0/zephyr/drivers/serial/uart_nrfx_uarte.c:312:13:endtx_isr	0	static
C:/ncs/v2.9.0/zephyr/drivers/serial/uart_nrfx_uarte.c:335:13:uarte_nrfx_isr_int	8	static
C:/ncs/v2.9.0/zephyr/drivers/serial/uart_nrfx_uarte.c:522:12:uarte_nrfx_err_check	0	static
C:/ncs/v2.9.0/zephyr/drivers/serial/uart_nrfx_uarte.c:533:13:is_tx_ready	0	static
C:/ncs/v2.9.0/zephyr/drivers/serial/uart_nrfx_uarte.c:585:13:uarte_periph_enable	0	static
C:/ncs/v2.9.0/zephyr/drivers/serial/uart_nrfx_uarte.c:643:13:tx_start	0	static
C:/ncs/v2.9.0/zephyr/drivers/serial/uart_nrfx_uarte.c:1752:12:uarte_nrfx_poll_in	0	static
C:/ncs/v2.9.0/zephyr/include/zephyr/kernel.h:566:23:k_msleep	8	static
C:/ncs/v2.9.0/zephyr/drivers/serial/uart_nrfx_uarte.c:548:12:wait_tx_ready	16	static
C:/ncs/v2.9.0/zephyr/drivers/serial/uart_nrfx_uarte.c:1788:13:uarte_nrfx_poll_out	24	static
C:/ncs/v2.9.0/zephyr/include/zephyr/drivers/pinctrl.h:344:19:pinctrl_apply_state	16	static
C:/ncs/v2.9.0/zephyr/drivers/serial/uart_nrfx_uarte.c:2098:13:uarte_pm_resume	8	static
C:/ncs/v2.9.0/zephyr/drivers/serial/uart_nrfx_uarte.c:2180:12:uarte_nrfx_pm_action	8	static
C:/ncs/v2.9.0/zephyr/include/zephyr/logging/log_msg.h:705:20:z_log_msg_runtime_create	32	static
C:/ncs/v2.9.0/zephyr/drivers/serial/uart_nrfx_uarte.c:2040:12:endtx_stoptx_ppi_init	32	static
C:/ncs/v2.9.0/zephyr/drivers/serial/uart_nrfx_uarte.c:2193:12:uarte_tx_path_init	16	static
C:/ncs/v2.9.0/zephyr/drivers/serial/uart_nrfx_uarte.c:2240:12:uarte_instance_init	8	static
C:/ncs/v2.9.0/zephyr/drivers/serial/uart_nrfx_uarte.c:2434:1:uarte_0_init	8	static
